 PhysXCooking_64

 Timestamp is 6798eaa6 (Tue Jan 28 14:33:10 2025)

 Preferred load address is 0000000180000000

 Start         Length     Name                   Class
 0001:00000000 00000120H .text$di                CODE
 0001:00000120 00005d10H .text$mn                CODE
 0001:00005e30 00000040H .text$mn$00             CODE
 0001:00005e70 00000100H .text$x                 CODE
 0002:00000000 00000220H .idata$5                DATA
 0002:00000220 00000038H .00cfg                  DATA
 0002:00000258 00000008H .CRT$XCA                DATA
 0002:00000260 00000030H .CRT$XCU                DATA
 0002:00000290 00000008H .CRT$XCZ                DATA
 0002:00000298 00000008H .CRT$XIA                DATA
 0002:000002a0 00000008H .CRT$XIZ                DATA
 0002:000002a8 00000008H .CRT$XPA                DATA
 0002:000002b0 00000008H .CRT$XPZ                DATA
 0002:000002b8 00000008H .CRT$XTA                DATA
 0002:000002c0 00000010H .CRT$XTZ                DATA
 0002:000002c8 00000000H .gehcont$y              DATA
 0002:000002c8 00000000H .gfids$y                DATA
 0002:000002d0 00000e30H .rdata                  DATA
 0002:00001100 00000080H .rdata$CastGuardVftablesA DATA
 0002:00001180 00000080H .rdata$CastGuardVftablesC DATA
 0002:00001200 00000074H .rdata$r                DATA
 0002:00001274 000000d4H .rdata$voltmd           DATA
 0002:00001348 00000460H .rdata$zzzdbg           DATA
 0002:000017a8 00000008H .rtc$IAA                DATA
 0002:000017b0 00000010H .rtc$IMZ                DATA
 0002:000017c0 00000008H .rtc$IZZ                DATA
 0002:000017c8 00000008H .rtc$TAA                DATA
 0002:000017d0 00000010H .rtc$TMZ                DATA
 0002:000017e0 00000008H .rtc$TZZ                DATA
 0002:000017e8 000007fcH .xdata                  DATA
 0002:00001fe4 00000040H .didat$2                DATA
 0002:00002024 00000024H .didat$3                DATA
 0002:00002048 000000d8H .didat$4                DATA
 0002:00002120 000002a0H .didat$6                DATA
 0002:000023c0 000000e0H .didat$7                DATA
 0002:000024a0 00000af8H .edata                  DATA
 0002:00002f98 0000003cH .idata$2                DATA
 0002:00002fd4 00000014H .idata$3                DATA
 0002:00002fe8 00000220H .idata$4                DATA
 0002:00003208 00000542H .idata$6                DATA
 0003:00000000 00000058H .data                   DATA
 0003:00000058 00000090H .data$r                 DATA
 0003:000000e8 00000020H .data$rs                DATA
 0003:00000108 000000d8H .didat$5                DATA
 0003:000001e0 000006c8H .bss                    DATA
 0004:00000000 00000954H .pdata                  DATA
 0005:00000000 000000a0H .rsrc$01                DATA
 0005:000000a0 000004b0H .rsrc$02                DATA

  Address         Publics by Value              Rva+Base               Lib:Object

 0000:00000000       __AbsoluteZero             0000000000000000     <absolute>
 0000:00000000       ___safe_se_handler_count   0000000000000000     <absolute>
 0000:00000000       ___safe_se_handler_table   0000000000000000     <absolute>
 0000:00000000       __arm64x_extra_rfe_table   0000000000000000     <absolute>
 0000:00000000       __arm64x_extra_rfe_table_size 0000000000000000     <absolute>
 0000:00000000       __arm64x_native_entrypoint 0000000000000000     <absolute>
 0000:00000000       __arm64x_redirection_metadata 0000000000000000     <absolute>
 0000:00000000       __arm64x_redirection_metadata_count 0000000000000000     <absolute>
 0000:00000000       __dynamic_value_reloc_table 0000000000000000     <absolute>
 0000:00000000       __enclave_config           0000000000000000     <absolute>
 0000:00000000       __guard_check_icall_a64n_fptr 0000000000000000     <absolute>
 0000:00000000       __guard_eh_cont_count      0000000000000000     <absolute>
 0000:00000000       __guard_eh_cont_table      0000000000000000     <absolute>
 0000:00000000       __guard_fids_count         0000000000000000     <absolute>
 0000:00000000       __guard_fids_table         0000000000000000     <absolute>
 0000:00000000       __guard_iat_count          0000000000000000     <absolute>
 0000:00000000       __guard_iat_table          0000000000000000     <absolute>
 0000:00000000       __guard_longjmp_count      0000000000000000     <absolute>
 0000:00000000       __guard_longjmp_table      0000000000000000     <absolute>
 0000:00000000       __hybrid_auxiliary_delayload_iat 0000000000000000     <absolute>
 0000:00000000       __hybrid_auxiliary_delayload_iat_copy 0000000000000000     <absolute>
 0000:00000000       __hybrid_auxiliary_iat     0000000000000000     <absolute>
 0000:00000000       __hybrid_auxiliary_iat_copy 0000000000000000     <absolute>
 0000:00000000       __hybrid_code_map          0000000000000000     <absolute>
 0000:00000000       __hybrid_code_map_count    0000000000000000     <absolute>
 0000:00000000       __hybrid_image_info_bitfield 0000000000000000     <absolute>
 0000:00000000       __x64_code_ranges_to_entry_points 0000000000000000     <absolute>
 0000:00000000       __x64_code_ranges_to_entry_points_count 0000000000000000     <absolute>
 0000:00000100       __guard_flags              0000000000000100     <absolute>
 0000:00000000       __ImageBase                0000000180000000     <linker-defined>
 0001:00000120       PxGetStandaloneInsertionCallback 0000000180001120 f   Cooking.obj
 0001:00000140       PxCookBVH                  0000000180001140 f   Cooking.obj
 0001:00000170       PxCreateBVH                0000000180001170 f   Cooking.obj
 0001:000001a0       PxCookHeightField          00000001800011a0 f   Cooking.obj
 0001:000001d0       PxCreateHeightField        00000001800011d0 f   Cooking.obj
 0001:00000200       PxCookConvexMesh           0000000180001200 f   Cooking.obj
 0001:00000240       PxCreateConvexMesh         0000000180001240 f   Cooking.obj
 0001:00000280       PxValidateConvexMesh       0000000180001280 f   Cooking.obj
 0001:000002b0       PxComputeHullPolygons      00000001800012b0 f   Cooking.obj
 0001:00000330       PxValidateTriangleMesh     0000000180001330 f   Cooking.obj
 0001:00000360       PxCookTriangleMesh         0000000180001360 f   Cooking.obj
 0001:000003a0       PxCreateTriangleMesh       00000001800013a0 f   Cooking.obj
 0001:000003e0       PxCookTetrahedronMesh      00000001800013e0 f   Cooking.obj
 0001:00000420       PxCreateTetrahedronMesh    0000000180001420 f   Cooking.obj
 0001:00000460       PxCookDeformableVolumeMesh 0000000180001460 f   Cooking.obj
 0001:000004b0       PxCreateDeformableVolumeMesh 00000001800014b0 f   Cooking.obj
 0001:00000500       PxComputeModelsMapping     0000000180001500 f   Cooking.obj
 0001:00000550       PxComputeCollisionData     0000000180001550 f   Cooking.obj
 0001:00000580       PxComputeSimulationData    0000000180001580 f   Cooking.obj
 0001:000005b0       PxAssembleDeformableVolumeMesh 00000001800015b0 f   Cooking.obj
 0001:00000600       PxCreateTriangleMeshInternal 0000000180001600 f   Cooking.obj
 0001:000006a0       PxCreateBVHInternal        00000001800016a0 f   Cooking.obj
 0001:00000740       ??$?4V?$PxReflectionAllocator@USlab@NodeAllocator@Gu@physx@@@physx@@@?$PxArray@USlab@NodeAllocator@Gu@physx@@V?$PxReflectionAllocator@USlab@NodeAllocator@Gu@physx@@@4@@physx@@QEAAAEAV01@AEBV01@@Z 0000000180001740 f i Cooking.obj
 0001:000007d0       ??$PX_UNUSED@PEAI@@YAXAEBQEAI@Z 00000001800017d0 f i Cooking.obj
 0001:000007e0       ??$copy@V?$PxReflectionAllocator@USlab@NodeAllocator@Gu@physx@@@physx@@@?$PxArray@USlab@NodeAllocator@Gu@physx@@V?$PxReflectionAllocator@USlab@NodeAllocator@Gu@physx@@@4@@physx@@IEAAXAEBV01@@Z 00000001800017e0 f i Cooking.obj
 0001:000008a0       ??0?$PxArray@USlab@NodeAllocator@Gu@physx@@V?$PxReflectionAllocator@USlab@NodeAllocator@Gu@physx@@@4@@physx@@QEAA@AEBV01@AEBV?$PxReflectionAllocator@USlab@NodeAllocator@Gu@physx@@@1@@Z 00000001800018a0 f i Cooking.obj
 0001:000008e0       ??0?$PxReflectionAllocator@USlab@NodeAllocator@Gu@physx@@@physx@@QEAA@AEBV01@@Z 00000001800018e0 f i Cooking.obj
 0001:000008f0       ??0?$PxReflectionAllocator@USlab@NodeAllocator@Gu@physx@@@physx@@QEAA@PEBD@Z 00000001800018f0 f i Cooking.obj
 0001:00000900       ??0?$PxReflectionAllocator@VBV4TriangleMesh@Gu@physx@@@physx@@QEAA@PEBD@Z 0000000180001900 f i Cooking.obj
 0001:00000910       ??0?$PxReflectionAllocator@VBVH@Gu@physx@@@physx@@QEAA@PEBD@Z 0000000180001910 f i Cooking.obj
 0001:00000920       ??0?$PxVec3T@M@physx@@QEAA@XZ 0000000180001920 f i Cooking.obj
 0001:00000930       ??0AABBTreeBounds@Gu@physx@@QEAA@XZ 0000000180001930 f i Cooking.obj
 0001:00000960       ??0AABBTreeBuildNode@Gu@physx@@QEAA@AEBV012@@Z 0000000180001960 f i Cooking.obj
 0001:000009c0       ??0AABBTreeBuildNode@Gu@physx@@QEAA@XZ 00000001800019c0 f i Cooking.obj
 0001:000009e0       ??0AABBTreeBuildParams@Gu@physx@@QEAA@IIPEBVAABBTreeBounds@12@W4BVHBuildStrategy@12@@Z 00000001800019e0 f i Cooking.obj
 0001:00000a40       ??0NodeAllocator@Gu@physx@@QEAA@AEBV012@@Z 0000000180001a40 f i Cooking.obj
 0001:00000ac0       ??0PxAllocator@physx@@QEAA@PEBD@Z 0000000180001ac0 f i Cooking.obj
 0001:00000ad0       ??0PxBounds3@physx@@QEAA@AEBV01@@Z 0000000180001ad0 f i Cooking.obj
 0001:00000b40       ??0PxBounds3@physx@@QEAA@XZ 0000000180001b40 f i Cooking.obj
 0001:00000b80       ??0PxFoundation@physx@@QEAA@AEBV01@@Z 0000000180001b80 f i Cooking.obj
 0001:00000ba0       ??0PxFoundation@physx@@QEAA@XZ 0000000180001ba0 f i Cooking.obj
 0001:00000bc0       ??1AABBTreeBounds@Gu@physx@@QEAA@XZ 0000000180001bc0 f i Cooking.obj
 0001:00000be0       ??1AABBTreeBuildNode@Gu@physx@@QEAA@XZ 0000000180001be0 f i Cooking.obj
 0001:00000bf0       ??1AABBTreeBuildParams@Gu@physx@@QEAA@XZ 0000000180001bf0 f i Cooking.obj
 0001:00000c10       ??1PxFoundation@physx@@MEAA@XZ 0000000180001c10 f i Cooking.obj
 0001:00000c30       ??2@YAPEAX_KPEAX@Z         0000000180001c30 f i Cooking.obj
 0001:00000c40       ??2PxUserAllocated@physx@@SAPEAX_KPEAX@Z 0000000180001c40 f i Cooking.obj
 0001:00000c50       ??4?$PxArray@USlab@NodeAllocator@Gu@physx@@V?$PxReflectionAllocator@USlab@NodeAllocator@Gu@physx@@@4@@physx@@QEAAAEAV01@AEBV01@@Z 0000000180001c50 f i Cooking.obj
 0001:00000c80       ??4?$PxVec3T@M@physx@@QEAAAEAV01@AEBV01@@Z 0000000180001c80 f i Cooking.obj
 0001:00000cd0       ??4AABBTreeBounds@Gu@physx@@QEAAAEAV012@AEBV012@@Z 0000000180001cd0 f i Cooking.obj
 0001:00000d00       ??4AABBTreeBuildNode@Gu@physx@@QEAAAEAV012@AEBV012@@Z 0000000180001d00 f i Cooking.obj
 0001:00000d60       ??4AABBTreeBuildParams@Gu@physx@@QEAAAEAV012@AEBV012@@Z 0000000180001d60 f i Cooking.obj
 0001:00000d90       ??4NodeAllocator@Gu@physx@@QEAAAEAV012@AEBV012@@Z 0000000180001d90 f i Cooking.obj
 0001:00000e00       ??4PxBounds3@physx@@QEAAXAEBV01@@Z 0000000180001e00 f i Cooking.obj
 0001:00000e40       ??4PxFoundation@physx@@QEAAAEAV01@AEBV01@@Z 0000000180001e40 f i Cooking.obj
 0001:00000e50       ??_EPxFoundation@physx@@MEAAPEAXI@Z 0000000180001e50 f i Cooking.obj
 0001:00000ef0       ??_FAABBTreeBuildParams@Gu@physx@@QEAAXXZ 0000000180001ef0 f i Cooking.obj
 0001:00000f20       ??_GPxFoundation@physx@@MEAAPEAXI@Z 0000000180001f20 f i Cooking.obj
 0001:00000f60       ??_H@YAXPEAX_K1P6APEAX0@Z@Z 0000000180001f60 f i Cooking.obj
 0001:00000fe0       ??_I@YAXPEAX_K1P6AX0@Z@Z   0000000180001fe0 f i Cooking.obj
 0001:00001070       ?FLoad@aos@physx@@YA?AT__m128@@M@Z 0000000180002070 f i Cooking.obj
 0001:000010a0       ?PxMarkSerializedMemory@physx@@YAXPEAXI@Z 00000001800020a0 f i Cooking.obj
 0001:000010d0       ?PxMemSet@physx@@YAPEAXPEAXHI@Z 00000001800020d0 f i Cooking.obj
 0001:00001120       ?V3Load@aos@physx@@YA?AT__m128@@M@Z 0000000180002120 f i Cooking.obj
 0001:00001160       ?V4Load@aos@physx@@YA?AT__m128@@M@Z 0000000180002160 f i Cooking.obj
 0001:00001190       ?__empty_global_delete@@YAXPEAX@Z 0000000180002190 f i Cooking.obj
 0001:000011a0       ?__empty_global_delete@@YAXPEAX_K@Z 00000001800021a0 f i Cooking.obj
 0001:000011b0       ?__global_array_delete@@YAXPEAX@Z 00000001800021b0 f i Cooking.obj
 0001:000011d0       ?__global_array_delete@@YAXPEAX_K@Z 00000001800021d0 f i Cooking.obj
 0001:00001200       ?__global_delete@@YAXPEAX@Z 0000000180002200 f i Cooking.obj
 0001:00001220       ?__global_delete@@YAXPEAX_K@Z 0000000180002220 f i Cooking.obj
 0001:00001250       ?allocate@?$PxArray@USlab@NodeAllocator@Gu@physx@@V?$PxReflectionAllocator@USlab@NodeAllocator@Gu@physx@@@4@@physx@@IEAAPEAUSlab@NodeAllocator@Gu@2@IPEAI@Z 0000000180002250 f i Cooking.obj
 0001:000012c0       ?allocate@?$PxReflectionAllocator@USlab@NodeAllocator@Gu@physx@@@physx@@SAPEAX_KPEBDHPEAI@Z 00000001800022c0 f i Cooking.obj
 0001:00001340       ?allocate@?$PxReflectionAllocator@VBV4TriangleMesh@Gu@physx@@@physx@@SAPEAX_KPEBDHPEAI@Z 0000000180002340 f i Cooking.obj
 0001:000013c0       ?allocate@?$PxReflectionAllocator@VBVH@Gu@physx@@@physx@@SAPEAX_KPEBDHPEAI@Z 00000001800023c0 f i Cooking.obj
 0001:00001440       ?begin@?$PxArray@USlab@NodeAllocator@Gu@physx@@V?$PxReflectionAllocator@USlab@NodeAllocator@Gu@physx@@@4@@physx@@QEBAPEBUSlab@NodeAllocator@Gu@2@XZ 0000000180002440 f i Cooking.obj
 0001:00001450       ?capacity@?$PxArray@USlab@NodeAllocator@Gu@physx@@V?$PxReflectionAllocator@USlab@NodeAllocator@Gu@physx@@@4@@physx@@QEBAIXZ 0000000180002450 f i Cooking.obj
 0001:00001470       ?clear@?$PxArray@USlab@NodeAllocator@Gu@physx@@V?$PxReflectionAllocator@USlab@NodeAllocator@Gu@physx@@@4@@physx@@QEAAXXZ 0000000180002470 f i Cooking.obj
 0001:000014b0       ?copy@?$PxArray@USlab@NodeAllocator@Gu@physx@@V?$PxReflectionAllocator@USlab@NodeAllocator@Gu@physx@@@4@@physx@@KAXPEAUSlab@NodeAllocator@Gu@2@0PEBU3452@@Z 00000001800024b0 f i Cooking.obj
 0001:00001530       ?deallocate@?$PxArray@USlab@NodeAllocator@Gu@physx@@V?$PxReflectionAllocator@USlab@NodeAllocator@Gu@physx@@@4@@physx@@IEAAXPEAXPEAI@Z 0000000180002530 f i Cooking.obj
 0001:00001560       ?deallocate@?$PxReflectionAllocator@USlab@NodeAllocator@Gu@physx@@@physx@@SAXPEAXPEAI@Z 0000000180002560 f i Cooking.obj
 0001:000015b0       ?deallocate@PxAllocator@physx@@SAXPEAXPEAI@Z 00000001800025b0 f i Cooking.obj
 0001:00001600       ?destroy@?$PxArray@USlab@NodeAllocator@Gu@physx@@V?$PxReflectionAllocator@USlab@NodeAllocator@Gu@physx@@@4@@physx@@KAXPEAUSlab@NodeAllocator@Gu@2@0@Z 0000000180002600 f i Cooking.obj
 0001:00001630       ?empty@?$PxArray@USlab@NodeAllocator@Gu@physx@@V?$PxReflectionAllocator@USlab@NodeAllocator@Gu@physx@@@4@@physx@@QEBA_NXZ 0000000180002630 f i Cooking.obj
 0001:00001660       ?getAABB@AABBTreeBuildNode@Gu@physx@@QEBAAEBVPxBounds3@3@XZ 0000000180002660 f i Cooking.obj
 0001:00001670       ?getBounds@AABBTreeBounds@Gu@physx@@QEAAPEAVPxBounds3@3@XZ 0000000180002670 f i Cooking.obj
 0001:00001680       ?getBounds@AABBTreeBounds@Gu@physx@@QEBAPEBVPxBounds3@3@XZ 0000000180002680 f i Cooking.obj
 0001:00001690       ?getName@?$PxReflectionAllocator@USlab@NodeAllocator@Gu@physx@@@physx@@CAPEBD_N@Z 0000000180002690 f i Cooking.obj
 0001:000016c0       ?getName@?$PxReflectionAllocator@VBV4TriangleMesh@Gu@physx@@@physx@@CAPEBD_N@Z 00000001800026c0 f i Cooking.obj
 0001:000016f0       ?getName@?$PxReflectionAllocator@VBVH@Gu@physx@@@physx@@CAPEBD_N@Z 00000001800026f0 f i Cooking.obj
 0001:00001720       ?getNbPrimitives@AABBTreeBuildNode@Gu@physx@@QEBAIXZ 0000000180002720 f i Cooking.obj
 0001:00001730       ?getNbRuntimePrimitives@AABBTreeBuildNode@Gu@physx@@QEBAIXZ 0000000180002730 f i Cooking.obj
 0001:00001740       ?getNeg@AABBTreeBuildNode@Gu@physx@@QEBAPEBV123@XZ 0000000180002740 f i Cooking.obj
 0001:00001780       ?getPos@AABBTreeBuildNode@Gu@physx@@QEBAPEBV123@XZ 0000000180002780 f i Cooking.obj
 0001:00001790       ?getPrimitives@AABBTreeBuildNode@Gu@physx@@QEAAPEAIPEAI@Z 0000000180002790 f i Cooking.obj
 0001:000017b0       ?getPrimitives@AABBTreeBuildNode@Gu@physx@@QEBAPEBIPEBI@Z 00000001800027b0 f i Cooking.obj
 0001:000017d0       ?grow@?$PxArray@USlab@NodeAllocator@Gu@physx@@V?$PxReflectionAllocator@USlab@NodeAllocator@Gu@physx@@@4@@physx@@IEAAXI@Z 00000001800027d0 f i Cooking.obj
 0001:00001830       ?isInUserMemory@?$PxArray@USlab@NodeAllocator@Gu@physx@@V?$PxReflectionAllocator@USlab@NodeAllocator@Gu@physx@@@4@@physx@@QEBAIXZ 0000000180002830 f i Cooking.obj
 0001:00001850       ?isLeaf@AABBTreeBuildNode@Gu@physx@@QEBA_NXZ 0000000180002850 f i Cooking.obj
 0001:00001890       ?memSet@intrinsics@physx@@YAPEAXPEAXHI@Z 0000000180002890 f i Cooking.obj
 0001:000018c0       ?moveFrom@AABBTreeBounds@Gu@physx@@QEAAXAEAV123@@Z 00000001800028c0 f i Cooking.obj
 0001:000018f0       ?name@type_info@@QEBAPEBDXZ 00000001800028f0 f i Cooking.obj
 0001:00001920       ?ownsMemory@AABBTreeBounds@Gu@physx@@QEBA_NXZ 0000000180002920 f i Cooking.obj
 0001:00001950       ?recreate@?$PxArray@USlab@NodeAllocator@Gu@physx@@V?$PxReflectionAllocator@USlab@NodeAllocator@Gu@physx@@@4@@physx@@IEAAXI@Z 0000000180002950 f i Cooking.obj
 0001:00001a60       ?reserve@?$PxArray@USlab@NodeAllocator@Gu@physx@@V?$PxReflectionAllocator@USlab@NodeAllocator@Gu@physx@@@4@@physx@@QEAAXI@Z 0000000180002a60 f i Cooking.obj
 0001:00001a90       ?reset@AABBTreeBuildParams@Gu@physx@@QEAAXXZ 0000000180002a90 f i Cooking.obj
 0001:00001b00       ?setBounds@AABBTreeBounds@Gu@physx@@QEAAXPEAVPxBounds3@3@@Z 0000000180002b00 f i Cooking.obj
 0001:00001b30       ?setNbRunTimePrimitives@AABBTreeBuildNode@Gu@physx@@QEAAXI@Z 0000000180002b30 f i Cooking.obj
 0001:00001b50       ?size@?$PxArray@USlab@NodeAllocator@Gu@physx@@V?$PxReflectionAllocator@USlab@NodeAllocator@Gu@physx@@@4@@physx@@QEBAIXZ 0000000180002b50 f i Cooking.obj
 0001:00001b60       ?takeOwnership@AABBTreeBounds@Gu@physx@@QEAAXXZ 0000000180002b60 f i Cooking.obj
 0001:00001b80       PxSetPhysXCookingDelayLoadHook 0000000180002b80 f   WindowsCookingDelayLoadHook.obj
 0001:00001ba0       ?cookingDelayHook@@YAP6A_JXZIPEAUDelayLoadInfo@@@Z 0000000180002ba0 f   WindowsCookingDelayLoadHook.obj
 0001:00001c20       ?loadLibrary@Cm@physx@@YAPEAUHINSTANCE__@@PEBD@Z 0000000180002c20 f i WindowsCookingDelayLoadHook.obj
 0001:00001c40       ?physXCommonDliNotePreLoadLibrary@Cm@physx@@YAP6A_JXZPEBDPEBVPxDelayLoadHook@2@@Z 0000000180002c40 f i WindowsCookingDelayLoadHook.obj
 0001:00001ccb       __imp_load_getInsertionCallback 0000000180002ccb f   PhysXCommon_64:PhysXCommon_64.dll
 0001:00001cd7       getInsertionCallback       0000000180002cd7 f   PhysXCommon_64:PhysXCommon_64.dll
 0001:00001cdd       __tailMerge_physxcommon_64_dll 0000000180002cdd     PhysXCommon_64:PhysXCommon_64.dll
 0001:00001d56       __imp_load_cookBVH         0000000180002d56 f   PhysXCommon_64:PhysXCommon_64.dll
 0001:00001d62       cookBVH                    0000000180002d62 f   PhysXCommon_64:PhysXCommon_64.dll
 0001:00001d68       __imp_load_createBVH       0000000180002d68 f   PhysXCommon_64:PhysXCommon_64.dll
 0001:00001d74       createBVH                  0000000180002d74 f   PhysXCommon_64:PhysXCommon_64.dll
 0001:00001d7a       __imp_load_cookHeightField 0000000180002d7a f   PhysXCommon_64:PhysXCommon_64.dll
 0001:00001d86       cookHeightField            0000000180002d86 f   PhysXCommon_64:PhysXCommon_64.dll
 0001:00001d8c       __imp_load_createHeightField 0000000180002d8c f   PhysXCommon_64:PhysXCommon_64.dll
 0001:00001d98       createHeightField          0000000180002d98 f   PhysXCommon_64:PhysXCommon_64.dll
 0001:00001d9e       __imp_load_cookConvexMesh  0000000180002d9e f   PhysXCommon_64:PhysXCommon_64.dll
 0001:00001daa       cookConvexMesh             0000000180002daa f   PhysXCommon_64:PhysXCommon_64.dll
 0001:00001db0       __imp_load_createConvexMesh 0000000180002db0 f   PhysXCommon_64:PhysXCommon_64.dll
 0001:00001dbc       createConvexMesh           0000000180002dbc f   PhysXCommon_64:PhysXCommon_64.dll
 0001:00001dc2       __imp_load_validateConvexMesh 0000000180002dc2 f   PhysXCommon_64:PhysXCommon_64.dll
 0001:00001dce       validateConvexMesh         0000000180002dce f   PhysXCommon_64:PhysXCommon_64.dll
 0001:00001dd4       __imp_load_computeHullPolygons 0000000180002dd4 f   PhysXCommon_64:PhysXCommon_64.dll
 0001:00001de0       computeHullPolygons        0000000180002de0 f   PhysXCommon_64:PhysXCommon_64.dll
 0001:00001de6       __imp_load_validateTriangleMesh 0000000180002de6 f   PhysXCommon_64:PhysXCommon_64.dll
 0001:00001df2       validateTriangleMesh       0000000180002df2 f   PhysXCommon_64:PhysXCommon_64.dll
 0001:00001df8       __imp_load_createTriangleMesh 0000000180002df8 f   PhysXCommon_64:PhysXCommon_64.dll
 0001:00001e04       createTriangleMesh         0000000180002e04 f   PhysXCommon_64:PhysXCommon_64.dll
 0001:00001e0a       __imp_load_cookTriangleMesh 0000000180002e0a f   PhysXCommon_64:PhysXCommon_64.dll
 0001:00001e16       cookTriangleMesh           0000000180002e16 f   PhysXCommon_64:PhysXCommon_64.dll
 0001:00001e1c       __imp_load_cookTetrahedronMesh 0000000180002e1c f   PhysXCommon_64:PhysXCommon_64.dll
 0001:00001e28       cookTetrahedronMesh        0000000180002e28 f   PhysXCommon_64:PhysXCommon_64.dll
 0001:00001e2e       __imp_load_createTetrahedronMesh 0000000180002e2e f   PhysXCommon_64:PhysXCommon_64.dll
 0001:00001e3a       createTetrahedronMesh      0000000180002e3a f   PhysXCommon_64:PhysXCommon_64.dll
 0001:00001e40       __imp_load_cookDeformableVolumeMesh 0000000180002e40 f   PhysXCommon_64:PhysXCommon_64.dll
 0001:00001e4c       cookDeformableVolumeMesh   0000000180002e4c f   PhysXCommon_64:PhysXCommon_64.dll
 0001:00001e52       __imp_load_createDeformableVolumeMesh 0000000180002e52 f   PhysXCommon_64:PhysXCommon_64.dll
 0001:00001e5e       createDeformableVolumeMesh 0000000180002e5e f   PhysXCommon_64:PhysXCommon_64.dll
 0001:00001e64       __imp_load_computeModelsMapping 0000000180002e64 f   PhysXCommon_64:PhysXCommon_64.dll
 0001:00001e70       computeModelsMapping       0000000180002e70 f   PhysXCommon_64:PhysXCommon_64.dll
 0001:00001e76       __imp_load_computeCollisionData 0000000180002e76 f   PhysXCommon_64:PhysXCommon_64.dll
 0001:00001e82       computeCollisionData       0000000180002e82 f   PhysXCommon_64:PhysXCommon_64.dll
 0001:00001e88       __imp_load_computeSimulationData 0000000180002e88 f   PhysXCommon_64:PhysXCommon_64.dll
 0001:00001e94       computeSimulationData      0000000180002e94 f   PhysXCommon_64:PhysXCommon_64.dll
 0001:00001e9a       __imp_load_assembleDeformableVolumeMesh 0000000180002e9a f   PhysXCommon_64:PhysXCommon_64.dll
 0001:00001ea6       assembleDeformableVolumeMesh 0000000180002ea6 f   PhysXCommon_64:PhysXCommon_64.dll
 0001:00001eac       __imp_load_?release@AABBTreeBounds@Gu@physx@@QEAAXXZ 0000000180002eac f   PhysXCommon_64:PhysXCommon_64.dll
 0001:00001eb8       ?release@AABBTreeBounds@Gu@physx@@QEAAXXZ 0000000180002eb8 f   PhysXCommon_64:PhysXCommon_64.dll
 0001:00001ebe       __imp_load_??0BVH@Gu@physx@@QEAA@AEBUPxBVHInternalData@2@@Z 0000000180002ebe f   PhysXCommon_64:PhysXCommon_64.dll
 0001:00001eca       ??0BVH@Gu@physx@@QEAA@AEBUPxBVHInternalData@2@@Z 0000000180002eca f   PhysXCommon_64:PhysXCommon_64.dll
 0001:00001ed0       __imp_load_??0BV4TriangleMesh@Gu@physx@@QEAA@AEBUPxTriangleMeshInternalData@2@@Z 0000000180002ed0 f   PhysXCommon_64:PhysXCommon_64.dll
 0001:00001edc       ??0BV4TriangleMesh@Gu@physx@@QEAA@AEBUPxTriangleMeshInternalData@2@@Z 0000000180002edc f   PhysXCommon_64:PhysXCommon_64.dll
 0001:00001ee2       __imp_load_?PxAssert@physx@@YAXPEBD0HAEA_N@Z 0000000180002ee2 f   PhysXFoundation_64:PhysXFoundation_64.dll
 0001:00001eee       ?PxAssert@physx@@YAXPEBD0HAEA_N@Z 0000000180002eee f   PhysXFoundation_64:PhysXFoundation_64.dll
 0001:00001ef4       __tailMerge_physxfoundation_64_dll 0000000180002ef4     PhysXFoundation_64:PhysXFoundation_64.dll
 0001:00001f6d       __imp_load_PxGetBroadcastAllocator 0000000180002f6d f   PhysXFoundation_64:PhysXFoundation_64.dll
 0001:00001f79       PxGetBroadcastAllocator    0000000180002f79 f   PhysXFoundation_64:PhysXFoundation_64.dll
 0001:00001f7f       LoadLibraryA               0000000180002f7f f   kernel32:KERNEL32.dll
 0001:00001f88       ??$PFromRva@PEAP6A_JXZ@@YAPEAP6A_JXZK@Z 0000000180002f88 f i Delayimp:delayhlp.obj
 0001:00001f98       ??$PFromRva@PEAPEAUHINSTANCE__@@@@YAPEAPEAUHINSTANCE__@@K@Z 0000000180002f98 f i Delayimp:delayhlp.obj
 0001:00001fa8       ??$PFromRva@PEAU_IMAGE_IMPORT_BY_NAME@@@@YAPEAU_IMAGE_IMPORT_BY_NAME@@K@Z 0000000180002fa8 f i Delayimp:delayhlp.obj
 0001:00001fb8       ??$PFromRva@PEAU_IMAGE_THUNK_DATA64@@@@YAPEAU_IMAGE_THUNK_DATA64@@K@Z 0000000180002fb8 f i Delayimp:delayhlp.obj
 0001:00001fc8       ??$PFromRva@PEBD@@YAPEBDK@Z 0000000180002fc8 f i Delayimp:delayhlp.obj
 0001:00001fd8       ??$PFromRva@PEBUImgDelayDescr@@@@YAPEBUImgDelayDescr@@K@Z 0000000180002fd8 f i Delayimp:delayhlp.obj
 0001:00001fe8       ??$PFromRva@PEBU_IMAGE_THUNK_DATA64@@@@YAPEBU_IMAGE_THUNK_DATA64@@K@Z 0000000180002fe8 f i Delayimp:delayhlp.obj
 0001:00001ff8       ?CountOfImports@@YAIPEBU_IMAGE_THUNK_DATA64@@@Z 0000000180002ff8 f i Delayimp:delayhlp.obj
 0001:0000200c       ?DloadAcquireSectionWriteAccess@@YAXXZ 000000018000300c f i Delayimp:delayhlp.obj
 0001:000020b8       ?DloadGetSRWLockFunctionPointers@@YAEXZ 00000001800030b8 f i Delayimp:delayhlp.obj
 0001:00002158       ?DloadLock@@YAXXZ          0000000180003158 f i Delayimp:delayhlp.obj
 0001:000021a0       ?DloadMakePermanentImageCommit@@YAXPEAX_K@Z 00000001800031a0 f i Delayimp:delayhlp.obj
 0001:00002238       ?DloadObtainSection@@YAPEAXPEAK0@Z 0000000180003238 f i Delayimp:delayhlp.obj
 0001:000022d4       ?DloadProtectSection@@YAXKPEAK@Z 00000001800032d4 f i Delayimp:delayhlp.obj
 0001:00002364       ?DloadReleaseSectionWriteAccess@@YAXXZ 0000000180003364 f i Delayimp:delayhlp.obj
 0001:000023f8       ?DloadUnlock@@YAXXZ        00000001800033f8 f i Delayimp:delayhlp.obj
 0001:00002438       ?IndexFromPImgThunkData@@YAIPEBU_IMAGE_THUNK_DATA64@@0@Z 0000000180003438 f i Delayimp:delayhlp.obj
 0001:00002580       HRESULT_FROM_WIN32         0000000180003580 f i Delayimp:delayhlp.obj
 0001:00002590       ReadAcquire64              0000000180003590 f i Delayimp:delayhlp.obj
 0001:00002594       ReadPointerAcquire         0000000180003594 f i Delayimp:delayhlp.obj
 0001:00002598       WritePointerRelease        0000000180003598 f i Delayimp:delayhlp.obj
 0001:0000259c       WriteRelease64             000000018000359c f i Delayimp:delayhlp.obj
 0001:000025a0       __FUnloadDelayLoadedDLL2   00000001800035a0 f   Delayimp:delayhlp.obj
 0001:0000265c       __HrLoadAllImportsForDll   000000018000365c f   Delayimp:delayhlp.obj
 0001:000026d0       __delayLoadHelper2         00000001800036d0 f   Delayimp:delayhlp.obj
 0001:000029b0       ??3@YAXPEAX@Z              00000001800039b0 f   MSVCRTD:delete_scalar.obj
 0001:000029d0       ??3@YAXPEAX_K@Z            00000001800039d0 f   MSVCRTD:delete_scalar_size.obj
 0001:000029f0       ??_V@YAXPEAX@Z             00000001800039f0 f   MSVCRTD:delete_array.obj
 0001:00002a10       ??_V@YAXPEAX_K@Z           0000000180003a10 f   MSVCRTD:delete_array_size.obj
 0001:00002a30       _CRT_RTC_INIT              0000000180003a30 f   MSVCRTD:init.obj
 0001:00002a40       _CRT_RTC_INITW             0000000180003a40 f   MSVCRTD:init.obj
 0001:00002a50       _RTC_InitBase              0000000180003a50 f   MSVCRTD:init.obj
 0001:00002a90       _RTC_Shutdown              0000000180003a90 f   MSVCRTD:init.obj
 0001:00002ac0       ??1type_info@@UEAA@XZ      0000000180003ac0 f   MSVCRTD:std_type_info_static.obj
 0001:00002ae0       ??_Etype_info@@UEAAPEAXI@Z 0000000180003ae0 f i MSVCRTD:std_type_info_static.obj
 0001:00002ae0       ??_Gtype_info@@UEAAPEAXI@Z 0000000180003ae0 f i MSVCRTD:std_type_info_static.obj
 0001:00002b20       ?__scrt_initialize_type_info@@YAXXZ 0000000180003b20 f   MSVCRTD:tncleanup.obj
 0001:00002b40       ?__scrt_uninitialize_type_info@@YAXXZ 0000000180003b40 f   MSVCRTD:tncleanup.obj
 0001:00002f70       _CRT_INIT                  0000000180003f70 f   MSVCRTD:dll_dllmain.obj
 0001:00002fa0       _DllMainCRTStartup         0000000180003fa0 f   MSVCRTD:dll_dllmain.obj
 0001:00002fe0       _guard_check_icall_nop     0000000180003fe0 f i MSVCRTD:guard_support.obj
 0001:00002ff0       ReadNoFence64              0000000180003ff0 f i MSVCRTD:guard_support.obj
 0001:00003010       ReadPointerNoFence         0000000180004010 f i MSVCRTD:guard_support.obj
 0001:00003030       __castguard_check_failure_debugbreak 0000000180004030 f i MSVCRTD:guard_support.obj
 0001:00003050       __castguard_check_failure_fastfail 0000000180004050 f i MSVCRTD:guard_support.obj
 0001:00003080       __castguard_check_failure_nop 0000000180004080 f i MSVCRTD:guard_support.obj
 0001:00003090       __castguard_check_failure_os_handled 0000000180004090 f i MSVCRTD:guard_support.obj
 0001:000030f0       __castguard_check_failure_user_handled 00000001800040f0 f i MSVCRTD:guard_support.obj
 0001:000031d0       __castguard_set_user_handler 00000001800041d0 f i MSVCRTD:guard_support.obj
 0001:00003200       __castguard_slow_path_check_debugbreak 0000000180004200 f i MSVCRTD:guard_support.obj
 0001:00003240       __castguard_slow_path_check_fastfail 0000000180004240 f i MSVCRTD:guard_support.obj
 0001:00003290       __castguard_slow_path_check_nop 0000000180004290 f i MSVCRTD:guard_support.obj
 0001:000032a0       __castguard_slow_path_check_os_handled 00000001800042a0 f i MSVCRTD:guard_support.obj
 0001:000032f0       __castguard_slow_path_check_user_handled 00000001800042f0 f i MSVCRTD:guard_support.obj
 0001:000033b0       _guard_icall_checks_enforced 00000001800043b0 f i MSVCRTD:guard_support.obj
 0001:000033f0       _guard_rf_checks_enforced  00000001800043f0 f i MSVCRTD:guard_support.obj
 0001:00003400       ?_RTC_GetErrorFunc@@YAP6AHHPEBDH00ZZPEBX@Z 0000000180004400 f   MSVCRTD:userapi.obj
 0001:00003410       ?_RTC_GetErrorFuncW@@YAP6AHHPEB_WH00ZZPEBX@Z 0000000180004410 f   MSVCRTD:userapi.obj
 0001:00003420       _RTC_GetErrDesc            0000000180004420 f   MSVCRTD:userapi.obj
 0001:00003440       _RTC_NumErrors             0000000180004440 f   MSVCRTD:userapi.obj
 0001:00003450       _RTC_SetErrorFunc          0000000180004450 f   MSVCRTD:userapi.obj
 0001:00003470       _RTC_SetErrorFuncW         0000000180004470 f   MSVCRTD:userapi.obj
 0001:00003490       _RTC_SetErrorType          0000000180004490 f   MSVCRTD:userapi.obj
 0001:00003570       __security_init_cookie     0000000180004570 f   MSVCRTD:gs_support.obj
 0001:000035f0       DllMain                    00000001800045f0 f   MSVCRTD:dll_dllmain_stub.obj
 0001:00003630       __local_stdio_printf_options 0000000180004630 f i MSVCRTD:default_local_stdio_options.obj
 0001:00003640       __local_stdio_scanf_options 0000000180004640 f i MSVCRTD:default_local_stdio_options.obj
 0001:00003650       __scrt_initialize_default_local_stdio_options 0000000180004650 f   MSVCRTD:default_local_stdio_options.obj
 0001:000036a0       ?configure_argv@__scrt_narrow_argv_policy@@SAHXZ 00000001800046a0 f i MSVCRTD:utility.obj
 0001:00003790       ?initialize_environment@__scrt_narrow_environment_policy@@SAHXZ 0000000180004790 f i MSVCRTD:utility.obj
 0001:00003830       NtCurrentTeb               0000000180004830 f i MSVCRTD:utility.obj
 0001:00003840       __scrt_acquire_startup_lock 0000000180004840 f   MSVCRTD:utility.obj
 0001:000038b0       __scrt_dllmain_after_initialize_c 00000001800048b0 f   MSVCRTD:utility.obj
 0001:000038e0       __scrt_dllmain_before_initialize_c 00000001800048e0 f   MSVCRTD:utility.obj
 0001:00003900       __scrt_dllmain_crt_thread_attach 0000000180004900 f   MSVCRTD:utility.obj
 0001:00003930       __scrt_dllmain_crt_thread_detach 0000000180004930 f   MSVCRTD:utility.obj
 0001:00003950       __scrt_dllmain_exception_filter 0000000180004950 f   MSVCRTD:utility.obj
 0001:000039c0       __scrt_dllmain_uninitialize_c 00000001800049c0 f   MSVCRTD:utility.obj
 0001:000039f0       __scrt_dllmain_uninitialize_critical 00000001800049f0 f   MSVCRTD:utility.obj
 0001:00003a10       __scrt_initialize_crt      0000000180004a10 f   MSVCRTD:utility.obj
 0001:00003a60       __scrt_initialize_onexit_tables 0000000180004a60 f   MSVCRTD:utility.obj
 0001:00003b70       __scrt_is_nonwritable_in_current_image 0000000180004b70 f   MSVCRTD:utility.obj
 0001:00003c00       __scrt_release_startup_lock 0000000180004c00 f   MSVCRTD:utility.obj
 0001:00003c30       __scrt_uninitialize_crt    0000000180004c30 f   MSVCRTD:utility.obj
 0001:00003c70       _onexit                    0000000180004c70 f   MSVCRTD:utility.obj
 0001:00003cf0       at_quick_exit              0000000180004cf0 f   MSVCRTD:utility.obj
 0001:00003d40       atexit                     0000000180004d40 f   MSVCRTD:utility.obj
 0001:00003d80       __scrt_get_dyn_tls_init_callback 0000000180004d80 f   MSVCRTD:dyn_tls_init.obj
 0001:00003d90       __crt_debugger_hook        0000000180004d90 f   MSVCRTD:utility_desktop.obj
 0001:00003da0       __scrt_fastfail            0000000180004da0 f   MSVCRTD:utility_desktop.obj
 0001:00003f40       __scrt_get_show_window_mode 0000000180004f40 f   MSVCRTD:utility_desktop.obj
 0001:00003fa0       __scrt_initialize_mta      0000000180004fa0 f   MSVCRTD:utility_desktop.obj
 0001:00003fb0       __scrt_initialize_winrt    0000000180004fb0 f   MSVCRTD:utility_desktop.obj
 0001:00003fc0       __scrt_is_managed_app      0000000180004fc0 f   MSVCRTD:utility_desktop.obj
 0001:00004070       __scrt_set_unhandled_exception_filter 0000000180005070 f   MSVCRTD:utility_desktop.obj
 0001:00004090       __scrt_exe_initialize_mta  0000000180005090 f   MSVCRTD:utility_desktop.obj
 0001:00004090       __scrt_stub_for_initialize_mta 0000000180005090 f   MSVCRTD:utility_desktop.obj
 0001:000040a0       __scrt_unhandled_exception_filter 00000001800050a0 f   MSVCRTD:utility_desktop.obj
 0001:00004140       _RTC_Initialize            0000000180005140 f   MSVCRTD:initsect.obj
 0001:00004190       _RTC_Terminate             0000000180005190 f   MSVCRTD:initsect.obj
 0001:00004270       ?_RTC_AllocaFailure@@YAXPEAXPEAU_RTC_ALLOCA_NODE@@H@Z 0000000180005270 f   MSVCRTD:error.obj
 0001:000043d0       ?_RTC_Failure@@YAXPEAXH@Z  00000001800053d0 f   MSVCRTD:error.obj
 0001:00004420       ?_RTC_StackFailure@@YAXPEAXPEBD@Z 0000000180005420 f   MSVCRTD:error.obj
 0001:00004850       _RTC_UninitUse             0000000180005850 f   MSVCRTD:error.obj
 0001:00004920       _vsprintf_s_l              0000000180005920 f i MSVCRTD:error.obj
 0001:00004990       sprintf_s                  0000000180005990 f i MSVCRTD:error.obj
 0001:000049c0       __isa_available_init       00000001800059c0 f   MSVCRTD:cpu_disp.obj
 0001:00004d70       _get_startup_argv_mode     0000000180005d70 f   MSVCRTD:argv_mode.obj
 0001:00004d80       __scrt_is_ucrt_dll_in_use  0000000180005d80 f   MSVCRTD:ucrt_detection.obj
 0001:000052c0       ?_RTC_GetSrcLine@@YAHPEAEPEA_WKPEAH1K@Z 00000001800062c0 f   MSVCRTD:pdblkup.obj
 0001:00005690       __GSHandlerCheck           0000000180006690 f   MSVCRTD:gshandler.obj
 0001:000056d0       __GSHandlerCheckCommon     00000001800066d0 f   MSVCRTD:gshandler.obj
 0001:000057e0       __security_check_cookie    00000001800067e0 f   MSVCRTD:amdsecgs.obj
 0001:00005800       __raise_securityfailure    0000000180006800 f   MSVCRTD:gs_report.obj
 0001:00005840       __report_gsfailure         0000000180006840 f   MSVCRTD:gs_report.obj
 0001:00005920       __report_rangecheckfailure 0000000180006920 f   MSVCRTD:gs_report.obj
 0001:00005940       __report_securityfailure   0000000180006940 f   MSVCRTD:gs_report.obj
 0001:000059e0       __report_securityfailureEx 00000001800069e0 f   MSVCRTD:gs_report.obj
 0001:00005c42       _purecall                  0000000180006c42 f   vcruntimed:VCRUNTIME140D.dll
 0001:00005c48       memset                     0000000180006c48 f   vcruntimed:VCRUNTIME140D.dll
 0001:00005c4e       __std_type_info_name       0000000180006c4e f   vcruntimed:VCRUNTIME140D.dll
 0001:00005c54       strstr                     0000000180006c54 f   vcruntimed:VCRUNTIME140D.dll
 0001:00005c5a       __std_type_info_destroy_list 0000000180006c5a f   vcruntimed:VCRUNTIME140D.dll
 0001:00005c60       __C_specific_handler       0000000180006c60 f   vcruntimed:VCRUNTIME140D.dll
 0001:00005c66       __current_exception        0000000180006c66 f   vcruntimed:VCRUNTIME140D.dll
 0001:00005c6c       __current_exception_context 0000000180006c6c f   vcruntimed:VCRUNTIME140D.dll
 0001:00005c72       __C_specific_handler_noexcept 0000000180006c72 f   vcruntimed:VCRUNTIME140D.dll
 0001:00005c78       __vcrt_GetModuleFileNameW  0000000180006c78 f   vcruntimed:VCRUNTIME140D.dll
 0001:00005c7e       __vcrt_GetModuleHandleW    0000000180006c7e f   vcruntimed:VCRUNTIME140D.dll
 0001:00005c84       __vcrt_LoadLibraryExW      0000000180006c84 f   vcruntimed:VCRUNTIME140D.dll
 0001:00005c8a       memcpy                     0000000180006c8a f   vcruntimed:VCRUNTIME140D.dll
 0001:00005c90       _free_dbg                  0000000180006c90 f   ucrtd:ucrtbased.dll
 0001:00005c96       _CrtDbgReport              0000000180006c96 f   ucrtd:ucrtbased.dll
 0001:00005c9c       _CrtDbgReportW             0000000180006c9c f   ucrtd:ucrtbased.dll
 0001:00005ca2       _initterm                  0000000180006ca2 f   ucrtd:ucrtbased.dll
 0001:00005ca8       _initterm_e                0000000180006ca8 f   ucrtd:ucrtbased.dll
 0001:00005cae       _seh_filter_dll            0000000180006cae f   ucrtd:ucrtbased.dll
 0001:00005cb4       _configure_narrow_argv     0000000180006cb4 f   ucrtd:ucrtbased.dll
 0001:00005cba       _initialize_narrow_environment 0000000180006cba f   ucrtd:ucrtbased.dll
 0001:00005cc0       _initialize_onexit_table   0000000180006cc0 f   ucrtd:ucrtbased.dll
 0001:00005cc6       _register_onexit_function  0000000180006cc6 f   ucrtd:ucrtbased.dll
 0001:00005ccc       _execute_onexit_table      0000000180006ccc f   ucrtd:ucrtbased.dll
 0001:00005cd2       _crt_atexit                0000000180006cd2 f   ucrtd:ucrtbased.dll
 0001:00005cd8       _crt_at_quick_exit         0000000180006cd8 f   ucrtd:ucrtbased.dll
 0001:00005cde       _cexit                     0000000180006cde f   ucrtd:ucrtbased.dll
 0001:00005ce4       terminate                  0000000180006ce4 f   ucrtd:ucrtbased.dll
 0001:00005cea       strcpy_s                   0000000180006cea f   ucrtd:ucrtbased.dll
 0001:00005cf0       strcat_s                   0000000180006cf0 f   ucrtd:ucrtbased.dll
 0001:00005cf6       __stdio_common_vsprintf_s  0000000180006cf6 f   ucrtd:ucrtbased.dll
 0001:00005cfc       _wmakepath_s               0000000180006cfc f   ucrtd:ucrtbased.dll
 0001:00005d02       _wsplitpath_s              0000000180006d02 f   ucrtd:ucrtbased.dll
 0001:00005d08       wcscpy_s                   0000000180006d08 f   ucrtd:ucrtbased.dll
 0001:00005d0e       RaiseException             0000000180006d0e f   kernel32:KERNEL32.dll
 0001:00005d14       GetLastError               0000000180006d14 f   kernel32:KERNEL32.dll
 0001:00005d1a       GetSystemInfo              0000000180006d1a f   kernel32:KERNEL32.dll
 0001:00005d20       VirtualProtect             0000000180006d20 f   kernel32:KERNEL32.dll
 0001:00005d26       VirtualQuery               0000000180006d26 f   kernel32:KERNEL32.dll
 0001:00005d2c       FreeLibrary                0000000180006d2c f   kernel32:KERNEL32.dll
 0001:00005d32       GetModuleHandleW           0000000180006d32 f   kernel32:KERNEL32.dll
 0001:00005d38       GetProcAddress             0000000180006d38 f   kernel32:KERNEL32.dll
 0001:00005d3e       LoadLibraryExA             0000000180006d3e f   kernel32:KERNEL32.dll
 0001:00005d44       InitializeSListHead        0000000180006d44 f   kernel32:KERNEL32.dll
 0001:00005d4a       QueryPerformanceCounter    0000000180006d4a f   kernel32:KERNEL32.dll
 0001:00005d50       GetCurrentProcessId        0000000180006d50 f   kernel32:KERNEL32.dll
 0001:00005d56       GetCurrentThreadId         0000000180006d56 f   kernel32:KERNEL32.dll
 0001:00005d5c       GetSystemTimeAsFileTime    0000000180006d5c f   kernel32:KERNEL32.dll
 0001:00005d62       DisableThreadLibraryCalls  0000000180006d62 f   kernel32:KERNEL32.dll
 0001:00005d68       RtlCaptureContext          0000000180006d68 f   kernel32:KERNEL32.dll
 0001:00005d6e       RtlLookupFunctionEntry     0000000180006d6e f   kernel32:KERNEL32.dll
 0001:00005d74       RtlVirtualUnwind           0000000180006d74 f   kernel32:KERNEL32.dll
 0001:00005d7a       IsDebuggerPresent          0000000180006d7a f   kernel32:KERNEL32.dll
 0001:00005d80       UnhandledExceptionFilter   0000000180006d80 f   kernel32:KERNEL32.dll
 0001:00005d86       SetUnhandledExceptionFilter 0000000180006d86 f   kernel32:KERNEL32.dll
 0001:00005d8c       GetStartupInfoW            0000000180006d8c f   kernel32:KERNEL32.dll
 0001:00005d92       IsProcessorFeaturePresent  0000000180006d92 f   kernel32:KERNEL32.dll
 0001:00005d98       MultiByteToWideChar        0000000180006d98 f   kernel32:KERNEL32.dll
 0001:00005d9e       WideCharToMultiByte        0000000180006d9e f   kernel32:KERNEL32.dll
 0001:00005da4       HeapAlloc                  0000000180006da4 f   kernel32:KERNEL32.dll
 0001:00005daa       HeapFree                   0000000180006daa f   kernel32:KERNEL32.dll
 0001:00005db0       GetProcessHeap             0000000180006db0 f   kernel32:KERNEL32.dll
 0001:00005db6       GetCurrentProcess          0000000180006db6 f   kernel32:KERNEL32.dll
 0001:00005dbc       TerminateProcess           0000000180006dbc f   kernel32:KERNEL32.dll
 0001:00005dd0       __acrt_initialize          0000000180006dd0 f   MSVCRTD:ucrt_stubs.obj
 0001:00005dd0       __scrt_stub_for_acrt_initialize 0000000180006dd0 f   MSVCRTD:ucrt_stubs.obj
 0001:00005dd0       __vcrt_initialize          0000000180006dd0 f   MSVCRTD:ucrt_stubs.obj
 0001:00005de0       __acrt_thread_attach       0000000180006de0 f   MSVCRTD:ucrt_stubs.obj
 0001:00005de0       __scrt_stub_for_acrt_thread_attach 0000000180006de0 f   MSVCRTD:ucrt_stubs.obj
 0001:00005de0       __vcrt_thread_attach       0000000180006de0 f   MSVCRTD:ucrt_stubs.obj
 0001:00005df0       __acrt_thread_detach       0000000180006df0 f   MSVCRTD:ucrt_stubs.obj
 0001:00005df0       __scrt_stub_for_acrt_thread_detach 0000000180006df0 f   MSVCRTD:ucrt_stubs.obj
 0001:00005df0       __vcrt_thread_detach       0000000180006df0 f   MSVCRTD:ucrt_stubs.obj
 0001:00005e00       __acrt_uninitialize        0000000180006e00 f   MSVCRTD:ucrt_stubs.obj
 0001:00005e00       __scrt_stub_for_acrt_uninitialize 0000000180006e00 f   MSVCRTD:ucrt_stubs.obj
 0001:00005e00       __vcrt_uninitialize        0000000180006e00 f   MSVCRTD:ucrt_stubs.obj
 0001:00005e10       __acrt_uninitialize_critical 0000000180006e10 f   MSVCRTD:ucrt_stubs.obj
 0001:00005e10       __scrt_stub_for_acrt_uninitialize_critical 0000000180006e10 f   MSVCRTD:ucrt_stubs.obj
 0001:00005e10       __vcrt_uninitialize_critical 0000000180006e10 f   MSVCRTD:ucrt_stubs.obj
 0001:00005e20       __scrt_stub_for_is_c_termination_complete 0000000180006e20 f   MSVCRTD:ucrt_stubs.obj
 0001:00005e20       _is_c_termination_complete 0000000180006e20 f   MSVCRTD:ucrt_stubs.obj
 0001:00005e40       _guard_dispatch_icall_nop  0000000180006e40 f   MSVCRTD:guard_dispatch.obj
 0001:00005e60       _guard_xfg_dispatch_icall_nop 0000000180006e60 f   MSVCRTD:guard_xfg_dispatch.obj
 0002:00000000       __imp_LoadLibraryA         0000000180007000     kernel32:KERNEL32.dll
 0002:00000008       __imp_GetCurrentProcess    0000000180007008     kernel32:KERNEL32.dll
 0002:00000010       __imp_GetProcessHeap       0000000180007010     kernel32:KERNEL32.dll
 0002:00000018       __imp_HeapFree             0000000180007018     kernel32:KERNEL32.dll
 0002:00000020       __imp_HeapAlloc            0000000180007020     kernel32:KERNEL32.dll
 0002:00000028       __imp_WideCharToMultiByte  0000000180007028     kernel32:KERNEL32.dll
 0002:00000030       __imp_MultiByteToWideChar  0000000180007030     kernel32:KERNEL32.dll
 0002:00000038       __imp_IsProcessorFeaturePresent 0000000180007038     kernel32:KERNEL32.dll
 0002:00000040       __imp_GetStartupInfoW      0000000180007040     kernel32:KERNEL32.dll
 0002:00000048       __imp_SetUnhandledExceptionFilter 0000000180007048     kernel32:KERNEL32.dll
 0002:00000050       __imp_UnhandledExceptionFilter 0000000180007050     kernel32:KERNEL32.dll
 0002:00000058       __imp_IsDebuggerPresent    0000000180007058     kernel32:KERNEL32.dll
 0002:00000060       __imp_RtlVirtualUnwind     0000000180007060     kernel32:KERNEL32.dll
 0002:00000068       __imp_RtlLookupFunctionEntry 0000000180007068     kernel32:KERNEL32.dll
 0002:00000070       __imp_RtlCaptureContext    0000000180007070     kernel32:KERNEL32.dll
 0002:00000078       __imp_DisableThreadLibraryCalls 0000000180007078     kernel32:KERNEL32.dll
 0002:00000080       __imp_GetSystemTimeAsFileTime 0000000180007080     kernel32:KERNEL32.dll
 0002:00000088       __imp_GetCurrentThreadId   0000000180007088     kernel32:KERNEL32.dll
 0002:00000090       __imp_GetCurrentProcessId  0000000180007090     kernel32:KERNEL32.dll
 0002:00000098       __imp_QueryPerformanceCounter 0000000180007098     kernel32:KERNEL32.dll
 0002:000000a0       __imp_InitializeSListHead  00000001800070a0     kernel32:KERNEL32.dll
 0002:000000a8       __imp_LoadLibraryExA       00000001800070a8     kernel32:KERNEL32.dll
 0002:000000b0       __imp_GetProcAddress       00000001800070b0     kernel32:KERNEL32.dll
 0002:000000b8       __imp_GetModuleHandleW     00000001800070b8     kernel32:KERNEL32.dll
 0002:000000c0       __imp_FreeLibrary          00000001800070c0     kernel32:KERNEL32.dll
 0002:000000c8       __imp_VirtualQuery         00000001800070c8     kernel32:KERNEL32.dll
 0002:000000d0       __imp_VirtualProtect       00000001800070d0     kernel32:KERNEL32.dll
 0002:000000d8       __imp_GetSystemInfo        00000001800070d8     kernel32:KERNEL32.dll
 0002:000000e0       __imp_GetLastError         00000001800070e0     kernel32:KERNEL32.dll
 0002:000000e8       __imp_RaiseException       00000001800070e8     kernel32:KERNEL32.dll
 0002:000000f0       __imp_TerminateProcess     00000001800070f0     kernel32:KERNEL32.dll
 0002:000000f8       \177KERNEL32_NULL_THUNK_DATA 00000001800070f8     kernel32:KERNEL32.dll
 0002:00000100       __imp_strstr               0000000180007100     vcruntimed:VCRUNTIME140D.dll
 0002:00000108       __imp___std_type_info_destroy_list 0000000180007108     vcruntimed:VCRUNTIME140D.dll
 0002:00000110       __imp___C_specific_handler 0000000180007110     vcruntimed:VCRUNTIME140D.dll
 0002:00000118       __imp___current_exception  0000000180007118     vcruntimed:VCRUNTIME140D.dll
 0002:00000120       __imp___std_type_info_name 0000000180007120     vcruntimed:VCRUNTIME140D.dll
 0002:00000128       __imp__purecall            0000000180007128     vcruntimed:VCRUNTIME140D.dll
 0002:00000130       __imp___current_exception_context 0000000180007130     vcruntimed:VCRUNTIME140D.dll
 0002:00000138       __imp___C_specific_handler_noexcept 0000000180007138     vcruntimed:VCRUNTIME140D.dll
 0002:00000140       __imp___vcrt_GetModuleFileNameW 0000000180007140     vcruntimed:VCRUNTIME140D.dll
 0002:00000148       __imp___vcrt_GetModuleHandleW 0000000180007148     vcruntimed:VCRUNTIME140D.dll
 0002:00000150       __imp___vcrt_LoadLibraryExW 0000000180007150     vcruntimed:VCRUNTIME140D.dll
 0002:00000158       __imp_memcpy               0000000180007158     vcruntimed:VCRUNTIME140D.dll
 0002:00000160       __imp_memset               0000000180007160     vcruntimed:VCRUNTIME140D.dll
 0002:00000168       \177VCRUNTIME140D_NULL_THUNK_DATA 0000000180007168     vcruntimed:VCRUNTIME140D.dll
 0002:00000170       __imp__initterm_e          0000000180007170     ucrtd:ucrtbased.dll
 0002:00000178       __imp__initialize_narrow_environment 0000000180007178     ucrtd:ucrtbased.dll
 0002:00000180       __imp__CrtDbgReportW       0000000180007180     ucrtd:ucrtbased.dll
 0002:00000188       __imp__CrtDbgReport        0000000180007188     ucrtd:ucrtbased.dll
 0002:00000190       __imp__free_dbg            0000000180007190     ucrtd:ucrtbased.dll
 0002:00000198       __imp__seh_filter_dll      0000000180007198     ucrtd:ucrtbased.dll
 0002:000001a0       __imp__configure_narrow_argv 00000001800071a0     ucrtd:ucrtbased.dll
 0002:000001a8       __imp__initialize_onexit_table 00000001800071a8     ucrtd:ucrtbased.dll
 0002:000001b0       __imp__register_onexit_function 00000001800071b0     ucrtd:ucrtbased.dll
 0002:000001b8       __imp__execute_onexit_table 00000001800071b8     ucrtd:ucrtbased.dll
 0002:000001c0       __imp__crt_atexit          00000001800071c0     ucrtd:ucrtbased.dll
 0002:000001c8       __imp__crt_at_quick_exit   00000001800071c8     ucrtd:ucrtbased.dll
 0002:000001d0       __imp__cexit               00000001800071d0     ucrtd:ucrtbased.dll
 0002:000001d8       __imp_wcscpy_s             00000001800071d8     ucrtd:ucrtbased.dll
 0002:000001e0       __imp__wsplitpath_s        00000001800071e0     ucrtd:ucrtbased.dll
 0002:000001e8       __imp_terminate            00000001800071e8     ucrtd:ucrtbased.dll
 0002:000001f0       __imp___stdio_common_vsprintf_s 00000001800071f0     ucrtd:ucrtbased.dll
 0002:000001f8       __imp_strcat_s             00000001800071f8     ucrtd:ucrtbased.dll
 0002:00000200       __imp__initterm            0000000180007200     ucrtd:ucrtbased.dll
 0002:00000208       __imp_strcpy_s             0000000180007208     ucrtd:ucrtbased.dll
 0002:00000210       __imp__wmakepath_s         0000000180007210     ucrtd:ucrtbased.dll
 0002:00000218       \177ucrtbased_NULL_THUNK_DATA 0000000180007218     ucrtd:ucrtbased.dll
 0002:00000220       __guard_check_icall_fptr   0000000180007220     MSVCRTD:guard_support.obj
 0002:00000228       __guard_xfg_check_icall_fptr 0000000180007228     MSVCRTD:guard_support.obj
 0002:00000230       __guard_dispatch_icall_fptr 0000000180007230     MSVCRTD:guard_support.obj
 0002:00000238       __guard_xfg_dispatch_icall_fptr 0000000180007238     MSVCRTD:guard_support.obj
 0002:00000240       __guard_xfg_table_dispatch_icall_fptr 0000000180007240     MSVCRTD:guard_support.obj
 0002:00000248       __castguard_check_failure_os_handled_fptr 0000000180007248     MSVCRTD:guard_support.obj
 0002:00000250       __guard_memcpy_fptr        0000000180007250     vcruntimed:softmemtag.obj
 0002:00000258       __xc_a                     0000000180007258     MSVCRTD:initializers.obj
 0002:00000290       __xc_z                     0000000180007290     MSVCRTD:initializers.obj
 0002:00000298       __xi_a                     0000000180007298     MSVCRTD:initializers.obj
 0002:000002a0       __xi_z                     00000001800072a0     MSVCRTD:initializers.obj
 0002:000002a8       __xp_a                     00000001800072a8     MSVCRTD:initializers.obj
 0002:000002b0       __xp_z                     00000001800072b0     MSVCRTD:initializers.obj
 0002:000002b8       __xt_a                     00000001800072b8     MSVCRTD:initializers.obj
 0002:000002c0       __xt_z                     00000001800072c0     MSVCRTD:initializers.obj
 0002:000002f0       ?g_PXSinCoefficients0@aos@physx@@3UPX_VECTORF32@12@B 00000001800072f0     Cooking.obj
 0002:00000300       ?g_PXSinCoefficients1@aos@physx@@3UPX_VECTORF32@12@B 0000000180007300     Cooking.obj
 0002:00000310       ?g_PXSinCoefficients2@aos@physx@@3UPX_VECTORF32@12@B 0000000180007310     Cooking.obj
 0002:00000320       ?g_PXCosCoefficients0@aos@physx@@3UPX_VECTORF32@12@B 0000000180007320     Cooking.obj
 0002:00000330       ?g_PXCosCoefficients1@aos@physx@@3UPX_VECTORF32@12@B 0000000180007330     Cooking.obj
 0002:00000340       ?g_PXCosCoefficients2@aos@physx@@3UPX_VECTORF32@12@B 0000000180007340     Cooking.obj
 0002:00000350       ?g_PXReciprocalTwoPi@aos@physx@@3UPX_VECTORF32@12@B 0000000180007350     Cooking.obj
 0002:00000360       ?g_PXTwoPi@aos@physx@@3UPX_VECTORF32@12@B 0000000180007360     Cooking.obj
 0002:00000370       ??_7PxFoundation@physx@@6B@ 0000000180007370     Cooking.obj
 0002:000003e0       ??_C@_0IG@EGOAHJIN@F?3?2Unreal?5Projects?2AB?5platforme@ 00000001800073e0     Cooking.obj
 0002:00000468       ??_C@_0BM@OIFKLHDN@?$DMallocation?5names?5disabled?$DO@ 0000000180007468     Cooking.obj
 0002:00000490       ??_C@_0HP@HHJBOMKN@F?3?2Unreal?5Projects?2AB?5platforme@ 0000000180007490     Cooking.obj
 0002:00000510       ??_C@_0BM@BMFMDKFG@this?9?$DOcapacity?$CI?$CJ?5?$DM?5capacity@ 0000000180007510     Cooking.obj
 0002:00000530       ??_C@_0CP@CPGGIPKL@?$CI?$CBcapacity?$CJ?5?$HM?$HM?5?$CInewData?5?$CG?$CG?5?$CInew@ 0000000180007530     Cooking.obj
 0002:00000560       __real@3a83126f            0000000180007560     Cooking.obj
 0002:00000564       __real@ba83126f            0000000180007564     Cooking.obj
 0002:00000568       ??_C@_0BA@EGLNOO@PhysXFoundation@ 0000000180007568     WindowsCookingDelayLoadHook.obj
 0002:00000578       ??_C@_0M@ILKNCJKN@PhysXCommon@ 0000000180007578     WindowsCookingDelayLoadHook.obj
 0002:00000590       __sz_PhysXCommon_64_dll    0000000180007590     PhysXCommon_64:PhysXCommon_64.dll
 0002:000005b0       __sz_PhysXFoundation_64_dll 00000001800075b0     PhysXFoundation_64:PhysXFoundation_64.dll
 0002:000005c8       ??_C@_1BK@DBDEIDLH@?$AAK?$AAE?$AAR?$AAN?$AAE?$AAL?$AA3?$AA2?$AA?4?$AAD?$AAL?$AAL@ 00000001800075c8     Delayimp:delayhlp.obj
 0002:000005e8       ??_C@_0BI@OMNLIJDB@AcquireSRWLockExclusive@ 00000001800075e8     Delayimp:delayhlp.obj
 0002:00000600       ??_C@_0BI@HMIEPCNJ@ReleaseSRWLockExclusive@ 0000000180007600     Delayimp:delayhlp.obj
 0002:00000618       __pfnDliFailureHook2       0000000180007618     Delayimp:delayhk1.obj
 0002:00000628       ??_7type_info@@6B@         0000000180007628     MSVCRTD:std_type_info_static.obj
 0002:00000630       _pDefaultRawDllMain        0000000180007630     MSVCRTD:dll_dllmain.obj
 0002:00000630       _pRawDllMain               0000000180007630     MSVCRTD:dll_dllmain.obj
 0002:00000640       _load_config_used          0000000180007640     MSVCRTD:loadcfg.obj
 0002:000007a8       ??_C@_0BJ@HEGAHDFO@Stack?5pointer?5corruption@ 00000001800077a8     MSVCRTD:userapi.obj
 0002:000007c8       ??_C@_0CK@FEGOIOPB@Cast?5to?5smaller?5type?5causing?5lo@ 00000001800077c8     MSVCRTD:userapi.obj
 0002:000007f8       ??_C@_0BI@CIGMDCBH@Stack?5memory?5corruption@ 00000001800077f8     MSVCRTD:userapi.obj
 0002:00000810       ??_C@_0CK@CNLNOEPB@Local?5variable?5used?5before?5init@ 0000000180007810     MSVCRTD:userapi.obj
 0002:00000840       ??_C@_0BP@OGBCLIBO@Stack?5around?5_alloca?5corrupted@ 0000000180007840     MSVCRTD:userapi.obj
 0002:00000920       ??_C@_0NN@JMPELKLB@The?5value?5of?5ESP?5was?5not?5proper@ 0000000180007920     MSVCRTD:error.obj
 0002:00000a00       ??_C@_0BBN@ELNNILBE@A?5cast?5to?5a?5smaller?5data?5type?5h@ 0000000180007a00     MSVCRTD:error.obj
 0002:00000b20       ??_C@_0BN@BPOGFMJL@Stack?5memory?5was?5corrupted?$AN?6@ 0000000180007b20     MSVCRTD:error.obj
 0002:00000b40       ??_C@_0DG@DAJCDLPN@A?5local?5variable?5was?5used?5befor@ 0000000180007b40     MSVCRTD:error.obj
 0002:00000b78       ??_C@_0CM@JMIDGKLA@Stack?5memory?5around?5_alloca?5was@ 0000000180007b78     MSVCRTD:error.obj
 0002:00000ba8       ??_C@_0BO@CHIONIOI@Unknown?5Runtime?5Check?5Error?$AN?6@ 0000000180007ba8     MSVCRTD:error.obj
 0002:00000bd0       ??_C@_1GM@CNOOJIHC@?$AAR?$AAu?$AAn?$AAt?$AAi?$AAm?$AAe?$AA?5?$AAC?$AAh?$AAe?$AAc?$AAk?$AA?5?$AAE@ 0000000180007bd0     MSVCRTD:error.obj
 0002:00000c40       ??_C@_1EA@NFKNIFJP@?$AAR?$AAu?$AAn?$AA?9?$AAT?$AAi?$AAm?$AAe?$AA?5?$AAC?$AAh?$AAe?$AAc?$AAk?$AA?5@ 0000000180007c40     MSVCRTD:error.obj
 0002:00000c80       ??_C@_0BB@PFFGGCJP@Unknown?5Filename@ 0000000180007c80     MSVCRTD:error.obj
 0002:00000c98       ??_C@_0BE@GNBOBNCK@Unknown?5Module?5Name@ 0000000180007c98     MSVCRTD:error.obj
 0002:00000cb0       ??_C@_0CA@IODNCDPG@Run?9Time?5Check?5Failure?5?$CD?$CFd?5?9?5?$CFs@ 0000000180007cb0     MSVCRTD:error.obj
 0002:00000cd0       ??_C@_0CG@IAFNJNEE@Stack?5corrupted?5near?5unknown?5va@ 0000000180007cd0     MSVCRTD:error.obj
 0002:00000cf8       ??_C@_05MKKEDADM@?$CF?42X?5@ 0000000180007cf8     MSVCRTD:error.obj
 0002:00000d00       ??_C@_0EJ@LJKNEOLN@Stack?5area?5around?5_alloca?5memor@ 0000000180007d00     MSVCRTD:error.obj
 0002:00000d4c       ??_C@_01EEMJAFIK@?6@       0000000180007d4c     MSVCRTD:error.obj
 0002:00000d50       ??_C@_02LLMPMKNF@?$DO?5@   0000000180007d50     MSVCRTD:error.obj
 0002:00000d58       ??_C@_08OMAHNMHJ@?6Data?3?5?$DM@ 0000000180007d58     MSVCRTD:error.obj
 0002:00000d68       ??_C@_0CK@DKGBICFE@?6Allocation?5number?5within?5this?5@ 0000000180007d68     MSVCRTD:error.obj
 0002:00000d98       ??_C@_07DFDJCKFN@?6Size?3?5@ 0000000180007d98     MSVCRTD:error.obj
 0002:00000da0       ??_C@_0N@MHFFIMFG@?6Address?3?50x@ 0000000180007da0     MSVCRTD:error.obj
 0002:00000db0       ??_C@_0EI@CLEPFNGI@Stack?5area?5around?5_alloca?5memor@ 0000000180007db0     MSVCRTD:error.obj
 0002:00000df8       ??_C@_0BK@ODNDAGKB@?$CFs?$CFs?$CFp?$CFs?$CFzd?$CFs?$CFd?$CFs?$CFs?$CFs?$CFs?$CFs@ 0000000180007df8     MSVCRTD:error.obj
 0002:00000e18       ??_C@_0DE@OHJBPMBP@A?5variable?5is?5being?5used?5withou@ 0000000180007e18     MSVCRTD:error.obj
 0002:00000eb0       ??_C@_1EI@MLPKHBGE@?$AAa?$AAp?$AAi?$AA?9?$AAm?$AAs?$AA?9?$AAw?$AAi?$AAn?$AA?9?$AAc?$AAo?$AAr?$AAe@ 0000000180007eb0     MSVCRTD:pdblkup.obj
 0002:00000ef8       ??_C@_1BK@JHLNAEJL@?$AAa?$AAd?$AAv?$AAa?$AAp?$AAi?$AA3?$AA2?$AA?4?$AAd?$AAl?$AAl@ 0000000180007ef8     MSVCRTD:pdblkup.obj
 0002:00000f18       ??_C@_0O@COHOBMLB@RegOpenKeyExW@ 0000000180007f18     MSVCRTD:pdblkup.obj
 0002:00000f28       ??_C@_0BB@GLNAEDBD@RegQueryValueExW@ 0000000180007f28     MSVCRTD:pdblkup.obj
 0002:00000f40       ??_C@_0M@HLOHPNFA@RegCloseKey@ 0000000180007f40     MSVCRTD:pdblkup.obj
 0002:00000f50       ??_C@_1HE@EBEAGLFB@?$AAS?$AAO?$AAF?$AAT?$AAW?$AAA?$AAR?$AAE?$AA?2?$AAW?$AAo?$AAw?$AA6?$AA4?$AA3@ 0000000180007f50     MSVCRTD:pdblkup.obj
 0002:00000fc8       ??_C@_1BG@EABPBLLF@?$AAP?$AAr?$AAo?$AAd?$AAu?$AAc?$AAt?$AAD?$AAi?$AAr@ 0000000180007fc8     MSVCRTD:pdblkup.obj
 0002:00001000       ??_C@_1BC@JINFINNJ@?$AAM?$AAS?$AAP?$AAD?$AAB?$AA1?$AA4?$AA0@ 0000000180008000     MSVCRTD:pdblkup.obj
 0002:00001018       ??_C@_0BB@KCIACLNC@PDBOpenValidate5@ 0000000180008018     MSVCRTD:pdblkup.obj
 0002:0000102c       ??_C@_01KDCPPGHE@r@        000000018000802c     MSVCRTD:pdblkup.obj
 0002:00001100       __CastGuardVftablesStart   0000000180008100     MSVCRTD:guard_support.obj
 0002:00001180       __CastGuardVftablesEnd     0000000180008180     MSVCRTD:guard_support.obj
 0002:00001200       ??_R4type_info@@6B@        0000000180008200     MSVCRTD:std_type_info_static.obj
 0002:00001228       ??_R3type_info@@8          0000000180008228     MSVCRTD:std_type_info_static.obj
 0002:00001240       ??_R2type_info@@8          0000000180008240     MSVCRTD:std_type_info_static.obj
 0002:00001250       ??_R1A@?0A@EA@type_info@@8 0000000180008250     MSVCRTD:std_type_info_static.obj
 0002:00001274       __volatile_metadata        0000000180008274     <linker-defined>
 0002:000017a8       __rtc_iaa                  00000001800087a8     MSVCRTD:initsect.obj
 0002:000017c0       __rtc_izz                  00000001800087c0     MSVCRTD:initsect.obj
 0002:000017c8       __rtc_taa                  00000001800087c8     MSVCRTD:initsect.obj
 0002:000017e0       __rtc_tzz                  00000001800087e0     MSVCRTD:initsect.obj
 0002:00001fe4       __DELAY_IMPORT_DESCRIPTOR_physxcommon_64_dll 0000000180008fe4     PhysXCommon_64:PhysXCommon_64.dll
 0002:00002004       __DELAY_IMPORT_DESCRIPTOR_physxfoundation_64_dll 0000000180009004     PhysXFoundation_64:PhysXFoundation_64.dll
 0002:00002024       __NULL_DELAY_IMPORT_DESCRIPTOR 0000000180009024     PhysXCommon_64:PhysXCommon_64.dll
 0002:00002100       \177PhysXCommon_64_NULL_THUNK_DATA_DLN 0000000180009100     PhysXCommon_64:PhysXCommon_64.dll
 0002:00002118       \177PhysXFoundation_64_NULL_THUNK_DATA_DLN 0000000180009118     PhysXFoundation_64:PhysXFoundation_64.dll
 0002:000023c8       \177PhysXCommon_64_NULL_THUNK_DATA_DLB 00000001800093c8     PhysXCommon_64:PhysXCommon_64.dll
 0002:00002488       \177PhysXFoundation_64_NULL_THUNK_DATA_DLB 0000000180009488     PhysXFoundation_64:PhysXFoundation_64.dll
 0002:00002f98       __IMPORT_DESCRIPTOR_KERNEL32 0000000180009f98     kernel32:KERNEL32.dll
 0002:00002fac       __IMPORT_DESCRIPTOR_VCRUNTIME140D 0000000180009fac     vcruntimed:VCRUNTIME140D.dll
 0002:00002fc0       __IMPORT_DESCRIPTOR_ucrtbased 0000000180009fc0     ucrtd:ucrtbased.dll
 0002:00002fd4       __NULL_IMPORT_DESCRIPTOR   0000000180009fd4     kernel32:KERNEL32.dll
 0003:00000000       __pfnDliNotifyHook2        000000018000b000     WindowsCookingDelayLoadHook.obj
 0003:00000008       _fltused                   000000018000b008     MSVCRTD:fltused.obj
 0003:0000000c       __scrt_native_dllmain_reason 000000018000b00c     MSVCRTD:utility.obj
 0003:00000010       __security_cookie_complement 000000018000b010     MSVCRTD:gs_cookie.obj
 0003:00000018       __security_cookie          000000018000b018     MSVCRTD:gs_cookie.obj
 0003:00000020       ?_RTC_ErrorLevels@@3PAHA   000000018000b020     MSVCRTD:error.obj
 0003:00000038       __isa_available            000000018000b038     MSVCRTD:cpu_disp.obj
 0003:0000003c       __isa_enabled              000000018000b03c     MSVCRTD:cpu_disp.obj
 0003:00000040       __memset_fast_string_threshold 000000018000b040     MSVCRTD:cpu_disp.obj
 0003:00000048       __memset_nt_threshold      000000018000b048     MSVCRTD:cpu_disp.obj
 0003:00000050       __scrt_ucrt_dll_is_in_use  000000018000b050     MSVCRTD:ucrt_stubs.obj
 0003:00000058       ??_R0?AVBVH@Gu@physx@@@8   000000018000b058     Cooking.obj
 0003:00000080       ??_R0?AVBV4TriangleMesh@Gu@physx@@@8 000000018000b080     Cooking.obj
 0003:000000b0       ??_R0?AUSlab@NodeAllocator@Gu@physx@@@8 000000018000b0b0     Cooking.obj
 0003:000000e8       ??_R0?AVtype_info@@@8      000000018000b0e8     MSVCRTD:std_type_info_static.obj
 0003:00000108       __imp_getInsertionCallback 000000018000b108     PhysXCommon_64:PhysXCommon_64.dll
 0003:00000110       __imp_??0BV4TriangleMesh@Gu@physx@@QEAA@AEBUPxTriangleMeshInternalData@2@@Z 000000018000b110     PhysXCommon_64:PhysXCommon_64.dll
 0003:00000118       __imp_cookBVH              000000018000b118     PhysXCommon_64:PhysXCommon_64.dll
 0003:00000120       __imp_createBVH            000000018000b120     PhysXCommon_64:PhysXCommon_64.dll
 0003:00000128       __imp_cookHeightField      000000018000b128     PhysXCommon_64:PhysXCommon_64.dll
 0003:00000130       __imp_createHeightField    000000018000b130     PhysXCommon_64:PhysXCommon_64.dll
 0003:00000138       __imp_cookConvexMesh       000000018000b138     PhysXCommon_64:PhysXCommon_64.dll
 0003:00000140       __imp_createConvexMesh     000000018000b140     PhysXCommon_64:PhysXCommon_64.dll
 0003:00000148       __imp_validateConvexMesh   000000018000b148     PhysXCommon_64:PhysXCommon_64.dll
 0003:00000150       __imp_computeHullPolygons  000000018000b150     PhysXCommon_64:PhysXCommon_64.dll
 0003:00000158       __imp_validateTriangleMesh 000000018000b158     PhysXCommon_64:PhysXCommon_64.dll
 0003:00000160       __imp_createTriangleMesh   000000018000b160     PhysXCommon_64:PhysXCommon_64.dll
 0003:00000168       __imp_cookTriangleMesh     000000018000b168     PhysXCommon_64:PhysXCommon_64.dll
 0003:00000170       __imp_cookTetrahedronMesh  000000018000b170     PhysXCommon_64:PhysXCommon_64.dll
 0003:00000178       __imp_createTetrahedronMesh 000000018000b178     PhysXCommon_64:PhysXCommon_64.dll
 0003:00000180       __imp_cookDeformableVolumeMesh 000000018000b180     PhysXCommon_64:PhysXCommon_64.dll
 0003:00000188       __imp_createDeformableVolumeMesh 000000018000b188     PhysXCommon_64:PhysXCommon_64.dll
 0003:00000190       __imp_computeModelsMapping 000000018000b190     PhysXCommon_64:PhysXCommon_64.dll
 0003:00000198       __imp_computeCollisionData 000000018000b198     PhysXCommon_64:PhysXCommon_64.dll
 0003:000001a0       __imp_computeSimulationData 000000018000b1a0     PhysXCommon_64:PhysXCommon_64.dll
 0003:000001a8       __imp_assembleDeformableVolumeMesh 000000018000b1a8     PhysXCommon_64:PhysXCommon_64.dll
 0003:000001b0       __imp_?release@AABBTreeBounds@Gu@physx@@QEAAXXZ 000000018000b1b0     PhysXCommon_64:PhysXCommon_64.dll
 0003:000001b8       __imp_??0BVH@Gu@physx@@QEAA@AEBUPxBVHInternalData@2@@Z 000000018000b1b8     PhysXCommon_64:PhysXCommon_64.dll
 0003:000001c0       \177PhysXCommon_64_NULL_THUNK_DATA_DLA 000000018000b1c0     PhysXCommon_64:PhysXCommon_64.dll
 0003:000001c8       __imp_PxGetBroadcastAllocator 000000018000b1c8     PhysXFoundation_64:PhysXFoundation_64.dll
 0003:000001d0       __imp_?PxAssert@physx@@YAXPEBD0HAEA_N@Z 000000018000b1d0     PhysXFoundation_64:PhysXFoundation_64.dll
 0003:000001d8       \177PhysXFoundation_64_NULL_THUNK_DATA_DLA 000000018000b1d8     PhysXFoundation_64:PhysXFoundation_64.dll
 0003:00000240       ?_ignore@?2??grow@?$PxArray@USlab@NodeAllocator@Gu@physx@@V?$PxReflectionAllocator@USlab@NodeAllocator@Gu@physx@@@4@@physx@@IEAAXI@Z@4_NA 000000018000b240     Cooking.obj
 0003:00000241       ?_ignore@?2??recreate@?$PxArray@USlab@NodeAllocator@Gu@physx@@V?$PxReflectionAllocator@USlab@NodeAllocator@Gu@physx@@@4@@physx@@IEAAXI@Z@4_NA 000000018000b241     Cooking.obj
 0003:00000250       __hmod__PhysXCommon_64_dll 000000018000b250     PhysXCommon_64:PhysXCommon_64.dll
 0003:00000258       __hmod__PhysXFoundation_64_dll 000000018000b258     PhysXFoundation_64:PhysXFoundation_64.dll
 0003:00000260       ?DloadKernel32@@3PEAUHINSTANCE__@@EA 000000018000b260     Delayimp:delayhlp.obj
 0003:00000268       ?DloadAcquireSRWLockExclusive@@3P6AXPEA_K@ZEA 000000018000b268     Delayimp:delayhlp.obj
 0003:00000270       ?DloadReleaseSRWLockExclusive@@3P6AXPEA_K@ZEA 000000018000b270     Delayimp:delayhlp.obj
 0003:00000278       ?DloadSrwLock@@3_KA        000000018000b278     Delayimp:delayhlp.obj
 0003:00000280       ?DloadSectionLockCount@@3KA 000000018000b280     Delayimp:delayhlp.obj
 0003:00000284       ?DloadSectionOldProtection@@3KA 000000018000b284     Delayimp:delayhlp.obj
 0003:00000288       ?DloadSectionCommitPermanent@@3KA 000000018000b288     Delayimp:delayhlp.obj
 0003:00000290       ?__type_info_root_node@@3U__type_info_node@@A 000000018000b290     MSVCRTD:tncleanup.obj
 0003:000002a8       __castguard_check_failure_user_handled_fptr 000000018000b2a8     MSVCRTD:guard_support.obj
 0003:000002c0       ?_OptionsStorage@?1??__local_stdio_printf_options@@9@4_KA 000000018000b2c0     MSVCRTD:default_local_stdio_options.obj
 0003:000002c8       ?_OptionsStorage@?1??__local_stdio_scanf_options@@9@4_KA 000000018000b2c8     MSVCRTD:default_local_stdio_options.obj
 0003:000002d0       __scrt_current_native_startup_state 000000018000b2d0     MSVCRTD:utility.obj
 0003:000002d8       __scrt_native_startup_lock 000000018000b2d8     MSVCRTD:utility.obj
 0003:00000318       __scrt_debugger_hook_flag  000000018000b318     MSVCRTD:utility_desktop.obj
 0003:0000031c       __favor                    000000018000b31c     MSVCRTD:cpu_disp.obj
 0003:000008a0       __dyn_tls_init_callback    000000018000b8a0     <common>

 entry point at        0001:00002fa0

 Static symbols

 0000:ffff1000       .debug$S                   0000000180000000     PhysXCooking_64.exp
 0000:ffff1000       .debug$S                   0000000180000000     ucrtd:ucrtbased.dll
 0000:ffff1000       .debug$S                   0000000180000000     ucrtd:ucrtbased.dll
 0000:ffff1000       .debug$S                   0000000180000000     ucrtd:ucrtbased.dll
 0000:ffff1000       .debug$S                   0000000180000000     ucrtd:ucrtbased.dll
 0000:ffff1000       .debug$S                   0000000180000000     ucrtd:ucrtbased.dll
 0000:ffff1000       .debug$S                   0000000180000000     ucrtd:ucrtbased.dll
 0000:ffff1000       .debug$S                   0000000180000000     ucrtd:ucrtbased.dll
 0000:ffff1000       .debug$S                   0000000180000000     ucrtd:ucrtbased.dll
 0000:ffff1000       .debug$S                   0000000180000000     ucrtd:ucrtbased.dll
 0000:ffff1000       .debug$S                   0000000180000000     ucrtd:ucrtbased.dll
 0000:ffff1000       .debug$S                   0000000180000000     ucrtd:ucrtbased.dll
 0000:ffff1000       .debug$S                   0000000180000000     ucrtd:ucrtbased.dll
 0000:ffff1000       .debug$S                   0000000180000000     ucrtd:ucrtbased.dll
 0000:ffff1000       .debug$S                   0000000180000000     ucrtd:ucrtbased.dll
 0000:ffff1000       .debug$S                   0000000180000000     ucrtd:ucrtbased.dll
 0000:ffff1000       .debug$S                   0000000180000000     ucrtd:ucrtbased.dll
 0000:ffff1000       .debug$S                   0000000180000000     ucrtd:ucrtbased.dll
 0000:ffff1000       .debug$S                   0000000180000000     ucrtd:ucrtbased.dll
 0000:ffff1000       .debug$S                   0000000180000000     ucrtd:ucrtbased.dll
 0000:ffff1000       .debug$S                   0000000180000000     ucrtd:ucrtbased.dll
 0000:ffff1000       .debug$S                   0000000180000000     ucrtd:ucrtbased.dll
 0000:ffff1000       .debug$S                   0000000180000000     kernel32:KERNEL32.dll
 0000:ffff1000       .debug$S                   0000000180000000     kernel32:KERNEL32.dll
 0000:ffff1000       .debug$S                   0000000180000000     kernel32:KERNEL32.dll
 0000:ffff1000       .debug$S                   0000000180000000     kernel32:KERNEL32.dll
 0000:ffff1000       .debug$S                   0000000180000000     kernel32:KERNEL32.dll
 0000:ffff1000       .debug$S                   0000000180000000     kernel32:KERNEL32.dll
 0000:ffff1000       .debug$S                   0000000180000000     kernel32:KERNEL32.dll
 0000:ffff1000       .debug$S                   0000000180000000     kernel32:KERNEL32.dll
 0000:ffff1000       .debug$S                   0000000180000000     kernel32:KERNEL32.dll
 0000:ffff1000       .debug$S                   0000000180000000     kernel32:KERNEL32.dll
 0000:ffff1000       .debug$S                   0000000180000000     kernel32:KERNEL32.dll
 0000:ffff1000       .debug$S                   0000000180000000     kernel32:KERNEL32.dll
 0000:ffff1000       .debug$S                   0000000180000000     kernel32:KERNEL32.dll
 0000:ffff1000       .debug$S                   0000000180000000     kernel32:KERNEL32.dll
 0000:ffff1000       .debug$S                   0000000180000000     kernel32:KERNEL32.dll
 0000:ffff1000       .debug$S                   0000000180000000     kernel32:KERNEL32.dll
 0000:ffff1000       .debug$S                   0000000180000000     kernel32:KERNEL32.dll
 0000:ffff1000       .debug$S                   0000000180000000     kernel32:KERNEL32.dll
 0000:ffff1000       .debug$S                   0000000180000000     kernel32:KERNEL32.dll
 0000:ffff1000       .debug$S                   0000000180000000     kernel32:KERNEL32.dll
 0000:ffff1000       .debug$S                   0000000180000000     kernel32:KERNEL32.dll
 0000:ffff1000       .debug$S                   0000000180000000     kernel32:KERNEL32.dll
 0000:ffff1000       .debug$S                   0000000180000000     kernel32:KERNEL32.dll
 0000:ffff1000       .debug$S                   0000000180000000     kernel32:KERNEL32.dll
 0000:ffff1000       .debug$S                   0000000180000000     kernel32:KERNEL32.dll
 0000:ffff1000       .debug$S                   0000000180000000     kernel32:KERNEL32.dll
 0000:ffff1000       .debug$S                   0000000180000000     kernel32:KERNEL32.dll
 0000:ffff1000       .debug$S                   0000000180000000     kernel32:KERNEL32.dll
 0000:ffff1000       .debug$S                   0000000180000000     kernel32:KERNEL32.dll
 0000:ffff1000       .debug$S                   0000000180000000     kernel32:KERNEL32.dll
 0000:ffff1000       .debug$S                   0000000180000000     kernel32:KERNEL32.dll
 0000:ffff1000       .debug$S                   0000000180000000     PhysXCommon_64:PhysXCommon_64.dll
 0000:ffff1000       .debug$S                   0000000180000000     PhysXCommon_64:PhysXCommon_64.dll
 0000:ffff1000       .debug$S                   0000000180000000     PhysXCommon_64:PhysXCommon_64.dll
 0000:ffff1000       .debug$S                   0000000180000000     PhysXCommon_64:PhysXCommon_64.dll
 0000:ffff1000       .debug$S                   0000000180000000     PhysXCommon_64:PhysXCommon_64.dll
 0000:ffff1000       .debug$S                   0000000180000000     PhysXCommon_64:PhysXCommon_64.dll
 0000:ffff1000       .debug$S                   0000000180000000     PhysXCommon_64:PhysXCommon_64.dll
 0000:ffff1000       .debug$S                   0000000180000000     PhysXCommon_64:PhysXCommon_64.dll
 0000:ffff1000       .debug$S                   0000000180000000     PhysXCommon_64:PhysXCommon_64.dll
 0000:ffff1000       .debug$S                   0000000180000000     PhysXCommon_64:PhysXCommon_64.dll
 0000:ffff1000       .debug$S                   0000000180000000     PhysXCommon_64:PhysXCommon_64.dll
 0000:ffff1000       .debug$S                   0000000180000000     PhysXCommon_64:PhysXCommon_64.dll
 0000:ffff1000       .debug$S                   0000000180000000     PhysXCommon_64:PhysXCommon_64.dll
 0000:ffff1000       .debug$S                   0000000180000000     PhysXCommon_64:PhysXCommon_64.dll
 0000:ffff1000       .debug$S                   0000000180000000     PhysXCommon_64:PhysXCommon_64.dll
 0000:ffff1000       .debug$S                   0000000180000000     PhysXCommon_64:PhysXCommon_64.dll
 0000:ffff1000       .debug$S                   0000000180000000     PhysXCommon_64:PhysXCommon_64.dll
 0000:ffff1000       .debug$S                   0000000180000000     PhysXCommon_64:PhysXCommon_64.dll
 0000:ffff1000       .debug$S                   0000000180000000     PhysXCommon_64:PhysXCommon_64.dll
 0000:ffff1000       .debug$S                   0000000180000000     PhysXCommon_64:PhysXCommon_64.dll
 0000:ffff1000       .debug$S                   0000000180000000     PhysXCommon_64:PhysXCommon_64.dll
 0000:ffff1000       .debug$S                   0000000180000000     PhysXCommon_64:PhysXCommon_64.dll
 0000:ffff1000       .debug$S                   0000000180000000     PhysXCommon_64:PhysXCommon_64.dll
 0000:ffff1000       .debug$S                   0000000180000000     PhysXFoundation_64:PhysXFoundation_64.dll
 0000:ffff1000       .debug$S                   0000000180000000     PhysXFoundation_64:PhysXFoundation_64.dll
 0000:00000000       _volmd                     0000000180000000     Delayimp:delayhlp.obj
 0000:00000000       _volmd                     0000000180000000     Delayimp:delayhlp.obj
 0000:00000000       _volmd                     0000000180000000     Delayimp:delayhlp.obj
 0000:00000000       _volmd                     0000000180000000     Delayimp:delayhlp.obj
 0000:00000000       _volmd                     0000000180000000     Delayimp:delayhlp.obj
 0000:00000000       _volmd                     0000000180000000     Delayimp:delayhlp.obj
 0000:00000000       _volmd                     0000000180000000     Delayimp:delayhlp.obj
 0000:00000000       _volmd                     0000000180000000     Delayimp:delayhlp.obj
 0000:00000000       _volmd                     0000000180000000     Delayimp:delayhlp.obj
 0000:00000000       _volmd                     0000000180000000     Delayimp:delayhlp.obj
 0000:00000000       _volmd                     0000000180000000     Delayimp:delayhlp.obj
 0000:00000000       _volmd                     0000000180000000     MSVCRTD:cpu_disp.obj
 0002:ffff9000       __guard_ehcont_?dllmain_dispatch@@YAHQEAUHINSTANCE__@@KQEAX@Z 0000000180000000     MSVCRTD:dll_dllmain.obj
 0002:ffff9000       __guard_fids_?dllmain_dispatch@@YAHQEAUHINSTANCE__@@KQEAX@Z 0000000180000000     MSVCRTD:dll_dllmain.obj
 0002:ffff9000       __guard_ehcont_?notify_debugger@@YAXAEBUtagEXCEPTION_VISUALCPP_DEBUG_INFO@@@Z 0000000180000000     MSVCRTD:error.obj
 0000:00000000       _volmd                     0000000180000000     MSVCRTD:gs_report.obj
 0000:00000000       _volmd                     0000000180000000     MSVCRTD:gs_report.obj
 0000:00000000       _volmd                     0000000180000000     MSVCRTD:gs_report.obj
 0002:ffff9000       __guard_fids__             0000000180000000     MSVCRTD:guard_support.obj
 0002:ffff9000       __guard_fids__             0000000180000000     MSVCRTD:guard_support.obj
 0002:ffff9000       __guard_fids__guard_icall_checks_enforced 0000000180000000     MSVCRTD:guard_support.obj
 0000:00000000       _volmd                     0000000180000000     MSVCRTD:guard_support.obj
 0000:00000000       _volmd                     0000000180000000     MSVCRTD:guard_support.obj
 0000:00000000       _volmd                     0000000180000000     MSVCRTD:guard_support.obj
 0000:00000000       _volmd                     0000000180000000     MSVCRTD:guard_support.obj
 0002:ffff9000       __guard_fids__CRT_RTC_INIT 0000000180000000     MSVCRTD:init.obj
 0002:ffff9000       __guard_fids__CRT_RTC_INITW 0000000180000000     MSVCRTD:init.obj
 0002:ffff9000       __guard_fids__             0000000180000000     MSVCRTD:std_type_info_static.obj
 0002:ffff9000       __guard_ehcont___scrt_is_nonwritable_in_current_image 0000000180000000     MSVCRTD:utility.obj
 0000:00000000       _volmd                     0000000180000000     MSVCRTD:utility.obj
 0000:00000000       _volmd                     0000000180000000     MSVCRTD:utility.obj
 0000:00000000       _volmd                     0000000180000000     MSVCRTD:utility.obj
 0002:ffff9000       __guard_fids___scrt_set_unhandled_exception_filter 0000000180000000     MSVCRTD:utility_desktop.obj
 0000:00000000       _volmd                     0000000180000000     MSVCRTD:utility_desktop.obj
 0002:ffff9000       __guard_fids__             0000000180000000     vcruntimed:softmemtag.obj
 0000:ffff1000       .debug$S                   0000000180000000     vcruntimed:VCRUNTIME140D.dll
 0000:ffff1000       .debug$S                   0000000180000000     vcruntimed:VCRUNTIME140D.dll
 0000:ffff1000       .debug$S                   0000000180000000     vcruntimed:VCRUNTIME140D.dll
 0000:ffff1000       .debug$S                   0000000180000000     vcruntimed:VCRUNTIME140D.dll
 0000:ffff1000       .debug$S                   0000000180000000     vcruntimed:VCRUNTIME140D.dll
 0000:ffff1000       .debug$S                   0000000180000000     vcruntimed:VCRUNTIME140D.dll
 0000:ffff1000       .debug$S                   0000000180000000     vcruntimed:VCRUNTIME140D.dll
 0000:ffff1000       .debug$S                   0000000180000000     vcruntimed:VCRUNTIME140D.dll
 0000:ffff1000       .debug$S                   0000000180000000     vcruntimed:VCRUNTIME140D.dll
 0000:ffff1000       .debug$S                   0000000180000000     vcruntimed:VCRUNTIME140D.dll
 0000:ffff1000       .debug$S                   0000000180000000     vcruntimed:VCRUNTIME140D.dll
 0000:ffff1000       .debug$S                   0000000180000000     vcruntimed:VCRUNTIME140D.dll
 0000:ffff1000       .debug$S                   0000000180000000     vcruntimed:VCRUNTIME140D.dll
 0001:00000000       ??__EmaxFError@vecMathTests@aos@physx@@YAXXZ 0000000180001000 f   Cooking.obj
 0001:00000030       ??__EmaxV3Error@vecMathTests@aos@physx@@YAXXZ 0000000180001030 f   Cooking.obj
 0001:00000060       ??__EmaxV4Error@vecMathTests@aos@physx@@YAXXZ 0000000180001060 f   Cooking.obj
 0001:00000090       ??__EminFError@vecMathTests@aos@physx@@YAXXZ 0000000180001090 f   Cooking.obj
 0001:000000c0       ??__EminV3Error@vecMathTests@aos@physx@@YAXXZ 00000001800010c0 f   Cooking.obj
[...]
 0002:00001abc       $unwind$?DloadGetSRWLockFunctionPointers@@YAEXZ 0000000180008abc     Delayimp:delayhlp.obj
 0002:00001ac8       $unwind$?DloadLock@@YAXXZ  0000000180008ac8     Delayimp:delayhlp.obj
 0002:00001ad0       $unwind$?DloadUnlock@@YAXXZ 0000000180008ad0     Delayimp:delayhlp.obj
 0002:00001ad8       $unwind$?DloadObtainSection@@YAPEAXPEAK0@Z 0000000180008ad8     Delayimp:delayhlp.obj
 0002:00001ae8       $unwind$?DloadMakePermanentImageCommit@@YAXPEAX_K@Z 0000000180008ae8     Delayimp:delayhlp.obj
 0002:00001af4       $unwind$?DloadProtectSection@@YAXKPEAK@Z 0000000180008af4     Delayimp:delayhlp.obj
 0002:00001b04       $unwind$?DloadAcquireSectionWriteAccess@@YAXXZ 0000000180008b04     Delayimp:delayhlp.obj
 0002:00001b0c       $unwind$?DloadReleaseSectionWriteAccess@@YAXXZ 0000000180008b0c     Delayimp:delayhlp.obj
 0002:00001b14       $unwind$?PiddFromDllName@@YAPEBUImgDelayDescr@@PEBD@Z 0000000180008b14     Delayimp:delayhlp.obj
 0002:00001b1c       $unwind$__delayLoadHelper2 0000000180008b1c     Delayimp:delayhlp.obj
 0002:00001b38       $unwind$??3@YAXPEAX@Z      0000000180008b38     MSVCRTD:delete_scalar.obj
 0002:00001b40       $unwind$??3@YAXPEAX_K@Z    0000000180008b40     MSVCRTD:delete_scalar_size.obj
 0002:00001b48       $unwind$??_V@YAXPEAX@Z     0000000180008b48     MSVCRTD:delete_array.obj
 0002:00001b50       $unwind$??_V@YAXPEAX_K@Z   0000000180008b50     MSVCRTD:delete_array_size.obj
 0002:00001b58       $unwind$_RTC_Shutdown      0000000180008b58     MSVCRTD:init.obj
 0002:00001b60       $unwind$_RTC_InitBase      0000000180008b60     MSVCRTD:init.obj
 0002:00001b68       $unwind$??_Gtype_info@@UEAAPEAXI@Z 0000000180008b68     MSVCRTD:std_type_info_static.obj
 0002:00001b70       $unwind$?__scrt_initialize_type_info@@YAXXZ 0000000180008b70     MSVCRTD:tncleanup.obj
 0002:00001b78       $unwind$?__scrt_uninitialize_type_info@@YAXXZ 0000000180008b78     MSVCRTD:tncleanup.obj
 0002:00001b80       $unwind$?dllmain_crt_process_attach@@YAHQEAUHINSTANCE__@@QEAX@Z 0000000180008b80     MSVCRTD:dll_dllmain.obj
 0002:00001ba0       $unwind$?fin$0@?0??dllmain_crt_process_attach@@YAHQEAUHINSTANCE__@@QEAX@Z@4HA 0000000180008ba0     MSVCRTD:dll_dllmain.obj
 0002:00001ba8       $unwind$?dllmain_crt_process_detach@@YAH_N@Z 0000000180008ba8     MSVCRTD:dll_dllmain.obj
 0002:00001bd8       $unwind$?fin$0@?0??dllmain_crt_process_detach@@YAH_N@Z@4HA 0000000180008bd8     MSVCRTD:dll_dllmain.obj
 0002:00001be0       $unwind$?fin$1@?0??dllmain_crt_process_detach@@YAH_N@Z@4HA 0000000180008be0     MSVCRTD:dll_dllmain.obj
 0002:00001be8       $unwind$?dllmain_crt_dispatch@@YAHQEAUHINSTANCE__@@KQEAX@Z 0000000180008be8     MSVCRTD:dll_dllmain.obj
 0002:00001bf0       $unwind$_CRT_INIT          0000000180008bf0     MSVCRTD:dll_dllmain.obj
 0002:00001bf8       $unwind$?dllmain_raw@@YAHQEAUHINSTANCE__@@KQEAX@Z 0000000180008bf8     MSVCRTD:dll_dllmain.obj
 0002:00001c00       $unwind$?dllmain_dispatch@@YAHQEAUHINSTANCE__@@KQEAX@Z 0000000180008c00     MSVCRTD:dll_dllmain.obj
 0002:00001c20       $unwind$?filt$0@?0??dllmain_dispatch@@YAHQEAUHINSTANCE__@@KQEAX@Z@4HA 0000000180008c20     MSVCRTD:dll_dllmain.obj
 0002:00001c28       $unwind$_DllMainCRTStartup 0000000180008c28     MSVCRTD:dll_dllmain.obj
 0002:00001c30       $unwind$ReadNoFence64      0000000180008c30     MSVCRTD:guard_support.obj
 0002:00001c38       $unwind$ReadPointerNoFence 0000000180008c38     MSVCRTD:guard_support.obj
 0002:00001c40       $unwind$__castguard_set_user_handler 0000000180008c40     MSVCRTD:guard_support.obj
 0002:00001c48       $unwind$_guard_icall_checks_enforced 0000000180008c48     MSVCRTD:guard_support.obj
 0002:00001c50       $unwind$__castguard_compat_check 0000000180008c50     MSVCRTD:guard_support.obj
 0002:00001c58       $unwind$__castguard_check_failure_os_handled_wrapper 0000000180008c58     MSVCRTD:guard_support.obj
 0002:00001c60       $unwind$__castguard_check_failure_user_handled_wrapper 0000000180008c60     MSVCRTD:guard_support.obj
 0002:00001c68       $unwind$__castguard_check_failure_debugbreak 0000000180008c68     MSVCRTD:guard_support.obj
 0002:00001c70       $unwind$__castguard_check_failure_fastfail 0000000180008c70     MSVCRTD:guard_support.obj
 0002:00001c78       $unwind$__castguard_check_failure_os_handled 0000000180008c78     MSVCRTD:guard_support.obj
 0002:00001c80       $unwind$__castguard_check_failure_user_handled 0000000180008c80     MSVCRTD:guard_support.obj
 0002:00001c88       $unwind$__castguard_slow_path_compat_check 0000000180008c88     MSVCRTD:guard_support.obj
 0002:00001c90       $unwind$__castguard_slow_path_check_debugbreak 0000000180008c90     MSVCRTD:guard_support.obj
 0002:00001c98       $unwind$__castguard_slow_path_check_fastfail 0000000180008c98     MSVCRTD:guard_support.obj
 0002:00001ca0       $unwind$__castguard_slow_path_check_os_handled 0000000180008ca0     MSVCRTD:guard_support.obj
 0002:00001ca8       $unwind$__castguard_slow_path_check_user_handled 0000000180008ca8     MSVCRTD:guard_support.obj
 0002:00001cb0       $unwind$__security_init_cookie 0000000180008cb0     MSVCRTD:gs_support.obj
 0002:00001cb8       $unwind$__get_entropy      0000000180008cb8     MSVCRTD:gs_support.obj
 0002:00001cc0       $unwind$DllMain            0000000180008cc0     MSVCRTD:dll_dllmain_stub.obj
 0002:00001cc8       $unwind$__scrt_initialize_default_local_stdio_options 0000000180008cc8     MSVCRTD:default_local_stdio_options.obj
 0002:00001cd0       $unwind$atexit             0000000180008cd0     MSVCRTD:utility.obj
 0002:00001cd8       $unwind$_onexit            0000000180008cd8     MSVCRTD:utility.obj
 0002:00001ce0       $unwind$at_quick_exit      0000000180008ce0     MSVCRTD:utility.obj
 0002:00001ce8       $unwind$__scrt_is_nonwritable_in_current_image 0000000180008ce8     MSVCRTD:utility.obj
 0002:00001d08       $unwind$__scrt_is_nonwritable_in_current_image$filt$0 0000000180008d08     MSVCRTD:utility.obj
 0002:00001d10       $unwind$__scrt_acquire_startup_lock 0000000180008d10     MSVCRTD:utility.obj
 0002:00001d18       $unwind$__scrt_release_startup_lock 0000000180008d18     MSVCRTD:utility.obj
 0002:00001d20       $unwind$__scrt_initialize_crt 0000000180008d20     MSVCRTD:utility.obj
 0002:00001d28       $unwind$__scrt_uninitialize_crt 0000000180008d28     MSVCRTD:utility.obj
 0002:00001d30       $unwind$__scrt_initialize_onexit_tables 0000000180008d30     MSVCRTD:utility.obj
 0002:00001d3c       $unwind$__scrt_dllmain_exception_filter 0000000180008d3c     MSVCRTD:utility.obj
 0002:00001d44       $unwind$__scrt_dllmain_before_initialize_c 0000000180008d44     MSVCRTD:utility.obj
 0002:00001d4c       $unwind$__scrt_dllmain_after_initialize_c 0000000180008d4c     MSVCRTD:utility.obj
 0002:00001d54       $unwind$__scrt_dllmain_uninitialize_c 0000000180008d54     MSVCRTD:utility.obj
 0002:00001d5c       $unwind$__scrt_dllmain_uninitialize_critical 0000000180008d5c     MSVCRTD:utility.obj
 0002:00001d64       $unwind$__scrt_dllmain_crt_thread_attach 0000000180008d64     MSVCRTD:utility.obj
 0002:00001d6c       $unwind$__scrt_dllmain_crt_thread_detach 0000000180008d6c     MSVCRTD:utility.obj
 0002:00001d74       $unwind$?configure_argv@__scrt_narrow_argv_policy@@SAHXZ 0000000180008d74     MSVCRTD:utility.obj
 0002:00001d7c       $unwind$?initialize_environment@__scrt_narrow_environment_policy@@SAHXZ 0000000180008d7c     MSVCRTD:utility.obj
 0002:00001d84       $unwind$?is_potentially_valid_image_base@@YA_NQEAX@Z 0000000180008d84     MSVCRTD:utility.obj
 0002:00001d8c       $unwind$?find_pe_section@@YAPEAU_IMAGE_SECTION_HEADER@@QEAE_K@Z 0000000180008d8c     MSVCRTD:utility.obj
 0002:00001d94       $unwind$__scrt_get_show_window_mode 0000000180008d94     MSVCRTD:utility_desktop.obj
 0002:00001da0       $unwind$__scrt_is_managed_app 0000000180008da0     MSVCRTD:utility_desktop.obj
 0002:00001da8       $unwind$__scrt_initialize_mta 0000000180008da8     MSVCRTD:utility_desktop.obj
 0002:00001db0       $unwind$__scrt_set_unhandled_exception_filter 0000000180008db0     MSVCRTD:utility_desktop.obj
 0002:00001db8       $unwind$__scrt_fastfail    0000000180008db8     MSVCRTD:utility_desktop.obj
 0002:00001dc4       $unwind$__scrt_unhandled_exception_filter 0000000180008dc4     MSVCRTD:utility_desktop.obj
 0002:00001dcc       $unwind$_RTC_Initialize    0000000180008dcc     MSVCRTD:initsect.obj
 0002:00001dd8       $unwind$_RTC_Terminate     0000000180008dd8     MSVCRTD:initsect.obj
 0002:00001de8       $xdatasym                  0000000180008de8     MSVCRTD:guard_dispatch.obj
 0002:00001df0       $xdatasym                  0000000180008df0     MSVCRTD:guard_xfg_dispatch.obj
 0002:00001df4       $unwind$_RTC_UninitUse     0000000180008df4     MSVCRTD:error.obj
 0002:00001e0c       $unwind$?_RTC_StackFailure@@YAXPEAXPEBD@Z 0000000180008e0c     MSVCRTD:error.obj
 0002:00001e28       $unwind$?_RTC_AllocaFailure@@YAXPEAXPEAU_RTC_ALLOCA_NODE@@H@Z 0000000180008e28     MSVCRTD:error.obj
 0002:00001e40       $chain$0$?_RTC_AllocaFailure@@YAXPEAXPEAU_RTC_ALLOCA_NODE@@H@Z 0000000180008e40     MSVCRTD:error.obj
 0002:00001e54       $chain$1$?_RTC_AllocaFailure@@YAXPEAXPEAU_RTC_ALLOCA_NODE@@H@Z 0000000180008e54     MSVCRTD:error.obj
 0002:00001e64       $unwind$_vsprintf_s_l      0000000180008e64     MSVCRTD:error.obj
 0002:00001e78       $unwind$sprintf_s          0000000180008e78     MSVCRTD:error.obj
 0002:00001e80       $unwind$?notify_debugger@@YAXAEBUtagEXCEPTION_VISUALCPP_DEBUG_INFO@@@Z 0000000180008e80     MSVCRTD:error.obj
 0002:00001ea0       $unwind$?filt$0@?0??notify_debugger@@YAXAEBUtagEXCEPTION_VISUALCPP_DEBUG_INFO@@@Z@4HA 0000000180008ea0     MSVCRTD:error.obj
 0002:00001ea8       $unwind$?DebuggerProbe@@YA_NK@Z 0000000180008ea8     MSVCRTD:error.obj
 0002:00001eb0       $unwind$?DebuggerRuntime@@YA_NKHPEAXPEB_W@Z 0000000180008eb0     MSVCRTD:error.obj
 0002:00001eb8       $unwind$?failwithmessage@@YAXPEAXHHPEBD@Z 0000000180008eb8     MSVCRTD:error.obj
 0002:00001edc       $unwind$?_getMemBlockDataString@@YAXPEAD0PEBD_K@Z 0000000180008edc     MSVCRTD:error.obj
 0002:00001eec       $chain$3$?_getMemBlockDataString@@YAXPEAD0PEBD_K@Z 0000000180008eec     MSVCRTD:error.obj
 0002:00001f0c       $chain$4$?_getMemBlockDataString@@YAXPEAD0PEBD_K@Z 0000000180008f0c     MSVCRTD:error.obj
 0002:00001f1c       $unwind$__isa_available_init 0000000180008f1c     MSVCRTD:cpu_disp.obj
 0002:00001f2c       $unwind$__scrt_is_ucrt_dll_in_use 0000000180008f2c     MSVCRTD:ucrt_detection.obj
 0002:00001f34       $unwind$?_RTC_GetSrcLine@@YAHPEAEPEA_WKPEAH1K@Z 0000000180008f34     MSVCRTD:pdblkup.obj
 0002:00001f4c       $unwind$?GetPdbDllFromInstallPath@@YAPEAUHINSTANCE__@@XZ 0000000180008f4c     MSVCRTD:pdblkup.obj
 0002:00001f70       $unwind$?GetPdbDllPathFromFilePath@@YAHPEB_WPEA_W_K@Z 0000000180008f70     MSVCRTD:pdblkup.obj
 0002:00001f88       $unwind$?GetPdbDll@@YAPEAUHINSTANCE__@@XZ 0000000180008f88     MSVCRTD:pdblkup.obj
 0002:00001f98       $unwind$__GSHandlerCheckCommon 0000000180008f98     MSVCRTD:gshandler.obj
 0002:00001fa0       $unwind$__GSHandlerCheck   0000000180008fa0     MSVCRTD:gshandler.obj
 0002:00001fa8       $xdatasym                  0000000180008fa8     MSVCRTD:amdsecgs.obj
 0002:00001fac       $unwind$__report_securityfailure 0000000180008fac     MSVCRTD:gs_report.obj
 0002:00001fb4       $unwind$__report_securityfailureEx 0000000180008fb4     MSVCRTD:gs_report.obj
 0002:00001fbc       $unwind$__report_rangecheckfailure 0000000180008fbc     MSVCRTD:gs_report.obj
 0002:00001fc4       $unwind$__report_gsfailure 0000000180008fc4     MSVCRTD:gs_report.obj
 0002:00001fcc       $unwind$capture_current_context 0000000180008fcc     MSVCRTD:gs_report.obj
 0002:00001fd4       $unwind$capture_previous_context 0000000180008fd4     MSVCRTD:gs_report.obj
 0002:00001fdc       $unwind$__raise_securityfailure 0000000180008fdc     MSVCRTD:gs_report.obj
 0002:000024a0       .edata                     00000001800094a0     PhysXCooking_64.exp
 0002:000024c8       rgpv                       00000001800094c8     PhysXCooking_64.exp
 0002:000025ac       rgszName                   00000001800095ac     PhysXCooking_64.exp
 0002:00002690       rgwOrd                     0000000180009690     PhysXCooking_64.exp
 0002:00002702       szName                     0000000180009702     PhysXCooking_64.exp
 0002:00002716       $N00001                    0000000180009716     PhysXCooking_64.exp
 0002:0000273a       $N00002                    000000018000973a     PhysXCooking_64.exp
 0002:00002769       $N00003                    0000000180009769     PhysXCooking_64.exp
 0002:00002790       $N00004                    0000000180009790     PhysXCooking_64.exp
 0002:000027e7       $N00005                    00000001800097e7     PhysXCooking_64.exp
 0002:00002812       $N00006                    0000000180009812     PhysXCooking_64.exp
 0002:00002838       $N00007                    0000000180009838     PhysXCooking_64.exp
 0002:00002857       $N00008                    0000000180009857     PhysXCooking_64.exp
 0002:0000287b       $N00009                    000000018000987b     PhysXCooking_64.exp
 0002:000028a2       $N00010                    00000001800098a2     PhysXCooking_64.exp
 0002:000028cb       $N00011                    00000001800098cb     PhysXCooking_64.exp
 0002:000028ea       $N00012                    00000001800098ea     PhysXCooking_64.exp
 0002:0000291d       $N00013                    000000018000991d     PhysXCooking_64.exp
 0002:00002953       $N00014                    0000000180009953     PhysXCooking_64.exp
 0002:0000298b       $N00015                    000000018000998b     PhysXCooking_64.exp
 0002:000029bd       $N00016                    00000001800099bd     PhysXCooking_64.exp
 0002:000029e9       $N00017                    00000001800099e9     PhysXCooking_64.exp
 0002:00002a05       $N00018                    0000000180009a05     PhysXCooking_64.exp
 0002:00002a2f       $N00019                    0000000180009a2f     PhysXCooking_64.exp
 0002:00002a6b       $N00020                    0000000180009a6b     PhysXCooking_64.exp
 0002:00002aa6       $N00021                    0000000180009aa6     PhysXCooking_64.exp
 0002:00002ae1       $N00022                    0000000180009ae1     PhysXCooking_64.exp
 0002:00002b16       $N00023                    0000000180009b16     PhysXCooking_64.exp
 0002:00002b52       $N00024                    0000000180009b52     PhysXCooking_64.exp
 0002:00002b85       $N00025                    0000000180009b85     PhysXCooking_64.exp
 0002:00002bb8       $N00026                    0000000180009bb8     PhysXCooking_64.exp
 0002:00002bf2       $N00027                    0000000180009bf2     PhysXCooking_64.exp
 0002:00002c2c       $N00028                    0000000180009c2c     PhysXCooking_64.exp
 0002:00002c59       $N00029                    0000000180009c59     PhysXCooking_64.exp
 0002:00002c8c       $N00030                    0000000180009c8c     PhysXCooking_64.exp
 0002:00002cba       $N00031                    0000000180009cba     PhysXCooking_64.exp
 0002:00002ce7       $N00032                    0000000180009ce7     PhysXCooking_64.exp
 0002:00002d23       $N00033                    0000000180009d23     PhysXCooking_64.exp
 0002:00002d60       $N00034                    0000000180009d60     PhysXCooking_64.exp
 0002:00002d90       $N00035                    0000000180009d90     PhysXCooking_64.exp
 0002:00002daf       $N00036                    0000000180009daf     PhysXCooking_64.exp
 0002:00002dc6       $N00037                    0000000180009dc6     PhysXCooking_64.exp
 0002:00002ddc       $N00038                    0000000180009ddc     PhysXCooking_64.exp
 0002:00002df3       $N00039                    0000000180009df3     PhysXCooking_64.exp
 0002:00002e0b       $N00040                    0000000180009e0b     PhysXCooking_64.exp
 0002:00002e15       $N00041                    0000000180009e15     PhysXCooking_64.exp
 0002:00002e26       $N00042                    0000000180009e26     PhysXCooking_64.exp
 0002:00002e41       $N00043                    0000000180009e41     PhysXCooking_64.exp
 0002:00002e53       $N00044                    0000000180009e53     PhysXCooking_64.exp
 0002:00002e69       $N00045                    0000000180009e69     PhysXCooking_64.exp
 0002:00002e7c       $N00046                    0000000180009e7c     PhysXCooking_64.exp
 0002:00002e88       $N00047                    0000000180009e88     PhysXCooking_64.exp
 0002:00002e9c       $N00048                    0000000180009e9c     PhysXCooking_64.exp
 0002:00002eaf       $N00049                    0000000180009eaf     PhysXCooking_64.exp
 0002:00002ecc       $N00050                    0000000180009ecc     PhysXCooking_64.exp
 0002:00002ee0       $N00051                    0000000180009ee0     PhysXCooking_64.exp
 0002:00002ef8       $N00052                    0000000180009ef8     PhysXCooking_64.exp
 0002:00002f0d       $N00053                    0000000180009f0d     PhysXCooking_64.exp
 0002:00002f2a       $N00054                    0000000180009f2a     PhysXCooking_64.exp
 0002:00002f4b       $N00055                    0000000180009f4b     PhysXCooking_64.exp
 0002:00002f6a       $N00056                    0000000180009f6a     PhysXCooking_64.exp
 0002:00002f7f       $N00057                    0000000180009f7f     PhysXCooking_64.exp
 0002:00003218       .idata$6                   000000018000a218     kernel32:KERNEL32.dll
 0002:00003338       .idata$6                   000000018000a338     vcruntimed:VCRUNTIME140D.dll
 0002:000034d4       .idata$6                   000000018000a4d4     ucrtd:ucrtbased.dll
 0003:000001e0       ?maxV3Error@vecMathTests@aos@physx@@3T__m128@@B 000000018000b1e0     Cooking.obj
 0003:000001f0       ?minFError@vecMathTests@aos@physx@@3T__m128@@B 000000018000b1f0     Cooking.obj
 0003:00000200       ?maxV4Error@vecMathTests@aos@physx@@3T__m128@@B 000000018000b200     Cooking.obj
 0003:00000210       ?minV4Error@vecMathTests@aos@physx@@3T__m128@@B 000000018000b210     Cooking.obj
 0003:00000220       ?minV3Error@vecMathTests@aos@physx@@3T__m128@@B 000000018000b220     Cooking.obj
 0003:00000230       ?maxFError@vecMathTests@aos@physx@@3T__m128@@B 000000018000b230     Cooking.obj
 0003:00000248       ?gCookingDelayLoadHook@@3PEBVPxDelayLoadHook@physx@@EB 000000018000b248     WindowsCookingDelayLoadHook.obj
 0003:0000028c       ?init@?1??_RTC_InitBase@@9@4_NA 000000018000b28c     MSVCRTD:init.obj
 0003:000002a0       ?__proc_attached@@3HA      000000018000b2a0     MSVCRTD:dll_dllmain.obj
 0003:000002b0       ?_RTC_ErrorReportFunc@@3P6AHHPEBDH00ZZEA 000000018000b2b0     MSVCRTD:userapi.obj
 0003:000002b8       ?_RTC_ErrorReportFuncW@@3P6AHHPEB_WH00ZZEA 000000018000b2b8     MSVCRTD:userapi.obj
 0003:000002e0       ?is_initialized_as_dll@@3_NA 000000018000b2e0     MSVCRTD:utility.obj
 0003:000002e1       ?module_local_atexit_table_initialized@@3_NA 000000018000b2e1     MSVCRTD:utility.obj
 0003:000002e8       ?module_local_atexit_table@@3U_onexit_table_t@@A 000000018000b2e8     MSVCRTD:utility.obj
 0003:00000300       ?module_local_at_quick_exit_table@@3U_onexit_table_t@@A 000000018000b300     MSVCRTD:utility.obj
 0003:00000320       ?mspdb@@3PEAUHINSTANCE__@@EA 000000018000b320     MSVCRTD:pdblkup.obj
 0003:00000328       ?alreadyTried@?1??GetPdbDll@@YAPEAUHINSTANCE__@@XZ@4_NA 000000018000b328     MSVCRTD:pdblkup.obj
 0003:00000329       ?PDBOK@?1??_RTC_GetSrcLine@@YAHPEAEPEA_WKPEAH1K@Z@4_NA 000000018000b329     MSVCRTD:pdblkup.obj
 0003:00000330       GS_ExceptionRecord         000000018000b330     MSVCRTD:gs_report.obj
 0003:000003d0       GS_ContextRecord           000000018000b3d0     MSVCRTD:gs_report.obj
 0005:000000a0       $R000000                   000000018000d0a0     PhysXCooking.res
 0005:000003d0       $R000330                   000000018000d3d0     PhysXCooking.res
