 PhysXCooking_64

 Timestamp is 6798eb23 (Tue Jan 28 14:35:15 2025)

 Preferred load address is 0000000180000000

 Start         Length     Name                   Class
 0001:00000000 00000060H .text$di                CODE
 0001:00000060 00001e00H .text$mn                CODE
 0001:00001e60 00000036H .text$mn$00             CODE
 0001:00001e96 00000092H .text$x                 CODE
 0002:00000000 00000158H .idata$5                DATA
 0002:00000158 00000038H .00cfg                  DATA
 0002:00000190 00000008H .CRT$XCA                DATA
 0002:00000198 00000030H .CRT$XCU                DATA
 0002:000001c8 00000008H .CRT$XCZ                DATA
 0002:000001d0 00000008H .CRT$XIA                DATA
 0002:000001d8 00000008H .CRT$XIZ                DATA
 0002:000001e0 00000008H .CRT$XPA                DATA
 0002:000001e8 00000008H .CRT$XPZ                DATA
 0002:000001f0 00000008H .CRT$XTA                DATA
 0002:000001f8 00000008H .CRT$XTZ                DATA
 0002:00000200 00000000H .gehcont$y              DATA
 0002:00000200 00000000H .gfids$y                DATA
 0002:00000200 00000480H .rdata                  DATA
 0002:00000680 00000000H .rdata$CastGuardVftablesA DATA
 0002:00000680 00000000H .rdata$CastGuardVftablesC DATA
 0002:00000680 00000074H .rdata$r                DATA
 0002:000006f4 00000080H .rdata$voltmd           DATA
 0002:00000774 000003f4H .rdata$zzzdbg           DATA
 0002:00000b68 00000008H .rtc$IAA                DATA
 0002:00000b70 00000008H .rtc$IZZ                DATA
 0002:00000b78 00000008H .rtc$TAA                DATA
 0002:00000b80 00000008H .rtc$TZZ                DATA
 0002:00000b88 000002dcH .xdata                  DATA
 0002:00000e64 00000040H .didat$2                DATA
 0002:00000ea4 00000024H .didat$3                DATA
 0002:00000ec8 000000d0H .didat$4                DATA
 0002:00000f98 00000280H .didat$6                DATA
 0002:00001218 000000d8H .didat$7                DATA
 0002:000012f0 00000af8H .edata                  DATA
 0002:00001de8 00000050H .idata$2                DATA
 0002:00001e38 00000018H .idata$3                DATA
 0002:00001e50 00000158H .idata$4                DATA
 0002:00001fa8 00000372H .idata$6                DATA
 0003:00000000 00000040H .data                   DATA
 0003:00000040 00000090H .data$r                 DATA
 0003:000000d0 00000020H .data$rs                DATA
 0003:000000f0 000000d0H .didat$5                DATA
 0003:000001c0 00000130H .bss                    DATA
 0004:00000000 0000030cH .pdata                  DATA
 0005:00000000 000000a0H .rsrc$01                DATA
 0005:000000a0 000004b0H .rsrc$02                DATA

  Address         Publics by Value              Rva+Base               Lib:Object

 0000:00000000       __AbsoluteZero             0000000000000000     <absolute>
 0000:00000000       ___safe_se_handler_count   0000000000000000     <absolute>
 0000:00000000       ___safe_se_handler_table   0000000000000000     <absolute>
 0000:00000000       __arm64x_extra_rfe_table   0000000000000000     <absolute>
 0000:00000000       __arm64x_extra_rfe_table_size 0000000000000000     <absolute>
 0000:00000000       __arm64x_native_entrypoint 0000000000000000     <absolute>
 0000:00000000       __arm64x_redirection_metadata 0000000000000000     <absolute>
 0000:00000000       __arm64x_redirection_metadata_count 0000000000000000     <absolute>
 0000:00000000       __dynamic_value_reloc_table 0000000000000000     <absolute>
 0000:00000000       __enclave_config           0000000000000000     <absolute>
 0000:00000000       __guard_check_icall_a64n_fptr 0000000000000000     <absolute>
 0000:00000000       __guard_eh_cont_count      0000000000000000     <absolute>
 0000:00000000       __guard_eh_cont_table      0000000000000000     <absolute>
 0000:00000000       __guard_fids_count         0000000000000000     <absolute>
 0000:00000000       __guard_fids_table         0000000000000000     <absolute>
 0000:00000000       __guard_iat_count          0000000000000000     <absolute>
 0000:00000000       __guard_iat_table          0000000000000000     <absolute>
 0000:00000000       __guard_longjmp_count      0000000000000000     <absolute>
 0000:00000000       __guard_longjmp_table      0000000000000000     <absolute>
 0000:00000000       __hybrid_auxiliary_delayload_iat 0000000000000000     <absolute>
 0000:00000000       __hybrid_auxiliary_delayload_iat_copy 0000000000000000     <absolute>
 0000:00000000       __hybrid_auxiliary_iat     0000000000000000     <absolute>
 0000:00000000       __hybrid_auxiliary_iat_copy 0000000000000000     <absolute>
 0000:00000000       __hybrid_code_map          0000000000000000     <absolute>
 0000:00000000       __hybrid_code_map_count    0000000000000000     <absolute>
 0000:00000000       __hybrid_image_info_bitfield 0000000000000000     <absolute>
 0000:00000000       __x64_code_ranges_to_entry_points 0000000000000000     <absolute>
 0000:00000000       __x64_code_ranges_to_entry_points_count 0000000000000000     <absolute>
 0000:00000100       __guard_flags              0000000000000100     <absolute>
 0000:00000000       __ImageBase                0000000180000000     <linker-defined>
 0001:00000060       ??$copy@V?$PxReflectionAllocator@USlab@NodeAllocator@Gu@physx@@@physx@@@?$PxArray@USlab@NodeAllocator@Gu@physx@@V?$PxReflectionAllocator@USlab@NodeAllocator@Gu@physx@@@4@@physx@@IEAAXAEBV01@@Z 0000000180001060 f i Cooking.obj
 0001:000000e0       ??0AABBTreeBounds@Gu@physx@@QEAA@XZ 00000001800010e0 f i Cooking.obj
 0001:000000f0       ??0AABBTreeBuildNode@Gu@physx@@QEAA@AEBV012@@Z 00000001800010f0 f i Cooking.obj
 0001:000000f0       ??4AABBTreeBuildNode@Gu@physx@@QEAAAEAV012@AEBV012@@Z 00000001800010f0 f i Cooking.obj
 0001:00000130       ??0AABBTreeBuildNode@Gu@physx@@QEAA@XZ 0000000180001130 f i Cooking.obj
 0001:00000130       ??4PxFoundation@physx@@QEAAAEAV01@AEBV01@@Z 0000000180001130 f i Cooking.obj
 0001:00000130       ?getAABB@AABBTreeBuildNode@Gu@physx@@QEBAAEBVPxBounds3@3@XZ 0000000180001130 f i Cooking.obj
 0001:00000140       ??0AABBTreeBuildParams@Gu@physx@@QEAA@IIPEBVAABBTreeBounds@12@W4BVHBuildStrategy@12@@Z 0000000180001140 f i Cooking.obj
 0001:00000160       ??0NodeAllocator@Gu@physx@@QEAA@AEBV012@@Z 0000000180001160 f i Cooking.obj
 0001:000001a0       ??0PxFoundation@physx@@QEAA@AEBV01@@Z 00000001800011a0 f i Cooking.obj
 0001:000001a0       ??0PxFoundation@physx@@QEAA@XZ 00000001800011a0 f i Cooking.obj
 0001:000001b0       ??1AABBTreeBounds@Gu@physx@@QEAA@XZ 00000001800011b0 f i Cooking.obj
 0001:000001c0       ??1AABBTreeBuildNode@Gu@physx@@QEAA@XZ 00000001800011c0 f i Cooking.obj
 0001:000001c0       _guard_check_icall_nop     00000001800011c0 f i MSVCRT:guard_support.obj
 0001:000001d0       ??1AABBTreeBuildParams@Gu@physx@@QEAA@XZ 00000001800011d0 f i Cooking.obj
 0001:000001d0       ?reset@AABBTreeBuildParams@Gu@physx@@QEAAXXZ 00000001800011d0 f i Cooking.obj
 0001:00000220       ??1PxFoundation@physx@@MEAA@XZ 0000000180001220 f i Cooking.obj
 0001:00000230       ??4AABBTreeBounds@Gu@physx@@QEAAAEAV012@AEBV012@@Z 0000000180001230 f i Cooking.obj
 0001:00000240       ??4AABBTreeBuildParams@Gu@physx@@QEAAAEAV012@AEBV012@@Z 0000000180001240 f i Cooking.obj
 0001:00000260       ??4NodeAllocator@Gu@physx@@QEAAAEAV012@AEBV012@@Z 0000000180001260 f i Cooking.obj
 0001:00000310       ??_EPxFoundation@physx@@MEAAPEAXI@Z 0000000180001310 f i Cooking.obj
 0001:000003a0       ??_FAABBTreeBuildParams@Gu@physx@@QEAAXXZ 00000001800013a0 f i Cooking.obj
 0001:000003c0       ?allocate@?$PxArray@USlab@NodeAllocator@Gu@physx@@V?$PxReflectionAllocator@USlab@NodeAllocator@Gu@physx@@@4@@physx@@IEAAPEAUSlab@NodeAllocator@Gu@2@IPEAI@Z 00000001800013c0 f i Cooking.obj
 0001:00000450       ?getBounds@AABBTreeBounds@Gu@physx@@QEAAPEAVPxBounds3@3@XZ 0000000180001450 f i Cooking.obj
 0001:00000450       ?getBounds@AABBTreeBounds@Gu@physx@@QEBAPEBVPxBounds3@3@XZ 0000000180001450 f i Cooking.obj
 0001:00000460       ?getNbPrimitives@AABBTreeBuildNode@Gu@physx@@QEBAIXZ 0000000180001460 f i Cooking.obj
 0001:00000460       ?getNbRuntimePrimitives@AABBTreeBuildNode@Gu@physx@@QEBAIXZ 0000000180001460 f i Cooking.obj
 0001:00000470       ?getNeg@AABBTreeBuildNode@Gu@physx@@QEBAPEBV123@XZ 0000000180001470 f i Cooking.obj
 0001:00000490       ?getPos@AABBTreeBuildNode@Gu@physx@@QEBAPEBV123@XZ 0000000180001490 f i Cooking.obj
 0001:000004a0       ?getPrimitives@AABBTreeBuildNode@Gu@physx@@QEAAPEAIPEAI@Z 00000001800014a0 f i Cooking.obj
 0001:000004a0       ?getPrimitives@AABBTreeBuildNode@Gu@physx@@QEBAPEBIPEBI@Z 00000001800014a0 f i Cooking.obj
 0001:000004b0       ?isLeaf@AABBTreeBuildNode@Gu@physx@@QEBA_NXZ 00000001800014b0 f i Cooking.obj
 0001:000004c0       ?moveFrom@AABBTreeBounds@Gu@physx@@QEAAXAEAV123@@Z 00000001800014c0 f i Cooking.obj
 0001:000004d0       ?ownsMemory@AABBTreeBounds@Gu@physx@@QEBA_NXZ 00000001800014d0 f i Cooking.obj
 0001:000004e0       ?recreate@?$PxArray@USlab@NodeAllocator@Gu@physx@@V?$PxReflectionAllocator@USlab@NodeAllocator@Gu@physx@@@4@@physx@@IEAAXI@Z 00000001800014e0 f i Cooking.obj
 0001:000005d0       ?setBounds@AABBTreeBounds@Gu@physx@@QEAAXPEAVPxBounds3@3@@Z 00000001800015d0 f i Cooking.obj
 0001:000005e0       ?setNbRunTimePrimitives@AABBTreeBuildNode@Gu@physx@@QEAAXI@Z 00000001800015e0 f i Cooking.obj
 0001:000005f0       ?takeOwnership@AABBTreeBounds@Gu@physx@@QEAAXXZ 00000001800015f0 f i Cooking.obj
 0001:00000600       PxAssembleDeformableVolumeMesh 0000000180001600 f   Cooking.obj
 0001:00000610       PxComputeCollisionData     0000000180001610 f   Cooking.obj
 0001:00000620       PxComputeHullPolygons      0000000180001620 f   Cooking.obj
 0001:00000630       PxComputeModelsMapping     0000000180001630 f   Cooking.obj
 0001:00000640       PxComputeSimulationData    0000000180001640 f   Cooking.obj
 0001:00000650       PxCookBVH                  0000000180001650 f   Cooking.obj
 0001:00000660       PxCookConvexMesh           0000000180001660 f   Cooking.obj
 0001:00000670       PxCookDeformableVolumeMesh 0000000180001670 f   Cooking.obj
 0001:00000680       PxCookHeightField          0000000180001680 f   Cooking.obj
 0001:00000690       PxCookTetrahedronMesh      0000000180001690 f   Cooking.obj
 0001:000006a0       PxCookTriangleMesh         00000001800016a0 f   Cooking.obj
 0001:000006b0       PxCreateBVH                00000001800016b0 f   Cooking.obj
 0001:000006c0       PxCreateBVHInternal        00000001800016c0 f   Cooking.obj
 0001:00000750       PxCreateConvexMesh         0000000180001750 f   Cooking.obj
 0001:00000760       PxCreateDeformableVolumeMesh 0000000180001760 f   Cooking.obj
 0001:00000770       PxCreateHeightField        0000000180001770 f   Cooking.obj
 0001:00000780       PxCreateTetrahedronMesh    0000000180001780 f   Cooking.obj
 0001:00000790       PxCreateTriangleMesh       0000000180001790 f   Cooking.obj
 0001:000007a0       PxCreateTriangleMeshInternal 00000001800017a0 f   Cooking.obj
 0001:00000830       PxGetStandaloneInsertionCallback 0000000180001830 f   Cooking.obj
 0001:00000840       PxValidateConvexMesh       0000000180001840 f   Cooking.obj
 0001:00000850       PxValidateTriangleMesh     0000000180001850 f   Cooking.obj
 0001:00000860       ?cookingDelayHook@@YAP6A_JXZIPEAUDelayLoadInfo@@@Z 0000000180001860 f   WindowsCookingDelayLoadHook.obj
 0001:00000940       PxSetPhysXCookingDelayLoadHook 0000000180001940 f   WindowsCookingDelayLoadHook.obj
 0001:00000948       __imp_load_getInsertionCallback 0000000180001948 f   PhysXCommon_64:PhysXCommon_64.dll
 0001:00000954       getInsertionCallback       0000000180001954 f   PhysXCommon_64:PhysXCommon_64.dll
 0001:0000095a       __tailMerge_physxcommon_64_dll 000000018000195a     PhysXCommon_64:PhysXCommon_64.dll
 0001:000009d3       __imp_load_cookBVH         00000001800019d3 f   PhysXCommon_64:PhysXCommon_64.dll
 0001:000009df       cookBVH                    00000001800019df f   PhysXCommon_64:PhysXCommon_64.dll
 0001:000009e5       __imp_load_createBVH       00000001800019e5 f   PhysXCommon_64:PhysXCommon_64.dll
 0001:000009f1       createBVH                  00000001800019f1 f   PhysXCommon_64:PhysXCommon_64.dll
 0001:000009f7       __imp_load_cookHeightField 00000001800019f7 f   PhysXCommon_64:PhysXCommon_64.dll
 0001:00000a03       cookHeightField            0000000180001a03 f   PhysXCommon_64:PhysXCommon_64.dll
 0001:00000a09       __imp_load_createHeightField 0000000180001a09 f   PhysXCommon_64:PhysXCommon_64.dll
 0001:00000a15       createHeightField          0000000180001a15 f   PhysXCommon_64:PhysXCommon_64.dll
 0001:00000a1b       __imp_load_cookConvexMesh  0000000180001a1b f   PhysXCommon_64:PhysXCommon_64.dll
 0001:00000a27       cookConvexMesh             0000000180001a27 f   PhysXCommon_64:PhysXCommon_64.dll
 0001:00000a2d       __imp_load_createConvexMesh 0000000180001a2d f   PhysXCommon_64:PhysXCommon_64.dll
 0001:00000a39       createConvexMesh           0000000180001a39 f   PhysXCommon_64:PhysXCommon_64.dll
 0001:00000a3f       __imp_load_validateConvexMesh 0000000180001a3f f   PhysXCommon_64:PhysXCommon_64.dll
 0001:00000a4b       validateConvexMesh         0000000180001a4b f   PhysXCommon_64:PhysXCommon_64.dll
 0001:00000a51       __imp_load_computeHullPolygons 0000000180001a51 f   PhysXCommon_64:PhysXCommon_64.dll
 0001:00000a5d       computeHullPolygons        0000000180001a5d f   PhysXCommon_64:PhysXCommon_64.dll
 0001:00000a63       __imp_load_validateTriangleMesh 0000000180001a63 f   PhysXCommon_64:PhysXCommon_64.dll
 0001:00000a6f       validateTriangleMesh       0000000180001a6f f   PhysXCommon_64:PhysXCommon_64.dll
 0001:00000a75       __imp_load_createTriangleMesh 0000000180001a75 f   PhysXCommon_64:PhysXCommon_64.dll
 0001:00000a81       createTriangleMesh         0000000180001a81 f   PhysXCommon_64:PhysXCommon_64.dll
 0001:00000a87       __imp_load_cookTriangleMesh 0000000180001a87 f   PhysXCommon_64:PhysXCommon_64.dll
 0001:00000a93       cookTriangleMesh           0000000180001a93 f   PhysXCommon_64:PhysXCommon_64.dll
 0001:00000a99       __imp_load_cookTetrahedronMesh 0000000180001a99 f   PhysXCommon_64:PhysXCommon_64.dll
 0001:00000aa5       cookTetrahedronMesh        0000000180001aa5 f   PhysXCommon_64:PhysXCommon_64.dll
 0001:00000aab       __imp_load_createTetrahedronMesh 0000000180001aab f   PhysXCommon_64:PhysXCommon_64.dll
 0001:00000ab7       createTetrahedronMesh      0000000180001ab7 f   PhysXCommon_64:PhysXCommon_64.dll
 0001:00000abd       __imp_load_cookDeformableVolumeMesh 0000000180001abd f   PhysXCommon_64:PhysXCommon_64.dll
 0001:00000ac9       cookDeformableVolumeMesh   0000000180001ac9 f   PhysXCommon_64:PhysXCommon_64.dll
 0001:00000acf       __imp_load_createDeformableVolumeMesh 0000000180001acf f   PhysXCommon_64:PhysXCommon_64.dll
 0001:00000adb       createDeformableVolumeMesh 0000000180001adb f   PhysXCommon_64:PhysXCommon_64.dll
 0001:00000ae1       __imp_load_computeModelsMapping 0000000180001ae1 f   PhysXCommon_64:PhysXCommon_64.dll
 0001:00000aed       computeModelsMapping       0000000180001aed f   PhysXCommon_64:PhysXCommon_64.dll
 0001:00000af3       __imp_load_computeCollisionData 0000000180001af3 f   PhysXCommon_64:PhysXCommon_64.dll
 0001:00000aff       computeCollisionData       0000000180001aff f   PhysXCommon_64:PhysXCommon_64.dll
 0001:00000b05       __imp_load_computeSimulationData 0000000180001b05 f   PhysXCommon_64:PhysXCommon_64.dll
 0001:00000b11       computeSimulationData      0000000180001b11 f   PhysXCommon_64:PhysXCommon_64.dll
 0001:00000b17       __imp_load_assembleDeformableVolumeMesh 0000000180001b17 f   PhysXCommon_64:PhysXCommon_64.dll
 0001:00000b23       assembleDeformableVolumeMesh 0000000180001b23 f   PhysXCommon_64:PhysXCommon_64.dll
 0001:00000b29       __imp_load_?release@AABBTreeBounds@Gu@physx@@QEAAXXZ 0000000180001b29 f   PhysXCommon_64:PhysXCommon_64.dll
 0001:00000b35       ?release@AABBTreeBounds@Gu@physx@@QEAAXXZ 0000000180001b35 f   PhysXCommon_64:PhysXCommon_64.dll
 0001:00000b3b       __imp_load_??0BVH@Gu@physx@@QEAA@AEBUPxBVHInternalData@2@@Z 0000000180001b3b f   PhysXCommon_64:PhysXCommon_64.dll
 0001:00000b47       ??0BVH@Gu@physx@@QEAA@AEBUPxBVHInternalData@2@@Z 0000000180001b47 f   PhysXCommon_64:PhysXCommon_64.dll
 0001:00000b4d       __imp_load_??0BV4TriangleMesh@Gu@physx@@QEAA@AEBUPxTriangleMeshInternalData@2@@Z 0000000180001b4d f   PhysXCommon_64:PhysXCommon_64.dll
 0001:00000b59       ??0BV4TriangleMesh@Gu@physx@@QEAA@AEBUPxTriangleMeshInternalData@2@@Z 0000000180001b59 f   PhysXCommon_64:PhysXCommon_64.dll
 0001:00000b5f       __imp_load_PxGetBroadcastAllocator 0000000180001b5f f   PhysXFoundation_64:PhysXFoundation_64.dll
 0001:00000b6b       PxGetBroadcastAllocator    0000000180001b6b f   PhysXFoundation_64:PhysXFoundation_64.dll
 0001:00000b71       __tailMerge_physxfoundation_64_dll 0000000180001b71     PhysXFoundation_64:PhysXFoundation_64.dll
 0001:00000bec       ?DloadAcquireSectionWriteAccess@@YAXXZ 0000000180001bec f i Delayimp:delayhlp.obj
 0001:00000c98       ?DloadGetSRWLockFunctionPointers@@YAEXZ 0000000180001c98 f i Delayimp:delayhlp.obj
 0001:00000d38       ?DloadMakePermanentImageCommit@@YAXPEAX_K@Z 0000000180001d38 f i Delayimp:delayhlp.obj
 0001:00000dd0       ?DloadObtainSection@@YAPEAXPEAK0@Z 0000000180001dd0 f i Delayimp:delayhlp.obj
 0001:00000e6c       ?DloadProtectSection@@YAXKPEAK@Z 0000000180001e6c f i Delayimp:delayhlp.obj
 0001:00000efc       ?DloadReleaseSectionWriteAccess@@YAXXZ 0000000180001efc f i Delayimp:delayhlp.obj
 0001:00000f90       __delayLoadHelper2         0000000180001f90 f   Delayimp:delayhlp.obj
 0001:00001268       ??3@YAXPEAX@Z              0000000180002268 f   MSVCRT:delete_scalar.obj
 0001:00001270       ??3@YAXPEAX_K@Z            0000000180002270 f   MSVCRT:delete_scalar_size.obj
 0001:00001270       ??_V@YAXPEAX@Z             0000000180002270 f   MSVCRT:delete_array.obj
 0001:00001278       ??_V@YAXPEAX_K@Z           0000000180002278 f   MSVCRT:delete_array_size.obj
 0001:00001280       ??_Etype_info@@UEAAPEAXI@Z 0000000180002280 f i MSVCRT:std_type_info_static.obj
 0001:00001280       ??_Gtype_info@@UEAAPEAXI@Z 0000000180002280 f i MSVCRT:std_type_info_static.obj
 0001:000012ac       ?__scrt_initialize_type_info@@YAXXZ 00000001800022ac f   MSVCRT:tncleanup.obj
 0001:000012bc       ?__scrt_uninitialize_type_info@@YAXXZ 00000001800022bc f   MSVCRT:tncleanup.obj
 0001:000015e8       _DllMainCRTStartup         00000001800025e8 f   MSVCRT:dll_dllmain.obj
 0001:00001628       __security_init_cookie     0000000180002628 f   MSVCRT:gs_support.obj
 0001:000016d4       DllMain                    00000001800026d4 f   MSVCRT:dll_dllmain_stub.obj
 0001:000016f8       __local_stdio_printf_options 00000001800026f8 f i MSVCRT:default_local_stdio_options.obj
 0001:00001700       __local_stdio_scanf_options 0000000180002700 f i MSVCRT:default_local_stdio_options.obj
 0001:00001708       __scrt_initialize_default_local_stdio_options 0000000180002708 f   MSVCRT:default_local_stdio_options.obj
 0001:00001724       __scrt_acquire_startup_lock 0000000180002724 f   MSVCRT:utility.obj
 0001:00001760       __scrt_dllmain_after_initialize_c 0000000180002760 f   MSVCRT:utility.obj
 0001:00001794       __scrt_dllmain_before_initialize_c 0000000180002794 f   MSVCRT:utility.obj
 0001:000017ac       __scrt_dllmain_crt_thread_attach 00000001800027ac f   MSVCRT:utility.obj
 0001:000017d4       __scrt_dllmain_crt_thread_detach 00000001800027d4 f   MSVCRT:utility.obj
 0001:000017ec       __scrt_dllmain_exception_filter 00000001800027ec f   MSVCRT:utility.obj
 0001:0000184c       __scrt_dllmain_uninitialize_c 000000018000284c f   MSVCRT:utility.obj
 0001:0000187c       __scrt_dllmain_uninitialize_critical 000000018000287c f   MSVCRT:utility.obj
 0001:00001890       __scrt_initialize_crt      0000000180002890 f   MSVCRT:utility.obj
 0001:000018dc       __scrt_initialize_onexit_tables 00000001800028dc f   MSVCRT:utility.obj
 0001:00001968       __scrt_is_nonwritable_in_current_image 0000000180002968 f   MSVCRT:utility.obj
 0001:00001a00       __scrt_release_startup_lock 0000000180002a00 f   MSVCRT:utility.obj
 0001:00001a24       __scrt_uninitialize_crt    0000000180002a24 f   MSVCRT:utility.obj
 0001:00001a50       __scrt_get_dyn_tls_init_callback 0000000180002a50 f   MSVCRT:dyn_tls_init.obj
 0001:00001a58       __crt_debugger_hook        0000000180002a58 f   MSVCRT:utility_desktop.obj
 0001:00001a60       __scrt_fastfail            0000000180002a60 f   MSVCRT:utility_desktop.obj
 0001:00001bac       _RTC_Initialize            0000000180002bac f   MSVCRT:initsect.obj
 0001:00001be8       _RTC_Terminate             0000000180002be8 f   MSVCRT:initsect.obj
 0001:00001c30       __isa_available_init       0000000180002c30 f   MSVCRT:cpu_disp.obj
 0001:00001ddc       _get_startup_argv_mode     0000000180002ddc f   MSVCRT:argv_mode.obj
 0001:00001de4       __scrt_is_ucrt_dll_in_use  0000000180002de4 f   MSVCRT:ucrt_detection.obj
 0001:00001df0       _purecall                  0000000180002df0 f   vcruntime:VCRUNTIME140.dll
 0001:00001df6       __std_type_info_name       0000000180002df6 f   vcruntime:VCRUNTIME140.dll
 0001:00001dfc       strstr                     0000000180002dfc f   vcruntime:VCRUNTIME140.dll
 0001:00001e02       __std_type_info_destroy_list 0000000180002e02 f   vcruntime:VCRUNTIME140.dll
 0001:00001e08       __C_specific_handler       0000000180002e08 f   vcruntime:VCRUNTIME140.dll
 0001:00001e0e       memset                     0000000180002e0e f   vcruntime:VCRUNTIME140.dll
 0001:00001e14       memcpy                     0000000180002e14 f   vcruntime:VCRUNTIME140.dll
 0001:00001e1a       free                       0000000180002e1a f   ucrt:api-ms-win-crt-heap-l1-1-0.dll
 0001:00001e20       _initterm                  0000000180002e20 f   ucrt:api-ms-win-crt-runtime-l1-1-0.dll
 0001:00001e26       _initterm_e                0000000180002e26 f   ucrt:api-ms-win-crt-runtime-l1-1-0.dll
 0001:00001e2c       _seh_filter_dll            0000000180002e2c f   ucrt:api-ms-win-crt-runtime-l1-1-0.dll
 0001:00001e32       _configure_narrow_argv     0000000180002e32 f   ucrt:api-ms-win-crt-runtime-l1-1-0.dll
 0001:00001e38       _initialize_narrow_environment 0000000180002e38 f   ucrt:api-ms-win-crt-runtime-l1-1-0.dll
 0001:00001e3e       _initialize_onexit_table   0000000180002e3e f   ucrt:api-ms-win-crt-runtime-l1-1-0.dll
 0001:00001e44       _execute_onexit_table      0000000180002e44 f   ucrt:api-ms-win-crt-runtime-l1-1-0.dll
 0001:00001e4a       _cexit                     0000000180002e4a f   ucrt:api-ms-win-crt-runtime-l1-1-0.dll
 0001:00001e50       __acrt_initialize          0000000180002e50 f   MSVCRT:ucrt_stubs.obj
 0001:00001e50       __acrt_thread_attach       0000000180002e50 f   MSVCRT:ucrt_stubs.obj
 0001:00001e50       __acrt_thread_detach       0000000180002e50 f   MSVCRT:ucrt_stubs.obj
 0001:00001e50       __acrt_uninitialize        0000000180002e50 f   MSVCRT:ucrt_stubs.obj
 0001:00001e50       __acrt_uninitialize_critical 0000000180002e50 f   MSVCRT:ucrt_stubs.obj
 0001:00001e50       __scrt_stub_for_acrt_initialize 0000000180002e50 f   MSVCRT:ucrt_stubs.obj
 0001:00001e50       __scrt_stub_for_acrt_thread_attach 0000000180002e50 f   MSVCRT:ucrt_stubs.obj
 0001:00001e50       __scrt_stub_for_acrt_thread_detach 0000000180002e50 f   MSVCRT:ucrt_stubs.obj
 0001:00001e50       __scrt_stub_for_acrt_uninitialize 0000000180002e50 f   MSVCRT:ucrt_stubs.obj
 0001:00001e50       __scrt_stub_for_acrt_uninitialize_critical 0000000180002e50 f   MSVCRT:ucrt_stubs.obj
 0001:00001e50       __vcrt_initialize          0000000180002e50 f   MSVCRT:ucrt_stubs.obj
 0001:00001e50       __vcrt_thread_attach       0000000180002e50 f   MSVCRT:ucrt_stubs.obj
 0001:00001e50       __vcrt_thread_detach       0000000180002e50 f   MSVCRT:ucrt_stubs.obj
 0001:00001e50       __vcrt_uninitialize        0000000180002e50 f   MSVCRT:ucrt_stubs.obj
 0001:00001e50       __vcrt_uninitialize_critical 0000000180002e50 f   MSVCRT:ucrt_stubs.obj
 0001:00001e54       __scrt_stub_for_is_c_termination_complete 0000000180002e54 f   MSVCRT:ucrt_stubs.obj
 0001:00001e54       _is_c_termination_complete 0000000180002e54 f   MSVCRT:ucrt_stubs.obj
 0001:00001e70       _guard_dispatch_icall_nop  0000000180002e70 f   MSVCRT:guard_dispatch.obj
 0001:00001e90       _guard_xfg_dispatch_icall_nop 0000000180002e90 f   MSVCRT:guard_xfg_dispatch.obj
 0002:00000000       __imp_LoadLibraryA         0000000180003000     kernel32:KERNEL32.dll
 0002:00000008       __imp_SetUnhandledExceptionFilter 0000000180003008     kernel32:KERNEL32.dll
 0002:00000010       __imp_UnhandledExceptionFilter 0000000180003010     kernel32:KERNEL32.dll
 0002:00000018       __imp_IsDebuggerPresent    0000000180003018     kernel32:KERNEL32.dll
 0002:00000020       __imp_RtlVirtualUnwind     0000000180003020     kernel32:KERNEL32.dll
 0002:00000028       __imp_RtlLookupFunctionEntry 0000000180003028     kernel32:KERNEL32.dll
 0002:00000030       __imp_RtlCaptureContext    0000000180003030     kernel32:KERNEL32.dll
 0002:00000038       __imp_DisableThreadLibraryCalls 0000000180003038     kernel32:KERNEL32.dll
 0002:00000040       __imp_GetSystemTimeAsFileTime 0000000180003040     kernel32:KERNEL32.dll
 0002:00000048       __imp_GetCurrentThreadId   0000000180003048     kernel32:KERNEL32.dll
 0002:00000050       __imp_GetCurrentProcessId  0000000180003050     kernel32:KERNEL32.dll
 0002:00000058       __imp_QueryPerformanceCounter 0000000180003058     kernel32:KERNEL32.dll
 0002:00000060       __imp_InitializeSListHead  0000000180003060     kernel32:KERNEL32.dll
 0002:00000068       __imp_LoadLibraryExA       0000000180003068     kernel32:KERNEL32.dll
 0002:00000070       __imp_GetProcAddress       0000000180003070     kernel32:KERNEL32.dll
 0002:00000078       __imp_GetModuleHandleW     0000000180003078     kernel32:KERNEL32.dll
 0002:00000080       __imp_FreeLibrary          0000000180003080     kernel32:KERNEL32.dll
 0002:00000088       __imp_VirtualQuery         0000000180003088     kernel32:KERNEL32.dll
 0002:00000090       __imp_VirtualProtect       0000000180003090     kernel32:KERNEL32.dll
 0002:00000098       __imp_GetSystemInfo        0000000180003098     kernel32:KERNEL32.dll
 0002:000000a0       __imp_GetLastError         00000001800030a0     kernel32:KERNEL32.dll
 0002:000000a8       __imp_RaiseException       00000001800030a8     kernel32:KERNEL32.dll
 0002:000000b0       __imp_IsProcessorFeaturePresent 00000001800030b0     kernel32:KERNEL32.dll
 0002:000000b8       \177KERNEL32_NULL_THUNK_DATA 00000001800030b8     kernel32:KERNEL32.dll
 0002:000000c0       __imp___C_specific_handler 00000001800030c0     vcruntime:VCRUNTIME140.dll
 0002:000000c8       __imp__purecall            00000001800030c8     vcruntime:VCRUNTIME140.dll
 0002:000000d0       __imp___std_type_info_name 00000001800030d0     vcruntime:VCRUNTIME140.dll
 0002:000000d8       __imp_strstr               00000001800030d8     vcruntime:VCRUNTIME140.dll
 0002:000000e0       __imp___std_type_info_destroy_list 00000001800030e0     vcruntime:VCRUNTIME140.dll
 0002:000000e8       __imp_memset               00000001800030e8     vcruntime:VCRUNTIME140.dll
 0002:000000f0       __imp_memcpy               00000001800030f0     vcruntime:VCRUNTIME140.dll
 0002:000000f8       \177VCRUNTIME140_NULL_THUNK_DATA 00000001800030f8     vcruntime:VCRUNTIME140.dll
 0002:00000100       __imp_free                 0000000180003100     ucrt:api-ms-win-crt-heap-l1-1-0.dll
 0002:00000108       \177api-ms-win-crt-heap-l1-1-0_NULL_THUNK_DATA 0000000180003108     ucrt:api-ms-win-crt-heap-l1-1-0.dll
 0002:00000110       __imp__initterm            0000000180003110     ucrt:api-ms-win-crt-runtime-l1-1-0.dll
 0002:00000118       __imp__initterm_e          0000000180003118     ucrt:api-ms-win-crt-runtime-l1-1-0.dll
 0002:00000120       __imp__seh_filter_dll      0000000180003120     ucrt:api-ms-win-crt-runtime-l1-1-0.dll
 0002:00000128       __imp__configure_narrow_argv 0000000180003128     ucrt:api-ms-win-crt-runtime-l1-1-0.dll
 0002:00000130       __imp__initialize_narrow_environment 0000000180003130     ucrt:api-ms-win-crt-runtime-l1-1-0.dll
 0002:00000138       __imp__initialize_onexit_table 0000000180003138     ucrt:api-ms-win-crt-runtime-l1-1-0.dll
 0002:00000140       __imp__execute_onexit_table 0000000180003140     ucrt:api-ms-win-crt-runtime-l1-1-0.dll
 0002:00000148       __imp__cexit               0000000180003148     ucrt:api-ms-win-crt-runtime-l1-1-0.dll
 0002:00000150       \177api-ms-win-crt-runtime-l1-1-0_NULL_THUNK_DATA 0000000180003150     ucrt:api-ms-win-crt-runtime-l1-1-0.dll
 0002:00000158       __guard_check_icall_fptr   0000000180003158     MSVCRT:guard_support.obj
 0002:00000160       __guard_xfg_check_icall_fptr 0000000180003160     MSVCRT:guard_support.obj
 0002:00000168       __guard_dispatch_icall_fptr 0000000180003168     MSVCRT:guard_support.obj
 0002:00000170       __guard_xfg_dispatch_icall_fptr 0000000180003170     MSVCRT:guard_support.obj
 0002:00000178       __guard_xfg_table_dispatch_icall_fptr 0000000180003178     MSVCRT:guard_support.obj
 0002:00000180       __castguard_check_failure_os_handled_fptr 0000000180003180     MSVCRT:guard_support.obj
 0002:00000188       __guard_memcpy_fptr        0000000180003188     vcruntime:softmemtag.obj
 0002:00000190       __xc_a                     0000000180003190     MSVCRT:initializers.obj
 0002:000001c8       __xc_z                     00000001800031c8     MSVCRT:initializers.obj
 0002:000001d0       __xi_a                     00000001800031d0     MSVCRT:initializers.obj
 0002:000001d8       __xi_z                     00000001800031d8     MSVCRT:initializers.obj
 0002:000001e0       __xp_a                     00000001800031e0     MSVCRT:initializers.obj
 0002:000001e8       __xp_z                     00000001800031e8     MSVCRT:initializers.obj
 0002:000001f0       __xt_a                     00000001800031f0     MSVCRT:initializers.obj
 0002:000001f8       __xt_z                     00000001800031f8     MSVCRT:initializers.obj
 0002:00000220       ??_7PxFoundation@physx@@6B@ 0000000180003220     Cooking.obj
 0002:00000290       ??_C@_0IG@EGOAHJIN@F?3?2Unreal?5Projects?2AB?5platforme@ 0000000180003290     Cooking.obj
 0002:00000320       ??_C@_0HP@HHJBOMKN@F?3?2Unreal?5Projects?2AB?5platforme@ 0000000180003320     Cooking.obj
 0002:000003a0       ??_C@_0BM@OIFKLHDN@?$DMallocation?5names?5disabled?$DO@ 00000001800033a0     Cooking.obj
 0002:000003c0       __xmm@000000003a83126f3a83126f3a83126f 00000001800033c0     Cooking.obj
 0002:000003d0       __xmm@00000000ba83126fba83126fba83126f 00000001800033d0     Cooking.obj
 0002:000003e0       __xmm@3a83126f3a83126f3a83126f3a83126f 00000001800033e0     Cooking.obj
 0002:000003f0       __xmm@ba83126fba83126fba83126fba83126f 00000001800033f0     Cooking.obj
 0002:00000400       ??_C@_0BA@EGLNOO@PhysXFoundation@ 0000000180003400     WindowsCookingDelayLoadHook.obj
 0002:00000410       ??_C@_0M@ILKNCJKN@PhysXCommon@ 0000000180003410     WindowsCookingDelayLoadHook.obj
 0002:00000420       __sz_PhysXCommon_64_dll    0000000180003420     PhysXCommon_64:PhysXCommon_64.dll
 0002:00000440       __sz_PhysXFoundation_64_dll 0000000180003440     PhysXFoundation_64:PhysXFoundation_64.dll
 0002:00000458       ??_C@_1BK@DBDEIDLH@?$AAK?$AAE?$AAR?$AAN?$AAE?$AAL?$AA3?$AA2?$AA?4?$AAD?$AAL?$AAL@ 0000000180003458     Delayimp:delayhlp.obj
 0002:00000478       ??_C@_0BI@OMNLIJDB@AcquireSRWLockExclusive@ 0000000180003478     Delayimp:delayhlp.obj
 0002:00000490       ??_C@_0BI@HMIEPCNJ@ReleaseSRWLockExclusive@ 0000000180003490     Delayimp:delayhlp.obj
 0002:000004a8       __pfnDliFailureHook2       00000001800034a8     Delayimp:delayhk1.obj
 0002:000004b8       ??_7type_info@@6B@         00000001800034b8     MSVCRT:std_type_info_static.obj
 0002:000004c0       _pDefaultRawDllMain        00000001800034c0     MSVCRT:dll_dllmain.obj
 0002:000004c0       _pRawDllMain               00000001800034c0     MSVCRT:dll_dllmain.obj
 0002:000004d0       _load_config_used          00000001800034d0     MSVCRT:loadcfg.obj
 0002:00000610       __xmm@ffffffffffffffffffffffffffffffff 0000000180003610     MSVCRT:utility.obj
 0002:00000680       ??_R4type_info@@6B@        0000000180003680     MSVCRT:std_type_info_static.obj
 0002:000006a8       ??_R3type_info@@8          00000001800036a8     MSVCRT:std_type_info_static.obj
 0002:000006c0       ??_R2type_info@@8          00000001800036c0     MSVCRT:std_type_info_static.obj
 0002:000006d0       ??_R1A@?0A@EA@type_info@@8 00000001800036d0     MSVCRT:std_type_info_static.obj
 0002:000006f4       __volatile_metadata        00000001800036f4     <linker-defined>
 0002:00000b68       __rtc_iaa                  0000000180003b68     MSVCRT:initsect.obj
 0002:00000b70       __rtc_izz                  0000000180003b70     MSVCRT:initsect.obj
 0002:00000b78       __rtc_taa                  0000000180003b78     MSVCRT:initsect.obj
 0002:00000b80       __rtc_tzz                  0000000180003b80     MSVCRT:initsect.obj
 0002:00000e64       __DELAY_IMPORT_DESCRIPTOR_physxcommon_64_dll 0000000180003e64     PhysXCommon_64:PhysXCommon_64.dll
 0002:00000e84       __DELAY_IMPORT_DESCRIPTOR_physxfoundation_64_dll 0000000180003e84     PhysXFoundation_64:PhysXFoundation_64.dll
 0002:00000ea4       __NULL_DELAY_IMPORT_DESCRIPTOR 0000000180003ea4     PhysXCommon_64:PhysXCommon_64.dll
 0002:00000f80       \177PhysXCommon_64_NULL_THUNK_DATA_DLN 0000000180003f80     PhysXCommon_64:PhysXCommon_64.dll
 0002:00000f90       \177PhysXFoundation_64_NULL_THUNK_DATA_DLN 0000000180003f90     PhysXFoundation_64:PhysXFoundation_64.dll
 0002:00001220       \177PhysXCommon_64_NULL_THUNK_DATA_DLB 0000000180004220     PhysXCommon_64:PhysXCommon_64.dll
 0002:000012e0       \177PhysXFoundation_64_NULL_THUNK_DATA_DLB 00000001800042e0     PhysXFoundation_64:PhysXFoundation_64.dll
 0002:00001de8       __IMPORT_DESCRIPTOR_KERNEL32 0000000180004de8     kernel32:KERNEL32.dll
 0002:00001dfc       __IMPORT_DESCRIPTOR_VCRUNTIME140 0000000180004dfc     vcruntime:VCRUNTIME140.dll
 0002:00001e10       __IMPORT_DESCRIPTOR_api-ms-win-crt-heap-l1-1-0 0000000180004e10     ucrt:api-ms-win-crt-heap-l1-1-0.dll
 0002:00001e24       __IMPORT_DESCRIPTOR_api-ms-win-crt-runtime-l1-1-0 0000000180004e24     ucrt:api-ms-win-crt-runtime-l1-1-0.dll
 0002:00001e38       __NULL_IMPORT_DESCRIPTOR   0000000180004e38     kernel32:KERNEL32.dll
 0003:00000000       __pfnDliNotifyHook2        0000000180006000     WindowsCookingDelayLoadHook.obj
 0003:00000008       _fltused                   0000000180006008     MSVCRT:fltused.obj
 0003:0000000c       __scrt_native_dllmain_reason 000000018000600c     MSVCRT:utility.obj
 0003:00000010       __security_cookie_complement 0000000180006010     MSVCRT:gs_cookie.obj
 0003:00000018       __security_cookie          0000000180006018     MSVCRT:gs_cookie.obj
 0003:00000020       __isa_available            0000000180006020     MSVCRT:cpu_disp.obj
 0003:00000024       __isa_enabled              0000000180006024     MSVCRT:cpu_disp.obj
 0003:00000028       __memset_fast_string_threshold 0000000180006028     MSVCRT:cpu_disp.obj
 0003:00000030       __memset_nt_threshold      0000000180006030     MSVCRT:cpu_disp.obj
 0003:00000038       __scrt_ucrt_dll_is_in_use  0000000180006038     MSVCRT:ucrt_stubs.obj
 0003:00000040       ??_R0?AVBVH@Gu@physx@@@8   0000000180006040     Cooking.obj
 0003:00000068       ??_R0?AVBV4TriangleMesh@Gu@physx@@@8 0000000180006068     Cooking.obj
 0003:00000098       ??_R0?AUSlab@NodeAllocator@Gu@physx@@@8 0000000180006098     Cooking.obj
 0003:000000d0       ??_R0?AVtype_info@@@8      00000001800060d0     MSVCRT:std_type_info_static.obj
 0003:000000f0       __imp_getInsertionCallback 00000001800060f0     PhysXCommon_64:PhysXCommon_64.dll
 0003:000000f8       __imp_??0BV4TriangleMesh@Gu@physx@@QEAA@AEBUPxTriangleMeshInternalData@2@@Z 00000001800060f8     PhysXCommon_64:PhysXCommon_64.dll
 0003:00000100       __imp_cookBVH              0000000180006100     PhysXCommon_64:PhysXCommon_64.dll
 0003:00000108       __imp_createBVH            0000000180006108     PhysXCommon_64:PhysXCommon_64.dll
 0003:00000110       __imp_cookHeightField      0000000180006110     PhysXCommon_64:PhysXCommon_64.dll
 0003:00000118       __imp_createHeightField    0000000180006118     PhysXCommon_64:PhysXCommon_64.dll
 0003:00000120       __imp_cookConvexMesh       0000000180006120     PhysXCommon_64:PhysXCommon_64.dll
 0003:00000128       __imp_createConvexMesh     0000000180006128     PhysXCommon_64:PhysXCommon_64.dll
 0003:00000130       __imp_validateConvexMesh   0000000180006130     PhysXCommon_64:PhysXCommon_64.dll
 0003:00000138       __imp_computeHullPolygons  0000000180006138     PhysXCommon_64:PhysXCommon_64.dll
 0003:00000140       __imp_validateTriangleMesh 0000000180006140     PhysXCommon_64:PhysXCommon_64.dll
 0003:00000148       __imp_createTriangleMesh   0000000180006148     PhysXCommon_64:PhysXCommon_64.dll
 0003:00000150       __imp_cookTriangleMesh     0000000180006150     PhysXCommon_64:PhysXCommon_64.dll
 0003:00000158       __imp_cookTetrahedronMesh  0000000180006158     PhysXCommon_64:PhysXCommon_64.dll
 0003:00000160       __imp_createTetrahedronMesh 0000000180006160     PhysXCommon_64:PhysXCommon_64.dll
 0003:00000168       __imp_cookDeformableVolumeMesh 0000000180006168     PhysXCommon_64:PhysXCommon_64.dll
 0003:00000170       __imp_createDeformableVolumeMesh 0000000180006170     PhysXCommon_64:PhysXCommon_64.dll
 0003:00000178       __imp_computeModelsMapping 0000000180006178     PhysXCommon_64:PhysXCommon_64.dll
 0003:00000180       __imp_computeCollisionData 0000000180006180     PhysXCommon_64:PhysXCommon_64.dll
 0003:00000188       __imp_computeSimulationData 0000000180006188     PhysXCommon_64:PhysXCommon_64.dll
 0003:00000190       __imp_assembleDeformableVolumeMesh 0000000180006190     PhysXCommon_64:PhysXCommon_64.dll
 0003:00000198       __imp_?release@AABBTreeBounds@Gu@physx@@QEAAXXZ 0000000180006198     PhysXCommon_64:PhysXCommon_64.dll
 0003:000001a0       __imp_??0BVH@Gu@physx@@QEAA@AEBUPxBVHInternalData@2@@Z 00000001800061a0     PhysXCommon_64:PhysXCommon_64.dll
 0003:000001a8       \177PhysXCommon_64_NULL_THUNK_DATA_DLA 00000001800061a8     PhysXCommon_64:PhysXCommon_64.dll
 0003:000001b0       __imp_PxGetBroadcastAllocator 00000001800061b0     PhysXFoundation_64:PhysXFoundation_64.dll
 0003:000001b8       \177PhysXFoundation_64_NULL_THUNK_DATA_DLA 00000001800061b8     PhysXFoundation_64:PhysXFoundation_64.dll
 0003:00000228       __hmod__PhysXCommon_64_dll 0000000180006228     PhysXCommon_64:PhysXCommon_64.dll
 0003:00000230       __hmod__PhysXFoundation_64_dll 0000000180006230     PhysXFoundation_64:PhysXFoundation_64.dll
 0003:00000238       ?DloadKernel32@@3PEAUHINSTANCE__@@EA 0000000180006238     Delayimp:delayhlp.obj
 0003:00000240       ?DloadAcquireSRWLockExclusive@@3P6AXPEA_K@ZEA 0000000180006240     Delayimp:delayhlp.obj
 0003:00000248       ?DloadReleaseSRWLockExclusive@@3P6AXPEA_K@ZEA 0000000180006248     Delayimp:delayhlp.obj
 0003:00000250       ?DloadSrwLock@@3_KA        0000000180006250     Delayimp:delayhlp.obj
 0003:00000258       ?DloadSectionLockCount@@3KA 0000000180006258     Delayimp:delayhlp.obj
 0003:0000025c       ?DloadSectionOldProtection@@3KA 000000018000625c     Delayimp:delayhlp.obj
 0003:00000260       ?DloadSectionCommitPermanent@@3KA 0000000180006260     Delayimp:delayhlp.obj
 0003:00000270       ?__type_info_root_node@@3U__type_info_node@@A 0000000180006270     MSVCRT:tncleanup.obj
 0003:00000288       ?_OptionsStorage@?1??__local_stdio_printf_options@@9@4_KA 0000000180006288     MSVCRT:default_local_stdio_options.obj
 0003:00000290       ?_OptionsStorage@?1??__local_stdio_scanf_options@@9@4_KA 0000000180006290     MSVCRT:default_local_stdio_options.obj
 0003:00000298       __scrt_current_native_startup_state 0000000180006298     MSVCRT:utility.obj
 0003:000002a0       __scrt_native_startup_lock 00000001800062a0     MSVCRT:utility.obj
 0003:000002e0       __scrt_debugger_hook_flag  00000001800062e0     MSVCRT:utility_desktop.obj
 0003:000002e4       __favor                    00000001800062e4     MSVCRT:cpu_disp.obj
 0003:000002e8       __dyn_tls_init_callback    00000001800062e8     <common>

 entry point at        0001:000015e8

 Static symbols

 0000:ffff6000       .debug$S                   0000000180000000     PhysXCooking_64.exp
 0000:ffff6000       .debug$S                   0000000180000000     ucrt:api-ms-win-crt-heap-l1-1-0.dll
 0000:ffff6000       .debug$S                   0000000180000000     ucrt:api-ms-win-crt-runtime-l1-1-0.dll
 0000:ffff6000       .debug$S                   0000000180000000     ucrt:api-ms-win-crt-runtime-l1-1-0.dll
 0000:ffff6000       .debug$S                   0000000180000000     ucrt:api-ms-win-crt-runtime-l1-1-0.dll
 0000:ffff6000       .debug$S                   0000000180000000     ucrt:api-ms-win-crt-runtime-l1-1-0.dll
 0000:ffff6000       .debug$S                   0000000180000000     ucrt:api-ms-win-crt-runtime-l1-1-0.dll
 0000:ffff6000       .debug$S                   0000000180000000     ucrt:api-ms-win-crt-runtime-l1-1-0.dll
 0000:ffff6000       .debug$S                   0000000180000000     ucrt:api-ms-win-crt-runtime-l1-1-0.dll
 0000:ffff6000       .debug$S                   0000000180000000     ucrt:api-ms-win-crt-runtime-l1-1-0.dll
 0000:ffff6000       .debug$S                   0000000180000000     ucrt:api-ms-win-crt-runtime-l1-1-0.dll
 0000:ffff6000       .debug$S                   0000000180000000     ucrt:api-ms-win-crt-runtime-l1-1-0.dll
 0000:ffff6000       .debug$S                   0000000180000000     ucrt:api-ms-win-crt-runtime-l1-1-0.dll
 0000:ffff6000       .debug$S                   0000000180000000     ucrt:api-ms-win-crt-runtime-l1-1-0.dll
 0000:ffff6000       .debug$S                   0000000180000000     kernel32:KERNEL32.dll
 0000:ffff6000       .debug$S                   0000000180000000     kernel32:KERNEL32.dll
 0000:ffff6000       .debug$S                   0000000180000000     kernel32:KERNEL32.dll
 0000:ffff6000       .debug$S                   0000000180000000     kernel32:KERNEL32.dll
 0000:ffff6000       .debug$S                   0000000180000000     kernel32:KERNEL32.dll
 0000:ffff6000       .debug$S                   0000000180000000     kernel32:KERNEL32.dll
 0000:ffff6000       .debug$S                   0000000180000000     kernel32:KERNEL32.dll
 0000:ffff6000       .debug$S                   0000000180000000     kernel32:KERNEL32.dll
 0000:ffff6000       .debug$S                   0000000180000000     kernel32:KERNEL32.dll
 0000:ffff6000       .debug$S                   0000000180000000     kernel32:KERNEL32.dll
 0000:ffff6000       .debug$S                   0000000180000000     kernel32:KERNEL32.dll
 0000:ffff6000       .debug$S                   0000000180000000     kernel32:KERNEL32.dll
 0000:ffff6000       .debug$S                   0000000180000000     kernel32:KERNEL32.dll
 0000:ffff6000       .debug$S                   0000000180000000     kernel32:KERNEL32.dll
 0000:ffff6000       .debug$S                   0000000180000000     kernel32:KERNEL32.dll
 0000:ffff6000       .debug$S                   0000000180000000     kernel32:KERNEL32.dll
 0000:ffff6000       .debug$S                   0000000180000000     kernel32:KERNEL32.dll
 0000:ffff6000       .debug$S                   0000000180000000     kernel32:KERNEL32.dll
 0000:ffff6000       .debug$S                   0000000180000000     kernel32:KERNEL32.dll
 0000:ffff6000       .debug$S                   0000000180000000     kernel32:KERNEL32.dll
 0000:ffff6000       .debug$S                   0000000180000000     kernel32:KERNEL32.dll
 0000:ffff6000       .debug$S                   0000000180000000     kernel32:KERNEL32.dll
 0000:ffff6000       .debug$S                   0000000180000000     kernel32:KERNEL32.dll
 0000:ffff6000       .debug$S                   0000000180000000     kernel32:KERNEL32.dll
 0000:ffff6000       .debug$S                   0000000180000000     PhysXCommon_64:PhysXCommon_64.dll
 0000:ffff6000       .debug$S                   0000000180000000     PhysXCommon_64:PhysXCommon_64.dll
 0000:ffff6000       .debug$S                   0000000180000000     PhysXCommon_64:PhysXCommon_64.dll
 0000:ffff6000       .debug$S                   0000000180000000     PhysXCommon_64:PhysXCommon_64.dll
 0000:ffff6000       .debug$S                   0000000180000000     PhysXCommon_64:PhysXCommon_64.dll
 0000:ffff6000       .debug$S                   0000000180000000     PhysXCommon_64:PhysXCommon_64.dll
 0000:ffff6000       .debug$S                   0000000180000000     PhysXCommon_64:PhysXCommon_64.dll
 0000:ffff6000       .debug$S                   0000000180000000     PhysXCommon_64:PhysXCommon_64.dll
 0000:ffff6000       .debug$S                   0000000180000000     PhysXCommon_64:PhysXCommon_64.dll
 0000:ffff6000       .debug$S                   0000000180000000     PhysXCommon_64:PhysXCommon_64.dll
 0000:ffff6000       .debug$S                   0000000180000000     PhysXCommon_64:PhysXCommon_64.dll
 0000:ffff6000       .debug$S                   0000000180000000     PhysXCommon_64:PhysXCommon_64.dll
 0000:ffff6000       .debug$S                   0000000180000000     PhysXCommon_64:PhysXCommon_64.dll
 0000:ffff6000       .debug$S                   0000000180000000     PhysXCommon_64:PhysXCommon_64.dll
 0000:ffff6000       .debug$S                   0000000180000000     PhysXCommon_64:PhysXCommon_64.dll
 0000:ffff6000       .debug$S                   0000000180000000     PhysXCommon_64:PhysXCommon_64.dll
 0000:ffff6000       .debug$S                   0000000180000000     PhysXCommon_64:PhysXCommon_64.dll
 0000:ffff6000       .debug$S                   0000000180000000     PhysXCommon_64:PhysXCommon_64.dll
 0000:ffff6000       .debug$S                   0000000180000000     PhysXCommon_64:PhysXCommon_64.dll
 0000:ffff6000       .debug$S                   0000000180000000     PhysXCommon_64:PhysXCommon_64.dll
 0000:ffff6000       .debug$S                   0000000180000000     PhysXCommon_64:PhysXCommon_64.dll
 0000:ffff6000       .debug$S                   0000000180000000     PhysXCommon_64:PhysXCommon_64.dll
 0000:ffff6000       .debug$S                   0000000180000000     PhysXCommon_64:PhysXCommon_64.dll
 0000:ffff6000       .debug$S                   0000000180000000     PhysXFoundation_64:PhysXFoundation_64.dll
 0000:ffff6000       .debug$S                   0000000180000000     vcruntime:VCRUNTIME140.dll
 0000:ffff6000       .debug$S                   0000000180000000     vcruntime:VCRUNTIME140.dll
 0000:ffff6000       .debug$S                   0000000180000000     vcruntime:VCRUNTIME140.dll
 0000:ffff6000       .debug$S                   0000000180000000     vcruntime:VCRUNTIME140.dll
 0000:ffff6000       .debug$S                   0000000180000000     vcruntime:VCRUNTIME140.dll
 0000:ffff6000       .debug$S                   0000000180000000     vcruntime:VCRUNTIME140.dll
 0000:ffff6000       .debug$S                   0000000180000000     vcruntime:VCRUNTIME140.dll
 0000:ffff6000       .debug$S                   0000000180000000     vcruntime:VCRUNTIME140.dll
 0000:ffff6000       .debug$S                   0000000180000000     vcruntime:VCRUNTIME140.dll
 0001:00000000       ??__EmaxFError@vecMathTests@aos@physx@@YAXXZ 0000000180001000 f   Cooking.obj
 0001:00000010       ??__EmaxV3Error@vecMathTests@aos@physx@@YAXXZ 0000000180001010 f   Cooking.obj
 0001:00000020       ??__EmaxV4Error@vecMathTests@aos@physx@@YAXXZ 0000000180001020 f   Cooking.obj
 0001:00000030       ??__EminFError@vecMathTests@aos@physx@@YAXXZ 0000000180001030 f   Cooking.obj
 0001:00000040       ??__EminV3Error@vecMathTests@aos@physx@@YAXXZ 0000000180001040 f   Cooking.obj
 0001:00000050       ??__EminV4Error@vecMathTests@aos@physx@@YAXXZ 0000000180001050 f   Cooking.obj
 0001:00000920       $LN24                      0000000180001920     WindowsCookingDelayLoadHook.obj
 0001:000012c8       ?dllmain_crt_dispatch@@YAHQEAUHINSTANCE__@@KQEAX@Z 00000001800022c8 f   MSVCRT:dll_dllmain.obj
 0001:00001318       ?dllmain_crt_process_attach@@YAHQEAUHINSTANCE__@@QEAX@Z 0000000180002318 f   MSVCRT:dll_dllmain.obj
 0001:00001430       ?dllmain_crt_process_detach@@YAH_N@Z 0000000180002430 f   MSVCRT:dll_dllmain.obj
 0001:000014b4       ?dllmain_dispatch@@YAHQEAUHINSTANCE__@@KQEAX@Z 00000001800024b4 f   MSVCRT:dll_dllmain.obj
 0001:00001e60       $$000000                   0000000180002e60     MSVCRT:guard_dispatch.obj
 0001:00001e80       $$000000                   0000000180002e80     MSVCRT:guard_xfg_dispatch.obj
 0001:00001e96       ?fin$0@?0??dllmain_crt_process_attach@@YAHQEAUHINSTANCE__@@QEAX@Z@4HA 0000000180002e96 f   MSVCRT:dll_dllmain.obj
 0001:00001ead       ?fin$0@?0??dllmain_crt_process_detach@@YAH_N@Z@4HA 0000000180002ead f   MSVCRT:dll_dllmain.obj
 0001:00001ec6       ?fin$1@?0??dllmain_crt_process_detach@@YAH_N@Z@4HA 0000000180002ec6 f   MSVCRT:dll_dllmain.obj
 0001:00001eda       ?filt$0@?0??dllmain_dispatch@@YAHQEAUHINSTANCE__@@KQEAX@Z@4HA 0000000180002eda f   MSVCRT:dll_dllmain.obj
 0001:00001f10       __scrt_is_nonwritable_in_current_image$filt$0 0000000180002f10 f   MSVCRT:utility.obj
 0002:00000198       ?minFError$initializer$@vecMathTests@aos@physx@@3P6AXXZEA 0000000180003198     Cooking.obj
 0002:000001a0       ?maxFError$initializer$@vecMathTests@aos@physx@@3P6AXXZEA 00000001800031a0     Cooking.obj
 0002:000001a8       ?minV3Error$initializer$@vecMathTests@aos@physx@@3P6AXXZEA 00000001800031a8     Cooking.obj
 0002:000001b0       ?maxV3Error$initializer$@vecMathTests@aos@physx@@3P6AXXZEA 00000001800031b0     Cooking.obj
 0002:000001b8       ?minV4Error$initializer$@vecMathTests@aos@physx@@3P6AXXZEA 00000001800031b8     Cooking.obj
 0002:000001c0       ?maxV4Error$initializer$@vecMathTests@aos@physx@@3P6AXXZEA 00000001800031c0     Cooking.obj
 0002:00000200       ?minus1w@?A0xd820ccd9@aos@physx@@3QBMB 0000000180003200     Cooking.obj
 0002:00000210       ?gMaskXYZ@internalSimd@aos@physx@@3QBIB 0000000180003210     Cooking.obj
 0002:00000b88       $unwind$??_EPxFoundation@physx@@MEAAPEAXI@Z 0000000180003b88     Cooking.obj
 0002:00000b88       $unwind$?DloadAcquireSectionWriteAccess@@YAXXZ 0000000180003b88     Delayimp:delayhlp.obj
 0002:00000b88       $unwind$??_Gtype_info@@UEAAPEAXI@Z 0000000180003b88     MSVCRT:std_type_info_static.obj
 0002:00000b88       $unwind$__scrt_initialize_crt 0000000180003b88     MSVCRT:utility.obj
 0002:00000b88       $unwind$__scrt_initialize_onexit_tables 0000000180003b88     MSVCRT:utility.obj
 0002:00000b88       $unwind$__scrt_release_startup_lock 0000000180003b88     MSVCRT:utility.obj
 0002:00000b88       $unwind$__scrt_uninitialize_crt 0000000180003b88     MSVCRT:utility.obj
 0002:00000b90       $chain$0$??_EPxFoundation@physx@@MEAAPEAXI@Z 0000000180003b90     Cooking.obj
 0002:00000ba4       $chain$1$??_EPxFoundation@physx@@MEAAPEAXI@Z 0000000180003ba4     Cooking.obj
 0002:00000bb4       $unwind$??1AABBTreeBuildParams@Gu@physx@@QEAA@XZ 0000000180003bb4     Cooking.obj
 0002:00000bb4       $unwind$?reset@AABBTreeBuildParams@Gu@physx@@QEAAXXZ 0000000180003bb4     Cooking.obj
 0002:00000bb4       $unwind$_DllMainCRTStartup 0000000180003bb4     MSVCRT:dll_dllmain.obj
 0002:00000bc4       $unwind$?allocate@?$PxArray@USlab@NodeAllocator@Gu@physx@@V?$PxReflectionAllocator@USlab@NodeAllocator@Gu@physx@@@4@@physx@@IEAAPEAUSlab@NodeAllocator@Gu@2@IPEAI@Z 0000000180003bc4     Cooking.obj
 0002:00000bcc       $chain$0$?allocate@?$PxArray@USlab@NodeAllocator@Gu@physx@@V?$PxReflectionAllocator@USlab@NodeAllocator@Gu@physx@@@4@@physx@@IEAAPEAUSlab@NodeAllocator@Gu@2@IPEAI@Z 0000000180003bcc     Cooking.obj
 0002:00000be0       $chain$3$?allocate@?$PxArray@USlab@NodeAllocator@Gu@physx@@V?$PxReflectionAllocator@USlab@NodeAllocator@Gu@physx@@@4@@physx@@IEAAPEAUSlab@NodeAllocator@Gu@2@IPEAI@Z 0000000180003be0     Cooking.obj
 0002:00000bf8       $chain$4$?allocate@?$PxArray@USlab@NodeAllocator@Gu@physx@@V?$PxReflectionAllocator@USlab@NodeAllocator@Gu@physx@@@4@@physx@@IEAAPEAUSlab@NodeAllocator@Gu@2@IPEAI@Z 0000000180003bf8     Cooking.obj
 0002:00000c08       $unwind$?recreate@?$PxArray@USlab@NodeAllocator@Gu@physx@@V?$PxReflectionAllocator@USlab@NodeAllocator@Gu@physx@@@4@@physx@@IEAAXI@Z 0000000180003c08     Cooking.obj
 0002:00000c14       $chain$0$?recreate@?$PxArray@USlab@NodeAllocator@Gu@physx@@V?$PxReflectionAllocator@USlab@NodeAllocator@Gu@physx@@@4@@physx@@IEAAXI@Z 0000000180003c14     Cooking.obj
 0002:00000c28       $chain$1$?recreate@?$PxArray@USlab@NodeAllocator@Gu@physx@@V?$PxReflectionAllocator@USlab@NodeAllocator@Gu@physx@@@4@@physx@@IEAAXI@Z 0000000180003c28     Cooking.obj
 0002:00000c38       $chain$2$?recreate@?$PxArray@USlab@NodeAllocator@Gu@physx@@V?$PxReflectionAllocator@USlab@NodeAllocator@Gu@physx@@@4@@physx@@IEAAXI@Z 0000000180003c38     Cooking.obj
 0002:00000c4c       $chain$3$?recreate@?$PxArray@USlab@NodeAllocator@Gu@physx@@V?$PxReflectionAllocator@USlab@NodeAllocator@Gu@physx@@@4@@physx@@IEAAXI@Z 0000000180003c4c     Cooking.obj
 0002:00000c5c       $unwind$??$copy@V?$PxReflectionAllocator@USlab@NodeAllocator@Gu@physx@@@physx@@@?$PxArray@USlab@NodeAllocator@Gu@physx@@V?$PxReflectionAllocator@USlab@NodeAllocator@Gu@physx@@@4@@physx@@IEAAXAEBV01@@Z 0000000180003c5c     Cooking.obj
 0002:00000c5c       $unwind$??0NodeAllocator@Gu@physx@@QEAA@AEBV012@@Z 0000000180003c5c     Cooking.obj
 0002:00000c5c       $unwind$?DloadGetSRWLockFunctionPointers@@YAEXZ 0000000180003c5c     Delayimp:delayhlp.obj
 0002:00000c5c       $unwind$_RTC_Initialize    0000000180003c5c     MSVCRT:initsect.obj
 0002:00000c5c       $unwind$_RTC_Terminate     0000000180003c5c     MSVCRT:initsect.obj
 0002:00000c68       $unwind$??4NodeAllocator@Gu@physx@@QEAAAEAV012@AEBV012@@Z 0000000180003c68     Cooking.obj
 0002:00000c7c       $unwind$PxCreateBVHInternal 0000000180003c7c     Cooking.obj
 0002:00000c7c       $unwind$PxCreateTriangleMeshInternal 0000000180003c7c     Cooking.obj
 0002:00000c88       $unwind$?cookingDelayHook@@YAP6A_JXZIPEAUDelayLoadInfo@@@Z 0000000180003c88     WindowsCookingDelayLoadHook.obj
 0002:00000c88       $unwind$?DloadReleaseSectionWriteAccess@@YAXXZ 0000000180003c88     Delayimp:delayhlp.obj
 0002:00000c88       $unwind$__scrt_initialize_default_local_stdio_options 0000000180003c88     MSVCRT:default_local_stdio_options.obj
 0002:00000c88       $unwind$?dllmain_crt_dispatch@@YAHQEAUHINSTANCE__@@KQEAX@Z 0000000180003c88     MSVCRT:dll_dllmain.obj
 0002:00000c88       $unwind$DllMain            0000000180003c88     MSVCRT:dll_dllmain_stub.obj
 0002:00000c88       $unwind$__scrt_acquire_startup_lock 0000000180003c88     MSVCRT:utility.obj
 0002:00000c88       $unwind$__scrt_dllmain_after_initialize_c 0000000180003c88     MSVCRT:utility.obj
 0002:00000c88       $unwind$__scrt_dllmain_before_initialize_c 0000000180003c88     MSVCRT:utility.obj
 0002:00000c88       $unwind$__scrt_dllmain_crt_thread_attach 0000000180003c88     MSVCRT:utility.obj
 0002:00000c88       $unwind$__scrt_dllmain_crt_thread_detach 0000000180003c88     MSVCRT:utility.obj
 0002:00000c88       $unwind$__scrt_dllmain_uninitialize_c 0000000180003c88     MSVCRT:utility.obj
 0002:00000c88       $unwind$__scrt_dllmain_uninitialize_critical 0000000180003c88     MSVCRT:utility.obj
 0002:00000c90       $chain$1$?cookingDelayHook@@YAP6A_JXZIPEAUDelayLoadInfo@@@Z 0000000180003c90     WindowsCookingDelayLoadHook.obj
 0002:00000ca8       $chain$3$?cookingDelayHook@@YAP6A_JXZIPEAUDelayLoadInfo@@@Z 0000000180003ca8     WindowsCookingDelayLoadHook.obj
 0002:00000ca8       $chain$5$?cookingDelayHook@@YAP6A_JXZIPEAUDelayLoadInfo@@@Z 0000000180003ca8     WindowsCookingDelayLoadHook.obj
 0002:00000cc0       $chain$6$?cookingDelayHook@@YAP6A_JXZIPEAUDelayLoadInfo@@@Z 0000000180003cc0     WindowsCookingDelayLoadHook.obj
 0002:00000cd0       xdata                      0000000180003cd0     PhysXCommon_64:PhysXCommon_64.dll
 0002:00000cd8       xdata                      0000000180003cd8     PhysXFoundation_64:PhysXFoundation_64.dll
 0002:00000ce0       $unwind$?DloadObtainSection@@YAPEAXPEAK0@Z 0000000180003ce0     Delayimp:delayhlp.obj
 0002:00000cf0       $unwind$?DloadMakePermanentImageCommit@@YAXPEAX_K@Z 0000000180003cf0     Delayimp:delayhlp.obj
 0002:00000cfc       $unwind$?DloadProtectSection@@YAXKPEAK@Z 0000000180003cfc     Delayimp:delayhlp.obj
 0002:00000d0c       $unwind$__delayLoadHelper2 0000000180003d0c     Delayimp:delayhlp.obj
 0002:00000d28       $unwind$?dllmain_crt_process_attach@@YAHQEAUHINSTANCE__@@QEAX@Z 0000000180003d28     MSVCRT:dll_dllmain.obj
 0002:00000d64       $unwind$?fin$0@?0??dllmain_crt_process_attach@@YAHQEAUHINSTANCE__@@QEAX@Z@4HA 0000000180003d64     MSVCRT:dll_dllmain.obj
 0002:00000d64       $unwind$?fin$0@?0??dllmain_crt_process_detach@@YAH_N@Z@4HA 0000000180003d64     MSVCRT:dll_dllmain.obj
 0002:00000d64       $unwind$?fin$1@?0??dllmain_crt_process_detach@@YAH_N@Z@4HA 0000000180003d64     MSVCRT:dll_dllmain.obj
 0002:00000d6c       $unwind$?dllmain_crt_process_detach@@YAH_N@Z 0000000180003d6c     MSVCRT:dll_dllmain.obj
 0002:00000dc0       $unwind$?dllmain_dispatch@@YAHQEAUHINSTANCE__@@KQEAX@Z 0000000180003dc0     MSVCRT:dll_dllmain.obj
 0002:00000de8       $unwind$?filt$0@?0??dllmain_dispatch@@YAHQEAUHINSTANCE__@@KQEAX@Z@4HA 0000000180003de8     MSVCRT:dll_dllmain.obj
 0002:00000df0       $unwind$__security_init_cookie 0000000180003df0     MSVCRT:gs_support.obj
 0002:00000dfc       $unwind$__scrt_is_nonwritable_in_current_image 0000000180003dfc     MSVCRT:utility.obj
 0002:00000e1c       $unwind$__scrt_is_nonwritable_in_current_image$filt$0 0000000180003e1c     MSVCRT:utility.obj
 0002:00000e24       $unwind$__scrt_dllmain_exception_filter 0000000180003e24     MSVCRT:utility.obj
 0002:00000e38       $unwind$__scrt_fastfail    0000000180003e38     MSVCRT:utility_desktop.obj
 0002:00000e48       $xdatasym                  0000000180003e48     MSVCRT:guard_dispatch.obj
 0002:00000e50       $xdatasym                  0000000180003e50     MSVCRT:guard_xfg_dispatch.obj
 0002:00000e54       $unwind$__isa_available_init 0000000180003e54     MSVCRT:cpu_disp.obj
 0002:000012f0       .edata                     00000001800042f0     PhysXCooking_64.exp
 0002:00001318       rgpv                       0000000180004318     PhysXCooking_64.exp
 0002:000013fc       rgszName                   00000001800043fc     PhysXCooking_64.exp
 0002:000014e0       rgwOrd                     00000001800044e0     PhysXCooking_64.exp
 0002:00001552       szName                     0000000180004552     PhysXCooking_64.exp
 0002:00001566       $N00001                    0000000180004566     PhysXCooking_64.exp
 0002:0000158a       $N00002                    000000018000458a     PhysXCooking_64.exp
 0002:000015b9       $N00003                    00000001800045b9     PhysXCooking_64.exp
 0002:000015e0       $N00004                    00000001800045e0     PhysXCooking_64.exp
 0002:00001637       $N00005                    0000000180004637     PhysXCooking_64.exp
 0002:00001662       $N00006                    0000000180004662     PhysXCooking_64.exp
 0002:00001688       $N00007                    0000000180004688     PhysXCooking_64.exp
 0002:000016a7       $N00008                    00000001800046a7     PhysXCooking_64.exp
 0002:000016cb       $N00009                    00000001800046cb     PhysXCooking_64.exp
 0002:000016f2       $N00010                    00000001800046f2     PhysXCooking_64.exp
 0002:0000171b       $N00011                    000000018000471b     PhysXCooking_64.exp
 0002:0000173a       $N00012                    000000018000473a     PhysXCooking_64.exp
 0002:0000176d       $N00013                    000000018000476d     PhysXCooking_64.exp
 0002:000017a3       $N00014                    00000001800047a3     PhysXCooking_64.exp
 0002:000017db       $N00015                    00000001800047db     PhysXCooking_64.exp
 0002:0000180d       $N00016                    000000018000480d     PhysXCooking_64.exp
 0002:00001839       $N00017                    0000000180004839     PhysXCooking_64.exp
 0002:00001855       $N00018                    0000000180004855     PhysXCooking_64.exp
 0002:0000187f       $N00019                    000000018000487f     PhysXCooking_64.exp
 0002:000018bb       $N00020                    00000001800048bb     PhysXCooking_64.exp
 0002:000018f6       $N00021                    00000001800048f6     PhysXCooking_64.exp
 0002:00001931       $N00022                    0000000180004931     PhysXCooking_64.exp
 0002:00001966       $N00023                    0000000180004966     PhysXCooking_64.exp
 0002:000019a2       $N00024                    00000001800049a2     PhysXCooking_64.exp
 0002:000019d5       $N00025                    00000001800049d5     PhysXCooking_64.exp
 0002:00001a08       $N00026                    0000000180004a08     PhysXCooking_64.exp
 0002:00001a42       $N00027                    0000000180004a42     PhysXCooking_64.exp
 0002:00001a7c       $N00028                    0000000180004a7c     PhysXCooking_64.exp
 0002:00001aa9       $N00029                    0000000180004aa9     PhysXCooking_64.exp
 0002:00001adc       $N00030                    0000000180004adc     PhysXCooking_64.exp
 0002:00001b0a       $N00031                    0000000180004b0a     PhysXCooking_64.exp
 0002:00001b37       $N00032                    0000000180004b37     PhysXCooking_64.exp
 0002:00001b73       $N00033                    0000000180004b73     PhysXCooking_64.exp
 0002:00001bb0       $N00034                    0000000180004bb0     PhysXCooking_64.exp
 0002:00001be0       $N00035                    0000000180004be0     PhysXCooking_64.exp
 0002:00001bff       $N00036                    0000000180004bff     PhysXCooking_64.exp
 0002:00001c16       $N00037                    0000000180004c16     PhysXCooking_64.exp
 0002:00001c2c       $N00038                    0000000180004c2c     PhysXCooking_64.exp
 0002:00001c43       $N00039                    0000000180004c43     PhysXCooking_64.exp
 0002:00001c5b       $N00040                    0000000180004c5b     PhysXCooking_64.exp
 0002:00001c65       $N00041                    0000000180004c65     PhysXCooking_64.exp
 0002:00001c76       $N00042                    0000000180004c76     PhysXCooking_64.exp
 0002:00001c91       $N00043                    0000000180004c91     PhysXCooking_64.exp
 0002:00001ca3       $N00044                    0000000180004ca3     PhysXCooking_64.exp
 0002:00001cb9       $N00045                    0000000180004cb9     PhysXCooking_64.exp
 0002:00001ccc       $N00046                    0000000180004ccc     PhysXCooking_64.exp
 0002:00001cd8       $N00047                    0000000180004cd8     PhysXCooking_64.exp
 0002:00001cec       $N00048                    0000000180004cec     PhysXCooking_64.exp
 0002:00001cff       $N00049                    0000000180004cff     PhysXCooking_64.exp
 0002:00001d1c       $N00050                    0000000180004d1c     PhysXCooking_64.exp
 0002:00001d30       $N00051                    0000000180004d30     PhysXCooking_64.exp
 0002:00001d48       $N00052                    0000000180004d48     PhysXCooking_64.exp
 0002:00001d5d       $N00053                    0000000180004d5d     PhysXCooking_64.exp
 0002:00001d7a       $N00054                    0000000180004d7a     PhysXCooking_64.exp
 0002:00001d9b       $N00055                    0000000180004d9b     PhysXCooking_64.exp
 0002:00001dba       $N00056                    0000000180004dba     PhysXCooking_64.exp
 0002:00001dcf       $N00057                    0000000180004dcf     PhysXCooking_64.exp
 0002:00001fb8       .idata$6                   0000000180004fb8     kernel32:KERNEL32.dll
 0002:00002036       .idata$6                   0000000180005036     vcruntime:VCRUNTIME140.dll
 0002:00002100       .idata$6                   0000000180005100     ucrt:api-ms-win-crt-heap-l1-1-0.dll
 0002:00002120       .idata$6                   0000000180005120     ucrt:api-ms-win-crt-runtime-l1-1-0.dll
 0003:000001c0       ?maxV3Error@vecMathTests@aos@physx@@3T__m128@@B 00000001800061c0     Cooking.obj
 0003:000001d0       ?minFError@vecMathTests@aos@physx@@3T__m128@@B 00000001800061d0     Cooking.obj
 0003:000001e0       ?maxV4Error@vecMathTests@aos@physx@@3T__m128@@B 00000001800061e0     Cooking.obj
 0003:000001f0       ?minV4Error@vecMathTests@aos@physx@@3T__m128@@B 00000001800061f0     Cooking.obj
 0003:00000200       ?minV3Error@vecMathTests@aos@physx@@3T__m128@@B 0000000180006200     Cooking.obj
 0003:00000210       ?maxFError@vecMathTests@aos@physx@@3T__m128@@B 0000000180006210     Cooking.obj
 0003:00000220       ?gCookingDelayLoadHook@@3PEBVPxDelayLoadHook@physx@@EB 0000000180006220     WindowsCookingDelayLoadHook.obj
 0003:00000280       ?__proc_attached@@3HA      0000000180006280     MSVCRT:dll_dllmain.obj
 0003:000002a8       ?is_initialized_as_dll@@3_NA 00000001800062a8     MSVCRT:utility.obj
 0003:000002a9       ?module_local_atexit_table_initialized@@3_NA 00000001800062a9     MSVCRT:utility.obj
 0003:000002b0       ?module_local_atexit_table@@3U_onexit_table_t@@A 00000001800062b0     MSVCRT:utility.obj
 0003:000002c8       ?module_local_at_quick_exit_table@@3U_onexit_table_t@@A 00000001800062c8     MSVCRT:utility.obj
 0005:000000a0       $R000000                   00000001800080a0     PhysXCooking.res
 0005:000003d0       $R000330                   00000001800083d0     PhysXCooking.res
